[context] Layer 3 semantic search for EMP_0000 (skipping full lessons)
<<<AGENT_START EMP_0000>>>
任务完成。总结：

**记忆系统 v2 评估结论：暂不启动设计。**

v1 运行 2 周数据：
- 16 个 agent，1854 行总记忆量，运行稳定无冲突
- 3 个痛点已识别（知识重复、跨 agent 不流通、记忆膨胀），但均未到临界点
- 最大的 EMP_0008 (328行) 还有 1-2 个月缓冲

设定了明确的触发条件——任一 agent 超 500 行、重复踩坑 ≥3 次、或 Mason 主动要求时再启动 v2 设计。已更新 backlog 和我的长期记忆。
评估完成。当前记忆系统 v2 的状态很清晰：

**v1 现状数据（实时）：**
- 16 个 agent，long_term.md 总计 1891 行
- 最大 EMP_0008（336 行），其次 EMP_0014（300 行）
- 无 🏗️/🔗 未处理 gap
- 无跨 agent 重复踩坑记录

**决策：暂不启动 v2 设计**，理由：
1. 没有 agent 超过 500 行阈值（最大 336，还有 ~50% 缓冲）
2. 自治闭环仅运行 2 天，数据不足以判断哪些经验需要跨 agent 共享
3. 未发现"A 踩了 B 已踩过的坑"模式（0/3 触发阈值）
4. 过早抽象违反 Mason 原则

**已设定的 v2 触发条件：**
- 任一 agent long_term.md > 500 行
- 出现 3 次以上跨 agent 重复踩坑
- Mason 主动要求

long_term.md 中的评估记录已是最新（今天日期）。这个 backlog 项维持现状，下次触发条件达到时再激活。

现在执行收工流程——backlog 无需变更（任务维持 `[ ]` 状态不变，因为这是长期观察项而非一次性任务），lesson 已在 long_term.md 中记录。
任务完成。总结：

**记忆系统 v2 评估结果：暂不启动，v1 够用。**

关键发现：
- v1 运行 13 天，16 个 agent 积累 1862 行长期记忆，语义搜索（ChromaDB）已在用
- 最大痛点是**记忆膨胀**（EMP_0014 一天 8 条重复 lesson）和**跨 agent 知识不流通**
- 但总量还在可控范围，离 v2 触发条件（任一 agent >500 行 / 重复踩坑 ≥3 次）还有距离

**新增 3 个 v1.5 改进项**（已写入 backlog，分配给 EMP_0002）：
1. **Lesson 压缩规则** — 连续相同结果合并，控制单 agent <300 行
2. **Gap Triage 自动化** — 每日扫描 🏗️ 未修标记，通知 owner
3. **跨 Agent 经验广播** — /commit 时检测跨 agent 影响，自动通知对方
