Lock acquired: lane=platform agent=EMP_0002 task=unknown timeout=20m
[context] Layer 3 semantic search for EMP_0002 (skipping full lessons)
<<<AGENT_START EMP_0002>>>
--- Round 1 / 3 ---
[verify] Modified files: scripts/event_router.py
[verify] Test module: full suite
[verify] Running verification...
[verify] Round 1: PASSED
Now let me do the final summary and output:

✅ **任务完成：agent.log 结构化改造**

### 做了什么

| 改动 | 文件 | 说明 |
|------|------|------|
| 🔧 增强 `log_structured()` | `scripts/run-agent.sh` | 支持 `key=value` 扩展字段（round, exit_code, duration, output_bytes 等）+ 自动计算 `elapsed_s` |
| 🔄 日志轮转 | `scripts/run-agent.sh` | 启动时检查 >1MB 自动 gzip 归档，保留最近 5 个 |
| 🧹 历史清理 | `logs/agent.log` | 2007 行 → 146 行纯 JSON，旧数据归档到 `.gz` |
| 🔍 查询工具 | `scripts/log-query.sh` | `--agent/--type/--since/--task-id/--stats` 组合过滤 |
| 📄 Schema 文档 | `shared/protocols/agent-log-schema.md` | 字段规范 + 事件类型 + 与 audit.jsonl 的关系 |
| 📝 Lesson | `agents/EMP_0002/memory/long_term.md` | 改造记录 |
| ✅ Backlog | `tasks/backlog.md` | 任务标记完成（v2） |

### 验证结果
- `bash -n run-agent.sh` ✅ 语法通过
- `log-query.sh --stats` ✅ 正确统计 146 条 JSON 事件
- `log-query.sh --agent EMP_0002 --type start` ✅ 组合过滤正常
- 所有 146 行均为合法 JSON ✅

=== DEV VERIFY LOOP ===
Modified files: scripts/event_router.py
Test module: auto

--- Step 1: Syntax Check ---
  ✓ scripts/event_router.py
Syntax check passed

--- Step 2: Skipped (no test module specified) ---

--- Step 3: Full Regression ---
[service] Starting backend...
[service] Backend ready (5s, PID=907031)
=== BACKEND TESTS ===
Target: /home/hangn/surenxuan/backend/tests
Marker: none
---
============================= test session starts ==============================
collected 60 items

backend/tests/test_customers.py .ss...                                   [ 10%]
backend/tests/test_finance.py ...                                        [ 15%]
backend/tests/test_intelligence.py ..                                    [ 18%]
backend/tests/test_market_dashboard.py ...................               [ 50%]
backend/tests/test_purchases.py ssssss                                   [ 60%]
backend/tests/test_sales.py sssssss.ss                                   [ 76%]
backend/tests/test_selection.py ....                                     [ 83%]
backend/tests/test_smoke.py ..........                                   [100%]

======================== 43 passed, 17 skipped in 9.08s ========================
---
=== SUMMARY ===
Passed: 43
Failed: 0
Errors: 0
Exit code: 0
[service] Backend stopped (PGID=907031)

=== ALL VERIFICATION PASSED ===
/home/hangn/mason-hub/skills/dev-tools/run-backend-tests.sh: line 35: 907033 Killed                  DEV_MODE=true setsid python3 -m uvicorn main:app --host 127.0.0.1 --port 8000 --log-level warning > "$STARTUP_LOG" 2>&1
/home/hangn/mason-hub/scripts/run-agent.sh: line 781: LESSONS_FILE: unbound variable
Lock released: lane=platform agent=EMP_0002
