Lock acquired: lane=platform agent=EMP_0014 task=unknown timeout=20m
[context] Layer 3 semantic search for EMP_0014 (skipping full lessons)
<<<AGENT_START EMP_0014>>>
Commit 成功。任务完成。

## 任务总结

### 完成内容

**XHS 主干管道标准接口改造** — 消费端不再手工读文件，统一走 SDK

| 产出 | 路径 | 说明 |
|------|------|------|
| **pipeline.py** | `data/tools/pipeline.py` | 管道状态查询 `get_pipeline_status()` + 数据装配 `assemble_optimization_data()` |
| **assemble-data.py** | `data/pipelines/assemble-data.py` | CLI 工具（`--json` / `--status` / `--field`），供 bash 脚本调用 |
| **optimization-cycle.sh** | `skills/agent-ops/optimization-cycle.sh` | Step 1 + Gate 1 从 120 行手工 SSH/ls/cat → 1 行 SDK 调用 |
| **SDK 升级** | `data/tools/__init__.py` | v0.1.0 → v0.2.0，导出 `get_pipeline_status` + `assemble_optimization_data` |

### 改造效果

| 指标 | 改造前 | 改造后 |
|------|--------|--------|
| optimization-cycle.sh Step 1 代码量 | ~120 行 bash | ~20 行（1 行 SDK 调用 + 字段提取） |
| 数据源读取方式 | `ls -t`/`cat`/内嵌 Python/`stat` | `sdk.get_xhs_briefing()` / `sdk.get_scout_intel()` |
| Fallback 逻辑 | 每种数据源各自实现 | SDK 统一处理 |
| Gate 1 判定 | bash 手算 source_count | `assemble_optimization_data()` 内置判定 |
| 变量名兼容性 | — | ✅ 100% 向后兼容（RADAR_REPORT/LATEST_DIGEST/XHS_BRIEFING/GATE1_RESULT） |

### 验证结果
- 4/4 数据源通过 SDK 读取成功（Radar/Scout JSONL/XHS briefing/TrendRadar）
- `bash -n` + `ast.parse()` 语法检查全通过
- Gate 1 判定: `PASS — 4/4 个数据源可用`
Lock released: lane=platform agent=EMP_0014
