[2026-03-10 18:43:52] Event watcher 启动，监听 /home/hangn/mason-hub/data/events/queue.jsonl
[2026-03-10 18:44:01] 检测到文件变化: MODIFY
[2026-03-10 18:44:02] 发现 2 条新事件 (offset=0)
[2026-03-10 18:44:02] 处理事件: health-check-all-green (来源: manual-test)
[2026-03-10 18:44:02]   保存到 pending: 不在执行时间窗口 (CST 08:00-22:00)
[2026-03-10 18:44:02] 处理事件: blocker-resolved (来源: manual-test)
[2026-03-10 18:44:02]   保存到 pending: 不在执行时间窗口 (CST 08:00-22:00)
[2026-03-10 18:44:02] 处理完成
[2026-03-10 19:54:51] 检测到文件变化: MODIFY
[2026-03-10 19:54:52] 发现 1 条新事件 (offset=2)
[2026-03-10 19:54:52] 处理事件: health-check-failed (来源: data_health_check.sh)
[2026-03-10 19:54:52]   保存到 pending: 不在执行时间窗口 (CST 08:00-22:00)
[2026-03-10 19:54:52] 处理完成
[2026-03-10 21:28:38] 检测到文件变化: MODIFY
[2026-03-10 21:28:39] 发现 1 条新事件 (offset=3)
[2026-03-10 21:28:39] 处理事件: health-check-failed (来源: data_health_check.sh)
[2026-03-10 21:28:39]   保存到 pending: 不在执行时间窗口 (CST 08:00-22:00)
[2026-03-10 21:28:39] 处理完成
[2026-03-10 23:13:57] 检测到文件变化: MODIFY
[2026-03-10 23:13:58] 发现 1 条新事件 (offset=4)
[2026-03-10 23:13:58] 处理事件: health-check-failed (来源: data_health_check.sh)
[2026-03-10 23:13:58]   保存到 pending: 不在执行时间窗口 (CST 08:00-22:00)
[2026-03-10 23:13:58] 处理完成
[2026-03-10 23:28:15] 检测到文件变化: MODIFY
[2026-03-10 23:28:16] 发现 1 条新事件 (offset=5)
[2026-03-10 23:28:16] 处理事件: health-check-failed (来源: data_health_check.sh)
[2026-03-10 23:28:16]   保存到 pending: 不在执行时间窗口 (CST 08:00-22:00)
[2026-03-10 23:28:16] 处理完成
[2026-03-10 23:35:53] 检测到文件变化: MODIFY
[2026-03-10 23:35:54] 发现 1 条新事件 (offset=6)
[2026-03-10 23:35:54] 处理事件: health-check-failed (来源: data_health_check.sh)
[2026-03-10 23:35:54]   保存到 pending: 不在执行时间窗口 (CST 08:00-22:00)
[2026-03-10 23:35:54] 处理完成
[2026-03-10 23:43:24] 检测到文件变化: MODIFY
[2026-03-10 23:43:25] 发现 1 条新事件 (offset=7)
[2026-03-10 23:43:25] 处理事件: health-check-failed (来源: data_health_check.sh)
[2026-03-10 23:43:25]   保存到 pending: 不在执行时间窗口 (CST 08:00-22:00)
[2026-03-10 23:43:25] 处理完成
[2026-03-11 00:55:26] 检测到文件变化: MODIFY
[2026-03-11 00:55:27] 发现 1 条新事件 (offset=8)
[2026-03-11 00:55:27] 处理事件: health-check-failed (来源: data_health_check.sh)
[2026-03-11 00:55:27]   SYSTEM_MAP 待更新: 数据线 → blocked
[2026-03-11 00:55:27]   Slack webhook 未配置，跳过: ⚠️ data_health_check 出现失败
```{"ok": 10, "total": 15, "errors": 4}```
[2026-03-11 00:55:27] 处理完成
[2026-03-11 01:01:26] 检测到文件变化: MODIFY
[2026-03-11 01:01:27] 发现 1 条新事件 (offset=9)
[2026-03-11 01:01:27] 处理事件: health-check-failed (来源: data_health_check.sh)
[2026-03-11 01:01:27]   SYSTEM_MAP 待更新: 数据线 → blocked
[2026-03-11 01:01:27]   Slack webhook 未配置，跳过: ⚠️ data_health_check 出现失败
```{"ok": 10, "total": 15, "errors": 4}```
[2026-03-11 01:01:27] 处理完成
[2026-03-11 01:15:33] 检测到文件变化: MODIFY
[2026-03-11 01:15:34] 发现 1 条新事件 (offset=10)
[2026-03-11 01:15:34] 处理事件: health-check-failed (来源: data_health_check.sh)
[2026-03-11 01:15:34]   SYSTEM_MAP 待更新: 数据线 → blocked
[2026-03-11 01:15:34]   Slack webhook 未配置，跳过: ⚠️ data_health_check 出现失败
```{"ok": 10, "total": 15, "errors": 4}```
[2026-03-11 01:15:34] 处理完成
[2026-03-11 01:51:59] 检测到文件变化: MODIFY
[2026-03-11 01:52:00] 发现 1 条新事件 (offset=11)
[2026-03-11 01:52:00] 处理事件: health-check-failed (来源: data_health_check.sh)
[2026-03-11 01:52:00]   SYSTEM_MAP 待更新: 数据线 → blocked
[2026-03-11 01:52:00] 处理完成
[2026-03-11 01:58:31] 检测到文件变化: MODIFY
[2026-03-11 01:58:32] 发现 1 条新事件 (offset=12)
[2026-03-11 01:58:32] 处理事件: health-check-failed (来源: data_health_check.sh)
[2026-03-11 01:58:32]   SYSTEM_MAP 待更新: 数据线 → blocked
[2026-03-11 01:58:32] 处理完成
[2026-03-11 02:00:03] 检测到文件变化: MODIFY
[2026-03-11 02:00:04] 发现 2 条新事件 (offset=13)
[2026-03-11 02:00:04] 处理事件: dispatcher-task-start (来源: dispatcher.sh)
[2026-03-11 02:00:04]   无匹配路由，跳过
[2026-03-11 02:00:04] 处理事件: agent-task-started (来源: dispatcher.sh)
[2026-03-11 02:00:04]   无匹配路由，跳过
[2026-03-11 02:00:04] 处理完成
[2026-03-11 02:00:04] 检测到文件变化: MODIFY
[2026-03-11 02:00:05] 无新事件
[2026-03-11 02:00:05] 处理完成
[2026-03-11 02:00:39] 检测到文件变化: MODIFY
[2026-03-11 02:00:40] 发现 1 条新事件 (offset=15)
[2026-03-11 02:00:40] 处理事件: health-check-failed (来源: data_health_check.sh)
[2026-03-11 02:00:40]   SYSTEM_MAP 待更新: 数据线 → blocked
[2026-03-11 02:00:40] 处理完成
[2026-03-11 02:25:24] 检测到文件变化: MODIFY
[2026-03-11 02:25:25] 发现 1 条新事件 (offset=16)
[2026-03-11 02:25:25] 处理事件: health-check-failed (来源: data_health_check.sh)
[2026-03-11 02:25:25]   SYSTEM_MAP 待更新: 数据线 → blocked
[2026-03-11 02:25:25] 处理完成
[2026-03-11 02:50:00] 检测到文件变化: MODIFY
[2026-03-11 02:50:01] 发现 1 条新事件 (offset=17)
[2026-03-11 02:50:01] 处理事件: health-check-failed (来源: data_health_check.sh)
[2026-03-11 02:50:01]   SYSTEM_MAP 待更新: 数据线 → blocked
[2026-03-11 02:50:01] 处理完成
[2026-03-11 03:00:02] 检测到文件变化: MODIFY
[2026-03-11 03:00:03] 发现 2 条新事件 (offset=18)
[2026-03-11 03:00:03] 处理事件: dispatcher-task-start (来源: dispatcher.sh)
[2026-03-11 03:00:03]   无匹配路由，跳过
[2026-03-11 03:00:03] 处理事件: agent-task-started (来源: dispatcher.sh)
[2026-03-11 03:00:03]   无匹配路由，跳过
[2026-03-11 03:00:03] 处理完成
[2026-03-11 03:00:03] 检测到文件变化: MODIFY
[2026-03-11 03:00:04] 无新事件
[2026-03-11 03:00:04] 处理完成
[2026-03-11 04:43:13] 检测到文件变化: MODIFY
[2026-03-11 04:43:14] 发现 1 条新事件 (offset=20)
[2026-03-11 04:43:14] 处理事件: health-check-failed (来源: data_health_check.sh)
[2026-03-11 04:43:14]   SYSTEM_MAP 待更新: 数据线 → blocked
[2026-03-11 04:43:15] 处理完成
[2026-03-11 04:53:28] 检测到文件变化: MODIFY
[2026-03-11 04:53:29] 发现 1 条新事件 (offset=21)
[2026-03-11 04:53:29] 处理事件: health-check-failed (来源: data_health_check.sh)
[2026-03-11 04:53:29]   SYSTEM_MAP 待更新: 数据线 → blocked
[2026-03-11 04:53:29] 处理完成
[2026-03-11 04:57:10] 检测到文件变化: MODIFY
[2026-03-11 04:57:11] 发现 1 条新事件 (offset=22)
[2026-03-11 04:57:11] 处理事件: health-check-failed (来源: data_health_check.sh)
[2026-03-11 04:57:11]   SYSTEM_MAP 待更新: 数据线 → blocked
[2026-03-11 04:57:11] 处理完成
[2026-03-11 07:27:54] 检测到文件变化: MODIFY
[2026-03-11 07:27:55] 发现 1 条新事件 (offset=23)
[2026-03-11 07:27:55] 处理事件: health-check-failed (来源: data_health_check.sh)
[2026-03-11 07:27:55]   SYSTEM_MAP 待更新: 数据线 → blocked
[2026-03-11 07:27:55] 处理完成
[2026-03-11 07:31:41] 检测到文件变化: MODIFY
[2026-03-11 07:31:42] 发现 1 条新事件 (offset=24)
[2026-03-11 07:31:42] 处理事件: health-check-failed (来源: data_health_check.sh)
[2026-03-11 07:31:42]   SYSTEM_MAP 待更新: 数据线 → blocked
[2026-03-11 07:31:42] 处理完成
[2026-03-11 07:52:03] 检测到文件变化: MODIFY
[2026-03-11 07:52:04] 发现 4 条新事件 (offset=25)
[2026-03-11 07:52:04] 处理事件: dispatcher-task-start (来源: dispatcher.sh)
[2026-03-11 07:52:04]   无匹配路由，跳过
[2026-03-11 07:52:04] 处理事件: agent-task-started (来源: dispatcher.sh)
[2026-03-11 07:52:04]   无匹配路由，跳过
[2026-03-11 07:52:04] 处理事件: dispatcher-task-start (来源: dispatcher.sh)
[2026-03-11 07:52:04]   无匹配路由，跳过
[2026-03-11 07:52:04] 处理事件: agent-task-started (来源: dispatcher.sh)
[2026-03-11 07:52:04]   无匹配路由，跳过
[2026-03-11 07:52:04] 处理完成
[2026-03-11 07:52:04] 检测到文件变化: MODIFY
[2026-03-11 07:52:05] 无新事件
[2026-03-11 07:52:06] 处理完成
[2026-03-11 07:52:06] 检测到文件变化: MODIFY
[2026-03-11 07:52:07] 无新事件
[2026-03-11 07:52:07] 处理完成
[2026-03-11 07:52:07] 检测到文件变化: MODIFY
[2026-03-11 07:52:08] 无新事件
[2026-03-11 07:52:08] 处理完成
[2026-03-11 08:00:01] 检测到文件变化: MODIFY
[2026-03-11 08:00:02] 发现 4 条新事件 (offset=29)
[2026-03-11 08:00:02] 处理事件: dispatcher-task-start (来源: dispatcher.sh)
[2026-03-11 08:00:02]   无匹配路由，跳过
[2026-03-11 08:00:02] 处理事件: agent-task-started (来源: dispatcher.sh)
[2026-03-11 08:00:02]   无匹配路由，跳过
[2026-03-11 08:00:02] 处理事件: dispatcher-task-start (来源: dispatcher.sh)
[2026-03-11 08:00:02]   无匹配路由，跳过
[2026-03-11 08:00:02] 处理事件: agent-task-started (来源: dispatcher.sh)
[2026-03-11 08:00:02]   无匹配路由，跳过
[2026-03-11 08:00:02] 处理完成
[2026-03-11 08:00:02] 检测到文件变化: MODIFY
[2026-03-11 08:00:03] 无新事件
[2026-03-11 08:00:03] 处理完成
[2026-03-11 08:00:03] 检测到文件变化: MODIFY
[2026-03-11 08:00:04] 无新事件
[2026-03-11 08:00:04] 处理完成
[2026-03-11 08:00:04] 检测到文件变化: MODIFY
[2026-03-11 08:00:05] 无新事件
[2026-03-11 08:00:05] 处理完成
[2026-03-11 08:50:19] 检测到文件变化: MODIFY
[2026-03-11 08:50:20] 发现 1 条新事件 (offset=33)
[2026-03-11 08:50:20] 处理事件: health-check-failed (来源: data_health_check.sh)
[2026-03-11 08:50:20]   SYSTEM_MAP 待更新: 数据线 → blocked
[2026-03-11 08:50:21] 处理完成
[2026-03-11 09:00:02] 检测到文件变化: MODIFY
[2026-03-11 09:00:03] 发现 4 条新事件 (offset=34)
[2026-03-11 09:00:03] 处理事件: dispatcher-task-start (来源: dispatcher.sh)
[2026-03-11 09:00:03]   无匹配路由，跳过
[2026-03-11 09:00:03] 处理事件: agent-task-started (来源: dispatcher.sh)
[2026-03-11 09:00:03]   无匹配路由，跳过
[2026-03-11 09:00:03] 处理事件: dispatcher-task-start (来源: dispatcher.sh)
[2026-03-11 09:00:03]   无匹配路由，跳过
[2026-03-11 09:00:03] 处理事件: agent-task-started (来源: dispatcher.sh)
[2026-03-11 09:00:03]   无匹配路由，跳过
[2026-03-11 09:00:03] 处理完成
[2026-03-11 09:00:03] 检测到文件变化: MODIFY
[2026-03-11 09:00:04] 无新事件
[2026-03-11 09:00:04] 处理完成
[2026-03-11 09:00:04] 检测到文件变化: MODIFY
[2026-03-11 09:00:05] 无新事件
[2026-03-11 09:00:05] 处理完成
[2026-03-11 09:00:05] 检测到文件变化: MODIFY
[2026-03-11 09:00:06] 无新事件
[2026-03-11 09:00:06] 处理完成
[2026-03-11 09:53:50] 检测到文件变化: MODIFY
[2026-03-11 09:53:51] 发现 1 条新事件 (offset=38)
[2026-03-11 09:53:51] 处理事件: health-check-failed (来源: data_health_check.sh)
[2026-03-11 09:53:51]   SYSTEM_MAP 待更新: 数据线 → blocked
[2026-03-11 09:53:51] 处理完成
[2026-03-11 10:00:02] 检测到文件变化: MODIFY
[2026-03-11 10:00:03] 发现 4 条新事件 (offset=39)
[2026-03-11 10:00:03] 处理事件: dispatcher-task-start (来源: dispatcher.sh)
[2026-03-11 10:00:03]   无匹配路由，跳过
[2026-03-11 10:00:03] 处理事件: agent-task-started (来源: dispatcher.sh)
[2026-03-11 10:00:03]   无匹配路由，跳过
[2026-03-11 10:00:03] 处理事件: dispatcher-task-start (来源: dispatcher.sh)
[2026-03-11 10:00:03]   无匹配路由，跳过
[2026-03-11 10:00:03] 处理事件: agent-task-started (来源: dispatcher.sh)
[2026-03-11 10:00:03]   无匹配路由，跳过
[2026-03-11 10:00:03] 处理完成
[2026-03-11 10:00:03] 检测到文件变化: MODIFY
[2026-03-11 10:00:04] 无新事件
[2026-03-11 10:00:04] 处理完成
[2026-03-11 10:00:04] 检测到文件变化: MODIFY
[2026-03-11 10:00:05] 无新事件
[2026-03-11 10:00:05] 处理完成
[2026-03-11 10:00:05] 检测到文件变化: MODIFY
[2026-03-11 10:00:06] 无新事件
[2026-03-11 10:00:06] 处理完成
[2026-03-11 10:52:36] 检测到文件变化: MODIFY
[2026-03-11 10:52:37] 发现 1 条新事件 (offset=43)
[2026-03-11 10:52:37] 处理事件: health-check-failed (来源: data_health_check.sh)
[2026-03-11 10:52:37]   SYSTEM_MAP 待更新: 数据线 → blocked
[2026-03-11 10:52:37] 处理完成
[2026-03-11 11:00:01] 检测到文件变化: MODIFY
[2026-03-11 11:00:02] 发现 4 条新事件 (offset=44)
[2026-03-11 11:00:02] 处理事件: dispatcher-task-start (来源: dispatcher.sh)
[2026-03-11 11:00:02]   无匹配路由，跳过
[2026-03-11 11:00:02] 处理事件: agent-task-started (来源: dispatcher.sh)
[2026-03-11 11:00:02]   无匹配路由，跳过
[2026-03-11 11:00:02] 处理事件: dispatcher-task-start (来源: dispatcher.sh)
[2026-03-11 11:00:02]   无匹配路由，跳过
[2026-03-11 11:00:02] 处理事件: agent-task-started (来源: dispatcher.sh)
[2026-03-11 11:00:02]   无匹配路由，跳过
[2026-03-11 11:00:02] 处理完成
[2026-03-11 11:00:02] 检测到文件变化: MODIFY
[2026-03-11 11:00:03] 无新事件
[2026-03-11 11:00:03] 处理完成
[2026-03-11 11:00:03] 检测到文件变化: MODIFY
[2026-03-11 11:00:05] 无新事件
[2026-03-11 11:00:05] 处理完成
[2026-03-11 11:00:05] 检测到文件变化: MODIFY
[2026-03-11 11:00:06] 无新事件
[2026-03-11 11:00:06] 处理完成
[2026-03-11 11:52:22] 检测到文件变化: MODIFY
[2026-03-11 11:52:23] 发现 1 条新事件 (offset=48)
[2026-03-11 11:52:23] 处理事件: health-check-failed (来源: data_health_check.sh)
[2026-03-11 11:52:23]   SYSTEM_MAP 待更新: 数据线 → blocked
[2026-03-11 11:52:23] 处理完成
[2026-03-11 12:00:01] 检测到文件变化: MODIFY
[2026-03-11 12:00:02] 发现 4 条新事件 (offset=49)
[2026-03-11 12:00:02] 处理事件: dispatcher-task-start (来源: dispatcher.sh)
[2026-03-11 12:00:02]   无匹配路由，跳过
[2026-03-11 12:00:02] 处理事件: agent-task-started (来源: dispatcher.sh)
[2026-03-11 12:00:02]   无匹配路由，跳过
[2026-03-11 12:00:02] 处理事件: dispatcher-task-start (来源: dispatcher.sh)
[2026-03-11 12:00:02]   无匹配路由，跳过
[2026-03-11 12:00:02] 处理事件: agent-task-started (来源: dispatcher.sh)
[2026-03-11 12:00:02]   无匹配路由，跳过
[2026-03-11 12:00:02] 处理完成
[2026-03-11 12:00:02] 检测到文件变化: MODIFY
[2026-03-11 12:00:03] 无新事件
[2026-03-11 12:00:03] 处理完成
[2026-03-11 12:00:03] 检测到文件变化: MODIFY
[2026-03-11 12:00:05] 无新事件
[2026-03-11 12:00:05] 处理完成
[2026-03-11 12:00:05] 检测到文件变化: MODIFY
[2026-03-11 12:00:06] 无新事件
[2026-03-11 12:00:06] 处理完成
[2026-03-11 12:53:08] 检测到文件变化: MODIFY
[2026-03-11 12:53:09] 发现 1 条新事件 (offset=53)
[2026-03-11 12:53:09] 处理事件: health-check-failed (来源: data_health_check.sh)
[2026-03-11 12:53:09]   SYSTEM_MAP 待更新: 数据线 → blocked
[2026-03-11 12:53:09] 处理完成
[2026-03-11 13:00:02] 检测到文件变化: MODIFY
[2026-03-11 13:00:03] 发现 4 条新事件 (offset=54)
[2026-03-11 13:00:03] 处理事件: dispatcher-task-start (来源: dispatcher.sh)
[2026-03-11 13:00:03]   无匹配路由，跳过
[2026-03-11 13:00:03] 处理事件: agent-task-started (来源: dispatcher.sh)
[2026-03-11 13:00:03]   无匹配路由，跳过
[2026-03-11 13:00:03] 处理事件: dispatcher-task-start (来源: dispatcher.sh)
[2026-03-11 13:00:03]   无匹配路由，跳过
[2026-03-11 13:00:03] 处理事件: agent-task-started (来源: dispatcher.sh)
[2026-03-11 13:00:03]   无匹配路由，跳过
[2026-03-11 13:00:03] 处理完成
[2026-03-11 13:00:03] 检测到文件变化: MODIFY
[2026-03-11 13:00:04] 无新事件
[2026-03-11 13:00:04] 处理完成
[2026-03-11 13:00:04] 检测到文件变化: MODIFY
[2026-03-11 13:00:05] 无新事件
[2026-03-11 13:00:05] 处理完成
[2026-03-11 13:00:05] 检测到文件变化: MODIFY
[2026-03-11 13:00:06] 无新事件
[2026-03-11 13:00:06] 处理完成
[2026-03-11 13:51:19] 检测到文件变化: MODIFY
[2026-03-11 13:51:20] 发现 1 条新事件 (offset=58)
[2026-03-11 13:51:20] 处理事件: health-check-failed (来源: data_health_check.sh)
[2026-03-11 13:51:20]   SYSTEM_MAP 待更新: 数据线 → blocked
[2026-03-11 13:51:20] 处理完成
[2026-03-11 18:44:36] 检测到文件变化: MODIFY
[2026-03-11 18:44:37] 发现 1 条新事件 (offset=59)
[2026-03-11 18:44:37] 处理事件: health-check-failed (来源: data_health_check.sh)
[2026-03-11 18:44:37]   保存到 pending: 不在执行时间窗口 (CST 08:00-22:00)
[2026-03-11 18:44:37] 处理完成
[2026-03-11 18:59:02] 检测到文件变化: MODIFY
[2026-03-11 18:59:03] 发现 1 条新事件 (offset=60)
[2026-03-11 18:59:03] 处理事件: health-check-failed (来源: data_health_check.sh)
[2026-03-11 18:59:03]   SYSTEM_MAP 待更新: 数据线 → blocked
[2026-03-11 18:59:03] 处理完成
[2026-03-11 19:44:53] 检测到文件变化: MODIFY
[2026-03-11 19:44:54] 发现 1 条新事件 (offset=61)
[2026-03-11 19:44:54] 处理事件: health-check-failed (来源: data_health_check.sh)
[2026-03-11 19:44:54]   SYSTEM_MAP 待更新: 数据线 → blocked
[2026-03-11 19:44:54] 处理完成
[2026-03-11 20:00:02] 检测到文件变化: MODIFY
[2026-03-11 20:00:03] 发现 4 条新事件 (offset=62)
[2026-03-11 20:00:03] 处理事件: dispatcher-task-start (来源: dispatcher.sh)
[2026-03-11 20:00:03]   无匹配路由，跳过
[2026-03-11 20:00:03] 处理事件: agent-task-started (来源: dispatcher.sh)
[2026-03-11 20:00:03]   无匹配路由，跳过
[2026-03-11 20:00:03] 处理事件: dispatcher-task-start (来源: dispatcher.sh)
[2026-03-11 20:00:03]   无匹配路由，跳过
[2026-03-11 20:00:03] 处理事件: agent-task-started (来源: dispatcher.sh)
[2026-03-11 20:00:03]   无匹配路由，跳过
[2026-03-11 20:00:03] 处理完成
[2026-03-11 20:00:03] 检测到文件变化: MODIFY
[2026-03-11 20:00:04] 无新事件
[2026-03-11 20:00:04] 处理完成
[2026-03-11 20:00:04] 检测到文件变化: MODIFY
[2026-03-11 20:00:05] 无新事件
[2026-03-11 20:00:05] 处理完成
[2026-03-11 20:00:05] 检测到文件变化: MODIFY
[2026-03-11 20:00:07] 无新事件
[2026-03-11 20:00:07] 处理完成
[2026-03-11 23:00:02] 检测到文件变化: MODIFY
[2026-03-11 23:00:03] 发现 8 条新事件 (offset=66)
[2026-03-11 23:00:03] 处理事件: dispatcher-task-start (来源: dispatcher.sh)
[2026-03-11 23:00:03]   无匹配路由，跳过
[2026-03-11 23:00:03] 处理事件: agent-task-started (来源: dispatcher.sh)
[2026-03-11 23:00:03]   无匹配路由，跳过
[2026-03-11 23:00:03] 处理事件: dispatcher-task-start (来源: dispatcher.sh)
[2026-03-11 23:00:03]   无匹配路由，跳过
[2026-03-11 23:00:03] 处理事件: agent-task-started (来源: dispatcher.sh)
[2026-03-11 23:00:03]   无匹配路由，跳过
[2026-03-11 23:00:03] 处理事件: dispatcher-task-start (来源: dispatcher.sh)
[2026-03-11 23:00:03]   无匹配路由，跳过
[2026-03-11 23:00:03] 处理事件: agent-task-started (来源: dispatcher.sh)
[2026-03-11 23:00:03]   无匹配路由，跳过
[2026-03-11 23:00:03] 处理事件: dispatcher-task-start (来源: dispatcher.sh)
[2026-03-11 23:00:03]   无匹配路由，跳过
[2026-03-11 23:00:03] 处理事件: agent-task-started (来源: dispatcher.sh)
[2026-03-11 23:00:03]   无匹配路由，跳过
[2026-03-11 23:00:03] 处理完成
[2026-03-11 23:00:03] 检测到文件变化: MODIFY
[2026-03-11 23:00:04] 无新事件
[2026-03-11 23:00:04] 处理完成
[2026-03-11 23:00:04] 检测到文件变化: MODIFY
[2026-03-11 23:00:05] 无新事件
[2026-03-11 23:00:06] 处理完成
[2026-03-11 23:00:06] 检测到文件变化: MODIFY
[2026-03-11 23:00:07] 无新事件
[2026-03-11 23:00:07] 处理完成
[2026-03-11 23:00:07] 检测到文件变化: MODIFY
[2026-03-11 23:00:08] 无新事件
[2026-03-11 23:00:08] 处理完成
[2026-03-11 23:00:08] 检测到文件变化: MODIFY
[2026-03-11 23:00:09] 无新事件
[2026-03-11 23:00:09] 处理完成
[2026-03-11 23:00:09] 检测到文件变化: MODIFY
[2026-03-11 23:00:10] 无新事件
[2026-03-11 23:00:10] 处理完成
[2026-03-11 23:00:10] 检测到文件变化: MODIFY
[2026-03-11 23:00:12] 无新事件
[2026-03-11 23:00:12] 处理完成
[2026-03-11 23:02:30] 检测到文件变化: MODIFY
[2026-03-11 23:02:31] 发现 1 条新事件 (offset=74)
[2026-03-11 23:02:31] 处理事件: agent-task-complete (来源: EMP_0006)
[2026-03-11 23:02:31]   触发 dispatcher 实时派发
[2026-03-11 23:02:31] 处理完成
[2026-03-11 23:02:55] 检测到文件变化: MODIFY
[2026-03-11 23:02:56] 发现 1 条新事件 (offset=75)
[2026-03-11 23:02:56] 处理事件: agent-task-complete (来源: EMP_0006)
[2026-03-11 23:02:56]   触发 dispatcher 实时派发
[2026-03-11 23:02:56] 处理完成
[2026-03-11 23:03:12] 检测到文件变化: MODIFY
[2026-03-11 23:03:13] 发现 1 条新事件 (offset=76)
[2026-03-11 23:03:13] 处理事件: agent-task-complete (来源: EMP_0002)
[2026-03-11 23:03:13]   触发 dispatcher 实时派发
[2026-03-11 23:03:13] 处理完成
[2026-03-11 23:04:47] 检测到文件变化: MODIFY
[2026-03-11 23:04:48] 发现 1 条新事件 (offset=77)
[2026-03-11 23:04:48] 处理事件: agent-task-complete (来源: EMP_0004)
[2026-03-11 23:04:48]   触发 dispatcher 实时派发
[2026-03-11 23:04:48] 处理完成
[2026-03-11 23:04:48] 检测到文件变化: MODIFY
[2026-03-11 23:04:50] 发现 6 条新事件 (offset=78)
[2026-03-11 23:04:50] 处理事件: dispatcher-task-start (来源: dispatcher.sh)
[2026-03-11 23:04:50]   无匹配路由，跳过
[2026-03-11 23:04:50] 处理事件: agent-task-started (来源: dispatcher.sh)
[2026-03-11 23:04:50]   无匹配路由，跳过
[2026-03-11 23:04:50] 处理事件: dispatcher-task-start (来源: dispatcher.sh)
[2026-03-11 23:04:50]   无匹配路由，跳过
[2026-03-11 23:04:50] 处理事件: agent-task-started (来源: dispatcher.sh)
[2026-03-11 23:04:50]   无匹配路由，跳过
[2026-03-11 23:04:50] 处理事件: dispatcher-task-start (来源: dispatcher.sh)
[2026-03-11 23:04:50]   无匹配路由，跳过
[2026-03-11 23:04:50] 处理事件: agent-task-started (来源: dispatcher.sh)
[2026-03-11 23:04:50]   无匹配路由，跳过
[2026-03-11 23:04:50] 处理完成
[2026-03-11 23:04:50] 检测到文件变化: MODIFY
[2026-03-11 23:04:51] 无新事件
[2026-03-11 23:04:51] 处理完成
[2026-03-11 23:04:51] 检测到文件变化: MODIFY
[2026-03-11 23:04:53] 无新事件
[2026-03-11 23:04:53] 处理完成
[2026-03-11 23:04:53] 检测到文件变化: MODIFY
[2026-03-11 23:04:54] 无新事件
[2026-03-11 23:04:54] 处理完成
[2026-03-11 23:04:54] 检测到文件变化: MODIFY
[2026-03-11 23:04:56] 无新事件
[2026-03-11 23:04:56] 处理完成
[2026-03-11 23:04:56] 检测到文件变化: MODIFY
[2026-03-11 23:04:57] 无新事件
[2026-03-11 23:04:57] 处理完成
[2026-03-11 23:10:06] 检测到文件变化: MODIFY
[2026-03-11 23:10:07] 发现 1 条新事件 (offset=84)
[2026-03-11 23:10:07] 处理事件: agent-task-complete (来源: EMP_0002)
[2026-03-11 23:10:07]   触发 dispatcher 实时派发
[2026-03-11 23:10:07] 处理完成
[2026-03-11 23:11:31] 检测到文件变化: MODIFY
[2026-03-11 23:11:32] 发现 1 条新事件 (offset=85)
[2026-03-11 23:11:32] 处理事件: agent-task-complete (来源: EMP_0014)
[2026-03-11 23:11:32]   触发 dispatcher 实时派发
[2026-03-11 23:11:32] 处理完成
[2026-03-11 23:16:38] 检测到文件变化: MODIFY
[2026-03-11 23:16:39] 发现 1 条新事件 (offset=86)
[2026-03-11 23:16:39] 处理事件: agent-task-complete (来源: EMP_0014)
[2026-03-11 23:16:39]   触发 dispatcher 实时派发
[2026-03-11 23:16:39] 处理完成
[2026-03-11 23:16:39] 检测到文件变化: MODIFY
[2026-03-11 23:16:40] 发现 6 条新事件 (offset=87)
[2026-03-11 23:16:40] 处理事件: dispatcher-task-start (来源: dispatcher.sh)
[2026-03-11 23:16:40]   无匹配路由，跳过
[2026-03-11 23:16:40] 处理事件: agent-task-started (来源: dispatcher.sh)
[2026-03-11 23:16:40]   无匹配路由，跳过
[2026-03-11 23:16:40] 处理事件: dispatcher-task-start (来源: dispatcher.sh)
[2026-03-11 23:16:40]   无匹配路由，跳过
[2026-03-11 23:16:40] 处理事件: agent-task-started (来源: dispatcher.sh)
[2026-03-11 23:16:40]   无匹配路由，跳过
[2026-03-11 23:16:40] 处理事件: dispatcher-task-start (来源: dispatcher.sh)
[2026-03-11 23:16:40]   无匹配路由，跳过
[2026-03-11 23:16:40] 处理事件: agent-task-started (来源: dispatcher.sh)
[2026-03-11 23:16:40]   无匹配路由，跳过
[2026-03-11 23:16:40] 处理完成
[2026-03-11 23:16:40] 检测到文件变化: MODIFY
[2026-03-11 23:16:41] 无新事件
[2026-03-11 23:16:41] 处理完成
[2026-03-11 23:16:41] 检测到文件变化: MODIFY
[2026-03-11 23:16:42] 无新事件
[2026-03-11 23:16:42] 处理完成
[2026-03-11 23:16:43] 检测到文件变化: MODIFY
[2026-03-11 23:16:44] 无新事件
[2026-03-11 23:16:44] 处理完成
[2026-03-11 23:16:44] 检测到文件变化: MODIFY
[2026-03-11 23:16:45] 无新事件
[2026-03-11 23:16:45] 处理完成
[2026-03-11 23:16:45] 检测到文件变化: MODIFY
[2026-03-11 23:16:46] 无新事件
[2026-03-11 23:16:46] 处理完成
[2026-03-11 23:18:49] 检测到文件变化: MODIFY
[2026-03-11 23:18:50] 发现 1 条新事件 (offset=93)
[2026-03-11 23:18:50] 处理事件: agent-task-complete (来源: EMP_0002)
[2026-03-11 23:18:50]   触发 dispatcher 实时派发
[2026-03-11 23:18:50] 处理完成
[2026-03-11 23:18:50] 检测到文件变化: MODIFY
[2026-03-11 23:18:51] 发现 4 条新事件 (offset=94)
[2026-03-11 23:18:51] 处理事件: dispatcher-task-start (来源: dispatcher.sh)
[2026-03-11 23:18:51]   无匹配路由，跳过
[2026-03-11 23:18:51] 处理事件: agent-task-started (来源: dispatcher.sh)
[2026-03-11 23:18:51]   无匹配路由，跳过
[2026-03-11 23:18:51] 处理事件: dispatcher-task-start (来源: dispatcher.sh)
[2026-03-11 23:18:51]   无匹配路由，跳过
[2026-03-11 23:18:51] 处理事件: agent-task-started (来源: dispatcher.sh)
[2026-03-11 23:18:51]   无匹配路由，跳过
[2026-03-11 23:18:51] 处理完成
[2026-03-11 23:18:51] 检测到文件变化: MODIFY
[2026-03-11 23:18:53] 无新事件
[2026-03-11 23:18:53] 处理完成
[2026-03-11 23:18:53] 检测到文件变化: MODIFY
[2026-03-11 23:18:54] 无新事件
[2026-03-11 23:18:54] 处理完成
[2026-03-11 23:18:54] 检测到文件变化: MODIFY
[2026-03-11 23:18:55] 无新事件
[2026-03-11 23:18:55] 处理完成
[2026-03-11 23:21:32] 检测到文件变化: MODIFY
[2026-03-11 23:21:34] 发现 1 条新事件 (offset=98)
[2026-03-11 23:21:34] 处理事件: agent-task-complete (来源: EMP_0002)
[2026-03-11 23:21:34]   触发 dispatcher 实时派发
[2026-03-11 23:21:34] 处理完成
[2026-03-11 23:29:24] 检测到文件变化: MODIFY
[2026-03-11 23:29:25] 发现 1 条新事件 (offset=99)
[2026-03-11 23:29:25] 处理事件: agent-task-complete (来源: EMP_0014)
[2026-03-11 23:29:25]   触发 dispatcher 实时派发
[2026-03-11 23:29:25] 处理完成
[2026-03-11 23:31:13] 检测到文件变化: MODIFY
[2026-03-11 23:31:14] 发现 1 条新事件 (offset=100)
[2026-03-11 23:31:14] 处理事件: agent-task-complete (来源: EMP_0014)
[2026-03-11 23:31:14]   触发 dispatcher 实时派发
[2026-03-11 23:31:14] 处理完成
[2026-03-11 23:31:14] 检测到文件变化: MODIFY
[2026-03-11 23:31:15] 发现 2 条新事件 (offset=101)
[2026-03-11 23:31:15] 处理事件: dispatcher-task-start (来源: dispatcher.sh)
[2026-03-11 23:31:15]   无匹配路由，跳过
[2026-03-11 23:31:15] 处理事件: agent-task-started (来源: dispatcher.sh)
[2026-03-11 23:31:15]   无匹配路由，跳过
[2026-03-11 23:31:15] 处理完成
[2026-03-11 23:31:15] 检测到文件变化: MODIFY
[2026-03-11 23:31:16] 无新事件
[2026-03-11 23:31:16] 处理完成
[2026-03-11 23:36:14] 检测到文件变化: MODIFY
[2026-03-11 23:36:15] 发现 1 条新事件 (offset=103)
[2026-03-11 23:36:15] 处理事件: agent-task-complete (来源: EMP_0014)
[2026-03-11 23:36:15]   触发 dispatcher 实时派发
[2026-03-11 23:36:15] 处理完成
[2026-03-11 23:36:16] 检测到文件变化: MODIFY
[2026-03-11 23:36:17] 发现 2 条新事件 (offset=104)
[2026-03-11 23:36:17] 处理事件: dispatcher-task-start (来源: dispatcher.sh)
[2026-03-11 23:36:17]   无匹配路由，跳过
[2026-03-11 23:36:17] 处理事件: agent-task-started (来源: dispatcher.sh)
[2026-03-11 23:36:17]   无匹配路由，跳过
[2026-03-11 23:36:17] 处理完成
[2026-03-11 23:36:17] 检测到文件变化: MODIFY
[2026-03-11 23:36:18] 无新事件
[2026-03-11 23:36:18] 处理完成
[2026-03-11 23:43:34] 检测到文件变化: MODIFY
[2026-03-11 23:43:35] 发现 1 条新事件 (offset=106)
[2026-03-11 23:43:35] 处理事件: agent-task-complete (来源: EMP_0014)
[2026-03-11 23:43:35]   触发 dispatcher 实时派发
[2026-03-11 23:43:35] 处理完成
[2026-03-11 23:43:36] 检测到文件变化: MODIFY
[2026-03-11 23:43:37] 发现 2 条新事件 (offset=107)
[2026-03-11 23:43:37] 处理事件: dispatcher-task-start (来源: dispatcher.sh)
[2026-03-11 23:43:37]   无匹配路由，跳过
[2026-03-11 23:43:37] 处理事件: agent-task-started (来源: dispatcher.sh)
[2026-03-11 23:43:37]   无匹配路由，跳过
[2026-03-11 23:43:37] 处理完成
[2026-03-11 23:43:37] 检测到文件变化: MODIFY
[2026-03-11 23:43:38] 无新事件
[2026-03-11 23:43:38] 处理完成
[2026-03-11 23:49:43] 检测到文件变化: MODIFY
[2026-03-11 23:49:44] 发现 1 条新事件 (offset=109)
[2026-03-11 23:49:44] 处理事件: agent-task-complete (来源: EMP_0014)
[2026-03-11 23:49:44]   触发 dispatcher 实时派发
[2026-03-11 23:49:44] 处理完成
[2026-03-12 00:00:02] 检测到文件变化: MODIFY
[2026-03-12 00:00:03] 发现 2 条新事件 (offset=110)
[2026-03-12 00:00:03] 处理事件: dispatcher-task-start (来源: dispatcher.sh)
[2026-03-12 00:00:03]   无匹配路由，跳过
[2026-03-12 00:00:03] 处理事件: agent-task-started (来源: dispatcher.sh)
[2026-03-12 00:00:03]   无匹配路由，跳过
[2026-03-12 00:00:03] 处理完成
[2026-03-12 00:00:03] 检测到文件变化: MODIFY
[2026-03-12 00:00:05] 无新事件
[2026-03-12 00:00:05] 处理完成
[2026-03-12 00:00:53] 检测到文件变化: MODIFY
[2026-03-12 00:00:54] 发现 1 条新事件 (offset=112)
[2026-03-12 00:00:54] 处理事件: health-check-all-green (来源: data_health_check.sh)
[2026-03-12 00:00:54]   SYSTEM_MAP 待更新: 数据线 → active
[2026-03-12 00:00:54]   触发 dispatcher 实时派发
[2026-03-12 00:00:54] 处理完成
[2026-03-12 00:01:40] 检测到文件变化: MODIFY
[2026-03-12 00:01:41] 发现 1 条新事件 (offset=113)
[2026-03-12 00:01:41] 处理事件: agent-task-complete (来源: EMP_0014)
[2026-03-12 00:01:41]   触发 dispatcher 实时派发
[2026-03-12 00:01:41] 处理完成
[2026-03-12 00:04:47] 检测到文件变化: MODIFY
[2026-03-12 00:04:48] 发现 1 条新事件 (offset=114)
[2026-03-12 00:04:48] 处理事件: agent-task-complete (来源: EMP_0001)
[2026-03-12 00:04:48]   触发 dispatcher 实时派发
[2026-03-12 00:04:48] 处理完成
[2026-03-12 00:31:26] 检测到文件变化: MODIFY
[2026-03-12 00:31:27] 发现 1 条新事件 (offset=115)
[2026-03-12 00:31:27] 处理事件: agent-task-complete (来源: EMP_0001)
[2026-03-12 00:31:27]   触发 dispatcher 实时派发
[2026-03-12 00:31:27] 处理完成
[2026-03-12 00:50:42] 检测到文件变化: MODIFY
[2026-03-12 00:50:43] 发现 1 条新事件 (offset=116)
[2026-03-12 00:50:43] 处理事件: health-check-all-green (来源: data_health_check.sh)
[2026-03-12 00:50:43]   SYSTEM_MAP 待更新: 数据线 → active
[2026-03-12 00:50:43]   触发 dispatcher 实时派发
[2026-03-12 00:50:43] 处理完成
[2026-03-12 00:50:43] 检测到文件变化: MODIFY
[2026-03-12 00:50:44] 发现 2 条新事件 (offset=117)
[2026-03-12 00:50:44] 处理事件: dispatcher-task-start (来源: dispatcher.sh)
[2026-03-12 00:50:44]   无匹配路由，跳过
[2026-03-12 00:50:44] 处理事件: agent-task-started (来源: dispatcher.sh)
[2026-03-12 00:50:44]   无匹配路由，跳过
[2026-03-12 00:50:44] 处理完成
[2026-03-12 00:50:44] 检测到文件变化: MODIFY
[2026-03-12 00:50:45] 无新事件
[2026-03-12 00:50:45] 处理完成
[2026-03-12 01:05:11] 检测到文件变化: MODIFY
[2026-03-12 01:05:12] 发现 1 条新事件 (offset=119)
[2026-03-12 01:05:12] 处理事件: health-check-all-green (来源: data_health_check.sh)
[2026-03-12 01:05:12]   SYSTEM_MAP 待更新: 数据线 → active
[2026-03-12 01:05:12]   触发 dispatcher 实时派发
[2026-03-12 01:05:12] 处理完成
[2026-03-12 01:05:48] 检测到文件变化: MODIFY
[2026-03-12 01:05:49] 发现 1 条新事件 (offset=120)
[2026-03-12 01:05:49] 处理事件: daily-plan-request (来源: mason-gateway)
[2026-03-12 01:05:49]   无匹配路由，跳过
[2026-03-12 01:05:49] 处理完成
[2026-03-12 01:06:09] 检测到文件变化: MODIFY
[2026-03-12 01:06:10] 发现 1 条新事件 (offset=121)
[2026-03-12 01:06:10] 处理事件: agent-task-complete (来源: EMP_0014)
[2026-03-12 01:06:10]   触发 dispatcher 实时派发
[2026-03-12 01:06:10] 处理完成
[2026-03-12 01:08:01] 检测到文件变化: MODIFY
[2026-03-12 01:08:02] 发现 1 条新事件 (offset=122)
[2026-03-12 01:08:02] 处理事件: agent-task-complete (来源: EMP_0004)
[2026-03-12 01:08:02]   触发 dispatcher 实时派发
[2026-03-12 01:08:02] 处理完成
[2026-03-12 01:15:39] 检测到文件变化: MODIFY
[2026-03-12 01:15:40] 发现 1 条新事件 (offset=123)
[2026-03-12 01:15:40] 处理事件: health-check-all-green (来源: data_health_check.sh)
[2026-03-12 01:15:40]   SYSTEM_MAP 待更新: 数据线 → active
[2026-03-12 01:15:40]   触发 dispatcher 实时派发
[2026-03-12 01:15:40] 处理完成
[2026-03-12 02:00:02] 检测到文件变化: MODIFY
[2026-03-12 02:00:03] 发现 2 条新事件 (offset=124)
[2026-03-12 02:00:03] 处理事件: dispatcher-task-start (来源: dispatcher.sh)
[2026-03-12 02:00:03]   无匹配路由，跳过
[2026-03-12 02:00:03] 处理事件: agent-task-started (来源: dispatcher.sh)
[2026-03-12 02:00:03]   无匹配路由，跳过
[2026-03-12 02:00:03] 处理完成
[2026-03-12 02:00:03] 检测到文件变化: MODIFY
[2026-03-12 02:00:04] 无新事件
[2026-03-12 02:00:04] 处理完成
[2026-03-12 02:01:23] 检测到文件变化: MODIFY
[2026-03-12 02:01:24] 发现 1 条新事件 (offset=126)
[2026-03-12 02:01:24] 处理事件: health-check-all-green (来源: data_health_check.sh)
[2026-03-12 02:01:24]   SYSTEM_MAP 待更新: 数据线 → active
[2026-03-12 02:01:24]   触发 dispatcher 实时派发
[2026-03-12 02:01:24] 处理完成
[2026-03-12 02:01:30] 检测到文件变化: MODIFY
[2026-03-12 02:01:31] 发现 1 条新事件 (offset=127)
[2026-03-12 02:01:31] 处理事件: agent-task-complete (来源: EMP_0014)
[2026-03-12 02:01:31]   触发 dispatcher 实时派发
[2026-03-12 02:01:31] 处理完成
[2026-03-12 02:06:26] 检测到文件变化: MODIFY
[2026-03-12 02:06:27] 发现 1 条新事件 (offset=128)
[2026-03-12 02:06:27] 处理事件: agent-task-complete (来源: EMP_0001)
[2026-03-12 02:06:27]   触发 dispatcher 实时派发
[2026-03-12 02:06:27] 处理完成
[2026-03-12 03:00:02] 检测到文件变化: MODIFY
[2026-03-12 03:00:03] 发现 2 条新事件 (offset=129)
[2026-03-12 03:00:03] 处理事件: dispatcher-task-start (来源: dispatcher.sh)
[2026-03-12 03:00:03]   无匹配路由，跳过
[2026-03-12 03:00:03] 处理事件: agent-task-started (来源: dispatcher.sh)
[2026-03-12 03:00:03]   无匹配路由，跳过
[2026-03-12 03:00:03] 处理完成
[2026-03-12 03:00:03] 检测到文件变化: MODIFY
[2026-03-12 03:00:04] 无新事件
[2026-03-12 03:00:04] 处理完成
[2026-03-12 03:01:36] 检测到文件变化: MODIFY
[2026-03-12 03:01:37] 发现 1 条新事件 (offset=131)
[2026-03-12 03:01:37] 处理事件: health-check-all-green (来源: data_health_check.sh)
[2026-03-12 03:01:37]   SYSTEM_MAP 待更新: 数据线 → active
[2026-03-12 03:01:37]   触发 dispatcher 实时派发
[2026-03-12 03:01:37] 处理完成
[2026-03-12 03:02:35] 检测到文件变化: MODIFY
[2026-03-12 03:02:36] 发现 1 条新事件 (offset=132)
[2026-03-12 03:02:36] 处理事件: agent-task-complete (来源: EMP_0014)
[2026-03-12 03:02:36]   触发 dispatcher 实时派发
[2026-03-12 03:02:36] 处理完成
[2026-03-12 04:00:01] 检测到文件变化: MODIFY
[2026-03-12 04:00:02] 发现 2 条新事件 (offset=133)
[2026-03-12 04:00:02] 处理事件: dispatcher-task-start (来源: dispatcher.sh)
[2026-03-12 04:00:02]   无匹配路由，跳过
[2026-03-12 04:00:02] 处理事件: agent-task-started (来源: dispatcher.sh)
[2026-03-12 04:00:02]   无匹配路由，跳过
[2026-03-12 04:00:02] 处理完成
[2026-03-12 04:00:02] 检测到文件变化: MODIFY
[2026-03-12 04:00:04] 无新事件
[2026-03-12 04:00:04] 处理完成
[2026-03-12 04:01:01] 检测到文件变化: MODIFY
[2026-03-12 04:01:02] 发现 1 条新事件 (offset=135)
[2026-03-12 04:01:02] 处理事件: health-check-all-green (来源: data_health_check.sh)
[2026-03-12 04:01:02]   SYSTEM_MAP 待更新: 数据线 → active
[2026-03-12 04:01:02]   触发 dispatcher 实时派发
[2026-03-12 04:01:02] 处理完成
[2026-03-12 04:01:28] 检测到文件变化: MODIFY
[2026-03-12 04:01:29] 发现 1 条新事件 (offset=136)
[2026-03-12 04:01:29] 处理事件: agent-task-complete (来源: EMP_0014)
[2026-03-12 04:01:29]   触发 dispatcher 实时派发
[2026-03-12 04:01:29] 处理完成
[2026-03-12 05:00:02] 检测到文件变化: MODIFY
[2026-03-12 05:00:03] 发现 2 条新事件 (offset=137)
[2026-03-12 05:00:03] 处理事件: dispatcher-task-start (来源: dispatcher.sh)
[2026-03-12 05:00:03]   无匹配路由，跳过
[2026-03-12 05:00:03] 处理事件: agent-task-started (来源: dispatcher.sh)
[2026-03-12 05:00:03]   无匹配路由，跳过
[2026-03-12 05:00:03] 处理完成
[2026-03-12 05:00:03] 检测到文件变化: MODIFY
[2026-03-12 05:00:04] 无新事件
[2026-03-12 05:00:04] 处理完成
[2026-03-12 05:01:16] 检测到文件变化: MODIFY
[2026-03-12 05:01:17] 发现 1 条新事件 (offset=139)
[2026-03-12 05:01:17] 处理事件: health-check-all-green (来源: data_health_check.sh)
[2026-03-12 05:01:17]   SYSTEM_MAP 待更新: 数据线 → active
[2026-03-12 05:01:17]   触发 dispatcher 实时派发
[2026-03-12 05:01:17] 处理完成
[2026-03-12 05:01:53] 检测到文件变化: MODIFY
[2026-03-12 05:01:54] 发现 1 条新事件 (offset=140)
[2026-03-12 05:01:54] 处理事件: agent-task-complete (来源: EMP_0014)
[2026-03-12 05:01:54]   触发 dispatcher 实时派发
[2026-03-12 05:01:54] 处理完成
[2026-03-12 06:00:02] 检测到文件变化: MODIFY
[2026-03-12 06:00:03] 发现 2 条新事件 (offset=141)
[2026-03-12 06:00:03] 处理事件: dispatcher-task-start (来源: dispatcher.sh)
[2026-03-12 06:00:03]   无匹配路由，跳过
[2026-03-12 06:00:03] 处理事件: agent-task-started (来源: dispatcher.sh)
[2026-03-12 06:00:03]   无匹配路由，跳过
[2026-03-12 06:00:03] 处理完成
[2026-03-12 06:00:03] 检测到文件变化: MODIFY
[2026-03-12 06:00:04] 无新事件
[2026-03-12 06:00:04] 处理完成
[2026-03-12 06:01:08] 检测到文件变化: MODIFY
[2026-03-12 06:01:09] 发现 1 条新事件 (offset=143)
[2026-03-12 06:01:09] 处理事件: health-check-all-green (来源: data_health_check.sh)
[2026-03-12 06:01:09]   SYSTEM_MAP 待更新: 数据线 → active
[2026-03-12 06:01:09]   触发 dispatcher 实时派发
[2026-03-12 06:01:09] 处理完成
[2026-03-12 06:01:15] 检测到文件变化: MODIFY
[2026-03-12 06:01:16] 发现 1 条新事件 (offset=144)
[2026-03-12 06:01:16] 处理事件: agent-task-complete (来源: EMP_0014)
[2026-03-12 06:01:16]   触发 dispatcher 实时派发
[2026-03-12 06:01:16] 处理完成
[2026-03-12 07:00:01] 检测到文件变化: MODIFY
[2026-03-12 07:00:02] 发现 2 条新事件 (offset=145)
[2026-03-12 07:00:02] 处理事件: dispatcher-task-start (来源: dispatcher.sh)
[2026-03-12 07:00:02]   无匹配路由，跳过
[2026-03-12 07:00:02] 处理事件: agent-task-started (来源: dispatcher.sh)
[2026-03-12 07:00:02]   无匹配路由，跳过
[2026-03-12 07:00:02] 处理完成
[2026-03-12 07:00:02] 检测到文件变化: MODIFY
[2026-03-12 07:00:04] 无新事件
[2026-03-12 07:00:04] 处理完成
[2026-03-12 07:01:01] 检测到文件变化: MODIFY
[2026-03-12 07:01:02] 发现 1 条新事件 (offset=147)
[2026-03-12 07:01:02] 处理事件: health-check-all-green (来源: data_health_check.sh)
[2026-03-12 07:01:02]   SYSTEM_MAP 待更新: 数据线 → active
[2026-03-12 07:01:02]   触发 dispatcher 实时派发
[2026-03-12 07:01:02] 处理完成
[2026-03-12 07:01:09] 检测到文件变化: MODIFY
[2026-03-12 07:01:10] 发现 1 条新事件 (offset=148)
[2026-03-12 07:01:10] 处理事件: agent-task-complete (来源: EMP_0014)
[2026-03-12 07:01:10]   触发 dispatcher 实时派发
[2026-03-12 07:01:10] 处理完成
[2026-03-12 08:00:01] 检测到文件变化: MODIFY
[2026-03-12 08:00:03] 发现 2 条新事件 (offset=149)
[2026-03-12 08:00:03] 处理事件: dispatcher-task-start (来源: dispatcher.sh)
[2026-03-12 08:00:03]   无匹配路由，跳过
[2026-03-12 08:00:03] 处理事件: agent-task-started (来源: dispatcher.sh)
[2026-03-12 08:00:03]   无匹配路由，跳过
[2026-03-12 08:00:03] 处理完成
[2026-03-12 08:00:03] 检测到文件变化: MODIFY
[2026-03-12 08:00:04] 无新事件
[2026-03-12 08:00:04] 处理完成
[2026-03-12 08:01:01] 检测到文件变化: MODIFY
[2026-03-12 08:01:02] 发现 1 条新事件 (offset=151)
[2026-03-12 08:01:02] 处理事件: health-check-all-green (来源: data_health_check.sh)
[2026-03-12 08:01:02]   SYSTEM_MAP 待更新: 数据线 → active
[2026-03-12 08:01:02]   触发 dispatcher 实时派发
[2026-03-12 08:01:02] 处理完成
[2026-03-12 08:01:40] 检测到文件变化: MODIFY
[2026-03-12 08:01:41] 发现 1 条新事件 (offset=152)
[2026-03-12 08:01:41] 处理事件: agent-task-complete (来源: EMP_0014)
[2026-03-12 08:01:41]   触发 dispatcher 实时派发
[2026-03-12 08:01:41] 处理完成
[2026-03-12 09:00:02] 检测到文件变化: MODIFY
[2026-03-12 09:00:03] 发现 2 条新事件 (offset=153)
[2026-03-12 09:00:03] 处理事件: dispatcher-task-start (来源: dispatcher.sh)
[2026-03-12 09:00:03]   无匹配路由，跳过
[2026-03-12 09:00:03] 处理事件: agent-task-started (来源: dispatcher.sh)
[2026-03-12 09:00:03]   无匹配路由，跳过
[2026-03-12 09:00:03] 处理完成
[2026-03-12 09:00:03] 检测到文件变化: MODIFY
[2026-03-12 09:00:04] 无新事件
[2026-03-12 09:00:04] 处理完成
[2026-03-12 09:01:04] 检测到文件变化: MODIFY
[2026-03-12 09:01:05] 发现 1 条新事件 (offset=155)
[2026-03-12 09:01:05] 处理事件: health-check-all-green (来源: data_health_check.sh)
[2026-03-12 09:01:05]   SYSTEM_MAP 待更新: 数据线 → active
[2026-03-12 09:01:05]   触发 dispatcher 实时派发
[2026-03-12 09:01:05] 处理完成
[2026-03-12 09:01:24] 检测到文件变化: MODIFY
[2026-03-12 09:01:25] 发现 1 条新事件 (offset=156)
[2026-03-12 09:01:25] 处理事件: agent-task-complete (来源: EMP_0014)
[2026-03-12 09:01:25]   触发 dispatcher 实时派发
[2026-03-12 09:01:25] 处理完成
[2026-03-12 10:00:02] 检测到文件变化: MODIFY
[2026-03-12 10:00:03] 发现 6 条新事件 (offset=157)
[2026-03-12 10:00:03] 处理事件: dispatcher-task-start (来源: dispatcher.sh)
[2026-03-12 10:00:03]   无匹配路由，跳过
[2026-03-12 10:00:03] 处理事件: agent-task-started (来源: dispatcher.sh)
[2026-03-12 10:00:03]   无匹配路由，跳过
[2026-03-12 10:00:03] 处理事件: dispatcher-task-start (来源: dispatcher.sh)
[2026-03-12 10:00:03]   无匹配路由，跳过
[2026-03-12 10:00:03] 处理事件: agent-task-started (来源: dispatcher.sh)
[2026-03-12 10:00:03]   无匹配路由，跳过
[2026-03-12 10:00:03] 处理事件: dispatcher-task-start (来源: dispatcher.sh)
[2026-03-12 10:00:03]   无匹配路由，跳过
[2026-03-12 10:00:03] 处理事件: agent-task-started (来源: dispatcher.sh)
[2026-03-12 10:00:03]   无匹配路由，跳过
[2026-03-12 10:00:03] 处理完成
[2026-03-12 10:00:03] 检测到文件变化: MODIFY
[2026-03-12 10:00:05] 无新事件
[2026-03-12 10:00:05] 处理完成
[2026-03-12 10:00:05] 检测到文件变化: MODIFY
[2026-03-12 10:00:06] 无新事件
[2026-03-12 10:00:06] 处理完成
[2026-03-12 10:00:06] 检测到文件变化: MODIFY
[2026-03-12 10:00:07] 无新事件
[2026-03-12 10:00:07] 处理完成
[2026-03-12 10:00:07] 检测到文件变化: MODIFY
[2026-03-12 10:00:08] 无新事件
[2026-03-12 10:00:08] 处理完成
[2026-03-12 10:00:08] 检测到文件变化: MODIFY
[2026-03-12 10:00:10] 无新事件
[2026-03-12 10:00:10] 处理完成
[2026-03-12 10:01:29] 检测到文件变化: MODIFY
[2026-03-12 10:01:30] 发现 1 条新事件 (offset=163)
[2026-03-12 10:01:30] 处理事件: health-check-all-green (来源: data_health_check.sh)
[2026-03-12 10:01:30]   SYSTEM_MAP 待更新: 数据线 → active
[2026-03-12 10:01:30]   触发 dispatcher 实时派发
[2026-03-12 10:01:30] 处理完成
[2026-03-12 10:01:31] 检测到文件变化: MODIFY
[2026-03-12 10:01:32] 发现 2 条新事件 (offset=164)
[2026-03-12 10:01:32] 处理事件: dispatcher-task-start (来源: dispatcher.sh)
[2026-03-12 10:01:32]   无匹配路由，跳过
[2026-03-12 10:01:32] 处理事件: agent-task-started (来源: dispatcher.sh)
[2026-03-12 10:01:32]   无匹配路由，跳过
[2026-03-12 10:01:32] 处理完成
[2026-03-12 10:01:32] 检测到文件变化: MODIFY
[2026-03-12 10:01:33] 无新事件
[2026-03-12 10:01:33] 处理完成
[2026-03-12 10:01:39] 检测到文件变化: MODIFY
[2026-03-12 10:01:40] 发现 1 条新事件 (offset=166)
[2026-03-12 10:01:40] 处理事件: agent-task-complete (来源: EMP_0014)
[2026-03-12 10:01:40]   触发 dispatcher 实时派发
[2026-03-12 10:01:40] 处理完成
[2026-03-12 10:01:42] 检测到文件变化: MODIFY
[2026-03-12 10:01:43] 发现 4 条新事件 (offset=167)
[2026-03-12 10:01:43] 处理事件: dispatcher-task-start (来源: dispatcher.sh)
[2026-03-12 10:01:43]   无匹配路由，跳过
[2026-03-12 10:01:43] 处理事件: agent-task-started (来源: dispatcher.sh)
[2026-03-12 10:01:43]   无匹配路由，跳过
[2026-03-12 10:01:43] 处理事件: dispatcher-task-start (来源: dispatcher.sh)
[2026-03-12 10:01:43]   无匹配路由，跳过
[2026-03-12 10:01:43] 处理事件: agent-task-started (来源: dispatcher.sh)
[2026-03-12 10:01:43]   无匹配路由，跳过
[2026-03-12 10:01:43] 处理完成
[2026-03-12 10:01:43] 检测到文件变化: MODIFY
[2026-03-12 10:01:44] 无新事件
[2026-03-12 10:01:44] 处理完成
[2026-03-12 10:01:44] 检测到文件变化: MODIFY
[2026-03-12 10:01:45] 无新事件
[2026-03-12 10:01:45] 处理完成
[2026-03-12 10:01:45] 检测到文件变化: MODIFY
[2026-03-12 10:01:46] 无新事件
[2026-03-12 10:01:46] 处理完成
[2026-03-12 10:03:07] 检测到文件变化: MODIFY
[2026-03-12 10:03:08] 发现 1 条新事件 (offset=171)
[2026-03-12 10:03:08] 处理事件: agent-task-complete (来源: EMP_0008)
[2026-03-12 10:03:08]   触发 dispatcher 实时派发
[2026-03-12 10:03:08] 处理完成
[2026-03-12 10:03:09] 检测到文件变化: MODIFY
[2026-03-12 10:03:11] 发现 2 条新事件 (offset=172)
[2026-03-12 10:03:11] 处理事件: dispatcher-task-start (来源: dispatcher.sh)
[2026-03-12 10:03:11]   无匹配路由，跳过
[2026-03-12 10:03:11] 处理事件: agent-task-started (来源: dispatcher.sh)
[2026-03-12 10:03:11]   无匹配路由，跳过
[2026-03-12 10:03:11] 处理完成
[2026-03-12 10:03:11] 检测到文件变化: MODIFY
[2026-03-12 10:03:12] 无新事件
[2026-03-12 10:03:12] 处理完成
[2026-03-12 10:03:55] 检测到文件变化: MODIFY
[2026-03-12 10:03:56] 发现 1 条新事件 (offset=174)
[2026-03-12 10:03:56] 处理事件: agent-task-complete (来源: EMP_0000)
[2026-03-12 10:03:56]   触发 dispatcher 实时派发
[2026-03-12 10:03:56] 处理完成
[2026-03-12 10:04:19] 检测到文件变化: MODIFY
[2026-03-12 10:04:20] 发现 1 条新事件 (offset=175)
[2026-03-12 10:04:20] 处理事件: agent-task-complete (来源: EMP_0000)
[2026-03-12 10:04:20]   触发 dispatcher 实时派发
[2026-03-12 10:04:20] 处理完成
[2026-03-12 10:05:11] 检测到文件变化: MODIFY
[2026-03-12 10:05:12] 发现 1 条新事件 (offset=176)
[2026-03-12 10:05:12] 处理事件: agent-task-complete (来源: EMP_0000)
[2026-03-12 10:05:12]   触发 dispatcher 实时派发
[2026-03-12 10:05:12] 处理完成
[2026-03-12 10:07:37] 检测到文件变化: MODIFY
[2026-03-12 10:07:38] 发现 1 条新事件 (offset=177)
[2026-03-12 10:07:38] 处理事件: agent-task-complete (来源: EMP_0002)
[2026-03-12 10:07:38]   触发 dispatcher 实时派发
[2026-03-12 10:07:38] 处理完成
[2026-03-12 10:07:39] 检测到文件变化: MODIFY
[2026-03-12 10:07:40] 发现 4 条新事件 (offset=178)
[2026-03-12 10:07:40] 处理事件: dispatcher-task-start (来源: dispatcher.sh)
[2026-03-12 10:07:40]   无匹配路由，跳过
[2026-03-12 10:07:40] 处理事件: agent-task-started (来源: dispatcher.sh)
[2026-03-12 10:07:40]   无匹配路由，跳过
[2026-03-12 10:07:40] 处理事件: dispatcher-task-start (来源: dispatcher.sh)
[2026-03-12 10:07:40]   无匹配路由，跳过
[2026-03-12 10:07:40] 处理事件: agent-task-started (来源: dispatcher.sh)
[2026-03-12 10:07:40]   无匹配路由，跳过
[2026-03-12 10:07:40] 处理完成
[2026-03-12 10:07:40] 检测到文件变化: MODIFY
[2026-03-12 10:07:41] 无新事件
[2026-03-12 10:07:41] 处理完成
[2026-03-12 10:07:41] 检测到文件变化: MODIFY
[2026-03-12 10:07:42] 无新事件
[2026-03-12 10:07:42] 处理完成
[2026-03-12 10:07:42] 检测到文件变化: MODIFY
[2026-03-12 10:07:44] 无新事件
[2026-03-12 10:07:44] 处理完成
[2026-03-12 10:08:38] 检测到文件变化: MODIFY
[2026-03-12 10:08:39] 发现 1 条新事件 (offset=182)
[2026-03-12 10:08:39] 处理事件: agent-task-complete (来源: EMP_0005)
[2026-03-12 10:08:39]   触发 dispatcher 实时派发
[2026-03-12 10:08:39] 处理完成
[2026-03-12 10:08:40] 检测到文件变化: MODIFY
[2026-03-12 10:08:42] 发现 2 条新事件 (offset=183)
[2026-03-12 10:08:42] 处理事件: dispatcher-task-start (来源: dispatcher.sh)
[2026-03-12 10:08:42]   无匹配路由，跳过
[2026-03-12 10:08:42] 处理事件: agent-task-started (来源: dispatcher.sh)
[2026-03-12 10:08:42]   无匹配路由，跳过
[2026-03-12 10:08:42] 处理完成
[2026-03-12 10:08:42] 检测到文件变化: MODIFY
[2026-03-12 10:08:43] 无新事件
[2026-03-12 10:08:43] 处理完成
[2026-03-12 10:15:03] 检测到文件变化: MODIFY
[2026-03-12 10:15:04] 发现 1 条新事件 (offset=185)
[2026-03-12 10:15:04] 处理事件: agent-task-complete (来源: EMP_0001)
[2026-03-12 10:15:04]   触发 dispatcher 实时派发
[2026-03-12 10:15:04] 处理完成
[2026-03-12 10:15:05] 检测到文件变化: MODIFY
[2026-03-12 10:15:06] 发现 2 条新事件 (offset=186)
[2026-03-12 10:15:06] 处理事件: dispatcher-task-start (来源: dispatcher.sh)
[2026-03-12 10:15:06]   无匹配路由，跳过
[2026-03-12 10:15:06] 处理事件: agent-task-started (来源: dispatcher.sh)
[2026-03-12 10:15:06]   无匹配路由，跳过
[2026-03-12 10:15:06] 处理完成
[2026-03-12 10:15:06] 检测到文件变化: MODIFY
[2026-03-12 10:15:07] 无新事件
[2026-03-12 10:15:07] 处理完成
[2026-03-12 10:16:10] 检测到文件变化: MODIFY
[2026-03-12 10:16:11] 发现 1 条新事件 (offset=188)
[2026-03-12 10:16:11] 处理事件: agent-task-complete (来源: EMP_0002)
[2026-03-12 10:16:11]   触发 dispatcher 实时派发
[2026-03-12 10:16:11] 处理完成
[2026-03-12 10:16:11] 检测到文件变化: MODIFY
[2026-03-12 10:16:13] 发现 2 条新事件 (offset=189)
[2026-03-12 10:16:13] 处理事件: dispatcher-task-start (来源: dispatcher.sh)
[2026-03-12 10:16:13]   无匹配路由，跳过
[2026-03-12 10:16:13] 处理事件: agent-task-started (来源: dispatcher.sh)
[2026-03-12 10:16:13]   无匹配路由，跳过
[2026-03-12 10:16:13] 处理完成
[2026-03-12 10:16:13] 检测到文件变化: MODIFY
[2026-03-12 10:16:14] 无新事件
[2026-03-12 10:16:14] 处理完成
[2026-03-12 10:25:12] 检测到文件变化: MODIFY
[2026-03-12 10:25:13] 发现 1 条新事件 (offset=191)
[2026-03-12 10:25:13] 处理事件: agent-task-complete (来源: EMP_0014)
[2026-03-12 10:25:13]   触发 dispatcher 实时派发
[2026-03-12 10:25:13] 处理完成
[2026-03-12 10:25:13] 检测到文件变化: MODIFY
[2026-03-12 10:25:14] 发现 2 条新事件 (offset=192)
[2026-03-12 10:25:14] 处理事件: dispatcher-task-start (来源: dispatcher.sh)
[2026-03-12 10:25:14]   无匹配路由，跳过
[2026-03-12 10:25:14] 处理事件: agent-task-started (来源: dispatcher.sh)
[2026-03-12 10:25:14]   无匹配路由，跳过
[2026-03-12 10:25:14] 处理完成
[2026-03-12 10:25:14] 检测到文件变化: MODIFY
[2026-03-12 10:25:15] 无新事件
[2026-03-12 10:25:15] 处理完成
[2026-03-12 11:00:02] 检测到文件变化: MODIFY
[2026-03-12 11:00:03] 发现 4 条新事件 (offset=194)
[2026-03-12 11:00:03] 处理事件: dispatcher-task-start (来源: dispatcher.sh)
[2026-03-12 11:00:03]   无匹配路由，跳过
[2026-03-12 11:00:03] 处理事件: agent-task-started (来源: dispatcher.sh)
[2026-03-12 11:00:03]   无匹配路由，跳过
[2026-03-12 11:00:03] 处理事件: dispatcher-task-start (来源: dispatcher.sh)
[2026-03-12 11:00:03]   无匹配路由，跳过
[2026-03-12 11:00:03] 处理事件: agent-task-started (来源: dispatcher.sh)
[2026-03-12 11:00:03]   无匹配路由，跳过
[2026-03-12 11:00:03] 处理完成
[2026-03-12 11:00:03] 检测到文件变化: MODIFY
[2026-03-12 11:00:04] 无新事件
[2026-03-12 11:00:04] 处理完成
[2026-03-12 11:00:04] 检测到文件变化: MODIFY
[2026-03-12 11:00:05] 无新事件
[2026-03-12 11:00:05] 处理完成
[2026-03-12 11:00:05] 检测到文件变化: MODIFY
[2026-03-12 11:00:06] 无新事件
[2026-03-12 11:00:06] 处理完成
[2026-03-12 11:00:50] 检测到文件变化: MODIFY
[2026-03-12 11:00:52] 发现 1 条新事件 (offset=198)
[2026-03-12 11:00:52] 处理事件: health-check-all-green (来源: data_health_check.sh)
[2026-03-12 11:00:52]   SYSTEM_MAP 待更新: 数据线 → active
[2026-03-12 11:00:52]   触发 dispatcher 实时派发
[2026-03-12 11:00:52] 处理完成
[2026-03-12 13:00:02] 检测到文件变化: MODIFY
[2026-03-12 13:00:03] 发现 4 条新事件 (offset=199)
[2026-03-12 13:00:03] 处理事件: dispatcher-task-start (来源: dispatcher.sh)
[2026-03-12 13:00:03]   无匹配路由，跳过
[2026-03-12 13:00:03] 处理事件: agent-task-started (来源: dispatcher.sh)
[2026-03-12 13:00:03]   无匹配路由，跳过
[2026-03-12 13:00:03] 处理事件: dispatcher-task-start (来源: dispatcher.sh)
[2026-03-12 13:00:03]   无匹配路由，跳过
[2026-03-12 13:00:03] 处理事件: agent-task-started (来源: dispatcher.sh)
[2026-03-12 13:00:03]   无匹配路由，跳过
[2026-03-12 13:00:03] 处理完成
[2026-03-12 13:00:03] 检测到文件变化: MODIFY
[2026-03-12 13:00:04] 无新事件
[2026-03-12 13:00:04] 处理完成
[2026-03-12 13:00:04] 检测到文件变化: MODIFY
[2026-03-12 13:00:05] 无新事件
[2026-03-12 13:00:05] 处理完成
[2026-03-12 13:00:05] 检测到文件变化: MODIFY
[2026-03-12 13:00:07] 无新事件
[2026-03-12 13:00:07] 处理完成
[2026-03-12 13:01:05] 检测到文件变化: MODIFY
[2026-03-12 13:01:07] 发现 1 条新事件 (offset=203)
[2026-03-12 13:01:07] 处理事件: health-check-all-green (来源: data_health_check.sh)
[2026-03-12 13:01:07]   SYSTEM_MAP 待更新: 数据线 → active
[2026-03-12 13:01:07]   触发 dispatcher 实时派发
[2026-03-12 13:01:07] 处理完成
[2026-03-12 14:00:02] 检测到文件变化: MODIFY
[2026-03-12 14:00:03] 发现 4 条新事件 (offset=204)
[2026-03-12 14:00:03] 处理事件: dispatcher-task-start (来源: dispatcher.sh)
[2026-03-12 14:00:03]   无匹配路由，跳过
[2026-03-12 14:00:03] 处理事件: agent-task-started (来源: dispatcher.sh)
[2026-03-12 14:00:03]   无匹配路由，跳过
[2026-03-12 14:00:03] 处理事件: dispatcher-task-start (来源: dispatcher.sh)
[2026-03-12 14:00:03]   无匹配路由，跳过
[2026-03-12 14:00:03] 处理事件: agent-task-started (来源: dispatcher.sh)
[2026-03-12 14:00:03]   无匹配路由，跳过
[2026-03-12 14:00:03] 处理完成
[2026-03-12 14:00:03] 检测到文件变化: MODIFY
[2026-03-12 14:00:04] 无新事件
[2026-03-12 14:00:04] 处理完成
[2026-03-12 14:00:04] 检测到文件变化: MODIFY
[2026-03-12 14:00:05] 无新事件
[2026-03-12 14:00:05] 处理完成
[2026-03-12 14:00:05] 检测到文件变化: MODIFY
[2026-03-12 14:00:07] 无新事件
[2026-03-12 14:00:07] 处理完成
[2026-03-12 14:01:01] 检测到文件变化: MODIFY
[2026-03-12 14:01:02] 发现 1 条新事件 (offset=208)
[2026-03-12 14:01:02] 处理事件: health-check-failed (来源: health-check-lite)
[2026-03-12 14:01:02]   SYSTEM_MAP 待更新: 数据线 → blocked
[2026-03-12 14:01:02] 处理完成
[2026-03-12 14:01:28] 检测到文件变化: MODIFY
[2026-03-12 14:01:29] 发现 1 条新事件 (offset=209)
[2026-03-12 14:01:29] 处理事件: health-check-all-green (来源: data_health_check.sh)
[2026-03-12 14:01:29]   SYSTEM_MAP 待更新: 数据线 → active
[2026-03-12 14:01:29]   触发 dispatcher 实时派发
[2026-03-12 14:01:29] 处理完成
[2026-03-12 15:00:02] 检测到文件变化: MODIFY
[2026-03-12 15:00:03] 发现 4 条新事件 (offset=210)
[2026-03-12 15:00:03] 处理事件: dispatcher-task-start (来源: dispatcher.sh)
[2026-03-12 15:00:03]   无匹配路由，跳过
[2026-03-12 15:00:03] 处理事件: agent-task-started (来源: dispatcher.sh)
[2026-03-12 15:00:03]   无匹配路由，跳过
[2026-03-12 15:00:03] 处理事件: dispatcher-task-start (来源: dispatcher.sh)
[2026-03-12 15:00:03]   无匹配路由，跳过
[2026-03-12 15:00:03] 处理事件: agent-task-started (来源: dispatcher.sh)
[2026-03-12 15:00:03]   无匹配路由，跳过
[2026-03-12 15:00:03] 处理完成
[2026-03-12 15:00:03] 检测到文件变化: MODIFY
[2026-03-12 15:00:04] 无新事件
[2026-03-12 15:00:04] 处理完成
[2026-03-12 15:00:04] 检测到文件变化: MODIFY
[2026-03-12 15:00:05] 无新事件
[2026-03-12 15:00:05] 处理完成
[2026-03-12 15:00:05] 检测到文件变化: MODIFY
[2026-03-12 15:00:06] 无新事件
[2026-03-12 15:00:06] 处理完成
[2026-03-12 15:00:57] 检测到文件变化: MODIFY
[2026-03-12 15:00:58] 发现 1 条新事件 (offset=214)
[2026-03-12 15:00:58] 处理事件: health-check-all-green (来源: data_health_check.sh)
[2026-03-12 15:00:58]   SYSTEM_MAP 待更新: 数据线 → active
[2026-03-12 15:00:58]   触发 dispatcher 实时派发
[2026-03-12 15:00:58] 处理完成
[2026-03-12 16:00:02] 检测到文件变化: MODIFY
[2026-03-12 16:00:04] 发现 4 条新事件 (offset=215)
[2026-03-12 16:00:04] 处理事件: dispatcher-task-start (来源: dispatcher.sh)
[2026-03-12 16:00:04]   无匹配路由，跳过
[2026-03-12 16:00:04] 处理事件: agent-task-started (来源: dispatcher.sh)
[2026-03-12 16:00:04]   无匹配路由，跳过
[2026-03-12 16:00:04] 处理事件: dispatcher-task-start (来源: dispatcher.sh)
[2026-03-12 16:00:04]   无匹配路由，跳过
[2026-03-12 16:00:04] 处理事件: agent-task-started (来源: dispatcher.sh)
[2026-03-12 16:00:04]   无匹配路由，跳过
[2026-03-12 16:00:04] 处理完成
[2026-03-12 16:00:04] 检测到文件变化: MODIFY
[2026-03-12 16:00:05] 无新事件
[2026-03-12 16:00:05] 处理完成
[2026-03-12 16:00:05] 检测到文件变化: MODIFY
[2026-03-12 16:00:06] 无新事件
[2026-03-12 16:00:06] 处理完成
[2026-03-12 16:00:06] 检测到文件变化: MODIFY
[2026-03-12 16:00:07] 无新事件
[2026-03-12 16:00:07] 处理完成
[2026-03-12 16:00:59] 检测到文件变化: MODIFY
[2026-03-12 16:01:00] 发现 1 条新事件 (offset=219)
[2026-03-12 16:01:00] 处理事件: health-check-all-green (来源: data_health_check.sh)
[2026-03-12 16:01:00]   SYSTEM_MAP 待更新: 数据线 → active
[2026-03-12 16:01:00]   触发 dispatcher 实时派发
[2026-03-12 16:01:00] 处理完成
[2026-03-12 17:00:01] 检测到文件变化: MODIFY
[2026-03-12 17:00:02] 发现 4 条新事件 (offset=220)
[2026-03-12 17:00:02] 处理事件: dispatcher-task-start (来源: dispatcher.sh)
[2026-03-12 17:00:02]   无匹配路由，跳过
[2026-03-12 17:00:02] 处理事件: agent-task-started (来源: dispatcher.sh)
[2026-03-12 17:00:02]   无匹配路由，跳过
[2026-03-12 17:00:02] 处理事件: dispatcher-task-start (来源: dispatcher.sh)
[2026-03-12 17:00:02]   无匹配路由，跳过
[2026-03-12 17:00:02] 处理事件: agent-task-started (来源: dispatcher.sh)
[2026-03-12 17:00:02]   无匹配路由，跳过
[2026-03-12 17:00:02] 处理完成
[2026-03-12 17:00:02] 检测到文件变化: MODIFY
[2026-03-12 17:00:04] 无新事件
[2026-03-12 17:00:04] 处理完成
[2026-03-12 17:00:04] 检测到文件变化: MODIFY
[2026-03-12 17:00:05] 无新事件
[2026-03-12 17:00:05] 处理完成
[2026-03-12 17:00:05] 检测到文件变化: MODIFY
[2026-03-12 17:00:06] 无新事件
[2026-03-12 17:00:06] 处理完成
[2026-03-12 17:00:47] 检测到文件变化: MODIFY
[2026-03-12 17:00:48] 发现 1 条新事件 (offset=224)
[2026-03-12 17:00:48] 处理事件: health-check-all-green (来源: data_health_check.sh)
[2026-03-12 17:00:48]   SYSTEM_MAP 待更新: 数据线 → active
[2026-03-12 17:00:48]   触发 dispatcher 实时派发
[2026-03-12 17:00:48] 处理完成
[2026-03-12 18:00:02] 检测到文件变化: MODIFY
[2026-03-12 18:00:03] 发现 4 条新事件 (offset=225)
[2026-03-12 18:00:03] 处理事件: dispatcher-task-start (来源: dispatcher.sh)
[2026-03-12 18:00:03]   无匹配路由，跳过
[2026-03-12 18:00:03] 处理事件: agent-task-started (来源: dispatcher.sh)
[2026-03-12 18:00:03]   无匹配路由，跳过
[2026-03-12 18:00:03] 处理事件: dispatcher-task-start (来源: dispatcher.sh)
[2026-03-12 18:00:03]   无匹配路由，跳过
[2026-03-12 18:00:03] 处理事件: agent-task-started (来源: dispatcher.sh)
[2026-03-12 18:00:03]   无匹配路由，跳过
[2026-03-12 18:00:03] 处理完成
[2026-03-12 18:00:03] 检测到文件变化: MODIFY
[2026-03-12 18:00:04] 无新事件
[2026-03-12 18:00:04] 处理完成
[2026-03-12 18:00:04] 检测到文件变化: MODIFY
[2026-03-12 18:00:05] 无新事件
[2026-03-12 18:00:05] 处理完成
[2026-03-12 18:00:05] 检测到文件变化: MODIFY
[2026-03-12 18:00:06] 无新事件
[2026-03-12 18:00:06] 处理完成
[2026-03-12 18:00:49] 检测到文件变化: MODIFY
[2026-03-12 18:00:50] 发现 1 条新事件 (offset=229)
[2026-03-12 18:00:50] 处理事件: health-check-all-green (来源: data_health_check.sh)
[2026-03-12 18:00:50]   SYSTEM_MAP 待更新: 数据线 → active
[2026-03-12 18:00:50]   触发 dispatcher 实时派发
[2026-03-12 18:00:50] 处理完成
[2026-03-12 22:35:34] 检测到文件变化: MODIFY
[2026-03-12 22:35:35] 发现 1 条新事件 (offset=230)
[2026-03-12 22:35:35] 处理事件: xhs-crawl-complete (来源: xhs-crawl.sh)
[2026-03-12 22:35:35]   启动脚本: data/pipelines/data-sync.sh
[2026-03-12 22:35:35]   发射事件: data-sync-triggered
[2026-03-12 22:35:35] 处理完成
[2026-03-12 22:35:35] 检测到文件变化: MODIFY
[2026-03-12 22:35:36] 发现 1 条新事件 (offset=231)
[2026-03-12 22:35:36] 处理事件: data-sync-triggered (来源: xhs-crawl.sh)
[2026-03-12 22:35:36]   无匹配路由，跳过
[2026-03-12 22:35:36] 处理完成
[2026-03-12 22:37:10] 检测到文件变化: MODIFY
[2026-03-12 22:37:11] 发现 1 条新事件 (offset=232)
[2026-03-12 22:37:11] 处理事件: data-sync-complete (来源: data-sync.sh)
[2026-03-12 22:37:38]   启动脚本: skills/xhs/xhs-analyze.sh
[2026-03-12 22:37:38]   发射事件: data-fresh
[2026-03-12 22:37:38] 处理完成
[2026-03-12 22:37:38] 检测到文件变化: MODIFY
[2026-03-12 22:37:39] 发现 2 条新事件 (offset=233)
[2026-03-12 22:37:39] 处理事件: health-check-all-green (来源: data_health_check.sh)
[2026-03-12 22:37:39]   SYSTEM_MAP 待更新: 数据线 → active
[2026-03-12 22:37:39]   触发 dispatcher 实时派发
[2026-03-12 22:37:39] 处理事件: data-fresh (来源: data-sync.sh)
[2026-03-12 22:37:39]   无匹配路由，跳过
[2026-03-12 22:37:39] 处理完成
[2026-03-12 22:37:39] 检测到文件变化: MODIFY
[2026-03-12 22:37:41] 无新事件
[2026-03-12 22:37:41] 处理完成
[2026-03-14 22:16:42] Event watcher 启动，监听 /home/hangn/mason-hub/data/events/queue.jsonl
[2026-03-14 22:22:05] Event watcher 启动，监听 /home/hangn/mason-hub/data/events/queue.jsonl
[2026-03-15 00:20:26] Event watcher 启动，监听 /home/hangn/mason-hub/data/events/queue.jsonl
[2026-03-15 01:15:29] 检测到文件变化: MODIFY
[2026-03-15 01:15:30] 发现 15 条新事件 (offset=278)
[2026-03-15 01:15:30] 处理事件: dispatcher-task-start (来源: dispatcher.sh)
[2026-03-15 01:15:30]   无匹配路由，跳过
[2026-03-15 01:15:30] 处理事件: agent-task-started (来源: dispatcher.sh)
[2026-03-15 01:15:30]   无匹配路由，跳过
[2026-03-15 01:15:30] 处理事件: dispatcher-task-start (来源: dispatcher.sh)
[2026-03-15 01:15:30]   无匹配路由，跳过
[2026-03-15 01:15:30] 处理事件: agent-task-started (来源: dispatcher.sh)
[2026-03-15 01:15:30]   无匹配路由，跳过
[2026-03-15 01:15:30] 处理事件: dispatcher-task-start (来源: dispatcher.sh)
[2026-03-15 01:15:30]   无匹配路由，跳过
[2026-03-15 01:15:30] 处理事件: agent-task-started (来源: dispatcher.sh)
[2026-03-15 01:15:30]   无匹配路由，跳过
[2026-03-15 01:15:30] 处理事件: dispatcher-task-start (来源: dispatcher.sh)
[2026-03-15 01:15:30]   无匹配路由，跳过
[2026-03-15 01:15:30] 处理事件: agent-task-started (来源: dispatcher.sh)
[2026-03-15 01:15:30]   无匹配路由，跳过
[2026-03-15 01:15:30] 处理事件: dispatcher-task-start (来源: dispatcher.sh)
[2026-03-15 01:15:30]   无匹配路由，跳过
[2026-03-15 01:15:30] 处理事件: agent-task-started (来源: dispatcher.sh)
[2026-03-15 01:15:30]   无匹配路由，跳过
[2026-03-15 01:15:30] 处理事件: health-check-failed (来源: health-check-lite)
[2026-03-15 01:15:30]   SYSTEM_MAP 待更新: 数据线 → blocked
[2026-03-15 01:15:30] 处理事件: health-check-failed (来源: health-check-lite)
[2026-03-15 01:15:30]   SYSTEM_MAP 待更新: 数据线 → blocked
[2026-03-15 01:15:30] 处理事件: health-check-failed (来源: health-check-lite)
[2026-03-15 01:15:30]   SYSTEM_MAP 待更新: 数据线 → blocked
[2026-03-15 01:15:30] 处理事件: health-check-failed (来源: health-check-lite)
[2026-03-15 01:15:30]   SYSTEM_MAP 待更新: 数据线 → blocked
[2026-03-15 01:15:30] 处理事件: health-check-failed (来源: data_health_check.sh)
[2026-03-15 01:15:30]   SYSTEM_MAP 待更新: 数据线 → blocked
[2026-03-15 01:15:30] 处理完成
[2026-03-15 07:00:33] 检测到文件变化: MODIFY
[2026-03-15 07:00:34] 发现 1 条新事件 (offset=293)
[2026-03-15 07:00:34] 处理事件: health-check-failed (来源: health-check-lite)
[2026-03-15 07:00:34]   SYSTEM_MAP 待更新: 数据线 → blocked
[2026-03-15 07:00:34] 处理完成
[2026-03-15 08:00:42] 检测到文件变化: MODIFY
[2026-03-15 08:00:43] 发现 1 条新事件 (offset=294)
[2026-03-15 08:00:43] 处理事件: health-check-failed (来源: health-check-lite)
[2026-03-15 08:00:43]   SYSTEM_MAP 待更新: 数据线 → blocked
[2026-03-15 08:00:44] 处理完成
[2026-03-15 15:00:46] 检测到文件变化: MODIFY
[2026-03-15 15:00:47] 发现 1 条新事件 (offset=295)
[2026-03-15 15:00:47] 处理事件: health-check-failed (来源: health-check-lite)
[2026-03-15 15:00:47]   SYSTEM_MAP 待更新: 数据线 → blocked
[2026-03-15 15:00:47] 处理完成
[2026-03-16 01:15:29] 检测到文件变化: MODIFY
[2026-03-16 01:15:30] 发现 1 条新事件 (offset=296)
[2026-03-16 01:15:30] 处理事件: health-check-failed (来源: data_health_check.sh)
[2026-03-16 01:15:30]   SYSTEM_MAP 待更新: 数据线 → blocked
[2026-03-16 01:15:30] 处理完成
[2026-03-16 15:00:36] 检测到文件变化: MODIFY
[2026-03-16 15:00:38] 发现 1 条新事件 (offset=297)
[2026-03-16 15:00:38] 处理事件: health-check-failed (来源: health-check-lite)
[2026-03-16 15:00:38]   SYSTEM_MAP 待更新: 数据线 → blocked
[2026-03-16 15:00:38] 处理完成
[2026-03-17 01:15:28] 检测到文件变化: MODIFY
[2026-03-17 01:15:29] 发现 1 条新事件 (offset=298)
[2026-03-17 01:15:29] 处理事件: health-check-failed (来源: data_health_check.sh)
[2026-03-17 01:15:29]   SYSTEM_MAP 待更新: 数据线 → blocked
[2026-03-17 01:15:29] 处理完成
[2026-03-18 01:15:28] 检测到文件变化: MODIFY
[2026-03-18 01:15:29] 发现 1 条新事件 (offset=299)
[2026-03-18 01:15:29] 处理事件: health-check-failed (来源: data_health_check.sh)
[2026-03-18 01:15:29]   SYSTEM_MAP 待更新: 数据线 → blocked
[2026-03-18 01:15:29] 处理完成
[2026-03-19 01:15:28] 检测到文件变化: MODIFY
[2026-03-19 01:15:29] 发现 1 条新事件 (offset=300)
[2026-03-19 01:15:29] 处理事件: health-check-failed (来源: data_health_check.sh)
[2026-03-19 01:15:29]   SYSTEM_MAP 待更新: 数据线 → blocked
[2026-03-19 01:15:29] 处理完成
