[2026-03-10 18:39:03] 发现 1 条新事件 (offset=0)
[2026-03-10 18:39:03]   JSON 解析失败: {"event":"health-check-all-green","source":"manual-test","timestamp":"2026-03-10
[2026-03-10 18:40:27] 发现 1 条新事件 (offset=0)
[2026-03-10 18:40:27] 处理事件: health-check-all-green (来源: manual-test)
[2026-03-10 18:40:27]   保存到 pending: 不在执行时间窗口 (CST 08:00-22:00)
[2026-03-10 18:44:02] 发现 2 条新事件 (offset=0)
[2026-03-10 18:44:02] 处理事件: health-check-all-green (来源: manual-test)
[2026-03-10 18:44:02]   保存到 pending: 不在执行时间窗口 (CST 08:00-22:00)
[2026-03-10 18:44:02] 处理事件: blocker-resolved (来源: manual-test)
[2026-03-10 18:44:02]   保存到 pending: 不在执行时间窗口 (CST 08:00-22:00)
[2026-03-10 19:54:52] 发现 1 条新事件 (offset=2)
[2026-03-10 19:54:52] 处理事件: health-check-failed (来源: data_health_check.sh)
[2026-03-10 19:54:52]   保存到 pending: 不在执行时间窗口 (CST 08:00-22:00)
[2026-03-10 21:28:39] 发现 1 条新事件 (offset=3)
[2026-03-10 21:28:39] 处理事件: health-check-failed (来源: data_health_check.sh)
[2026-03-10 21:28:39]   保存到 pending: 不在执行时间窗口 (CST 08:00-22:00)
[2026-03-10 23:10:14] 无新事件
[2026-03-10 23:13:58] 发现 1 条新事件 (offset=4)
[2026-03-10 23:13:58] 处理事件: health-check-failed (来源: data_health_check.sh)
[2026-03-10 23:13:58]   保存到 pending: 不在执行时间窗口 (CST 08:00-22:00)
[2026-03-10 23:28:16] 发现 1 条新事件 (offset=5)
[2026-03-10 23:28:16] 处理事件: health-check-failed (来源: data_health_check.sh)
[2026-03-10 23:28:16]   保存到 pending: 不在执行时间窗口 (CST 08:00-22:00)
[2026-03-10 23:35:54] 发现 1 条新事件 (offset=6)
[2026-03-10 23:35:54] 处理事件: health-check-failed (来源: data_health_check.sh)
[2026-03-10 23:35:54]   保存到 pending: 不在执行时间窗口 (CST 08:00-22:00)
[2026-03-10 23:43:25] 发现 1 条新事件 (offset=7)
[2026-03-10 23:43:25] 处理事件: health-check-failed (来源: data_health_check.sh)
[2026-03-10 23:43:25]   保存到 pending: 不在执行时间窗口 (CST 08:00-22:00)
[2026-03-11 00:55:27] 发现 1 条新事件 (offset=8)
[2026-03-11 00:55:27] 处理事件: health-check-failed (来源: data_health_check.sh)
[2026-03-11 00:55:27]   SYSTEM_MAP 待更新: 数据线 → blocked
[2026-03-11 00:55:27]   Slack webhook 未配置，跳过: ⚠️ data_health_check 出现失败
```{"ok": 10, "total": 15, "errors": 4}```
[2026-03-11 01:01:27] 发现 1 条新事件 (offset=9)
[2026-03-11 01:01:27] 处理事件: health-check-failed (来源: data_health_check.sh)
[2026-03-11 01:01:27]   SYSTEM_MAP 待更新: 数据线 → blocked
[2026-03-11 01:01:27]   Slack webhook 未配置，跳过: ⚠️ data_health_check 出现失败
```{"ok": 10, "total": 15, "errors": 4}```
[2026-03-11 01:15:34] 发现 1 条新事件 (offset=10)
[2026-03-11 01:15:34] 处理事件: health-check-failed (来源: data_health_check.sh)
[2026-03-11 01:15:34]   SYSTEM_MAP 待更新: 数据线 → blocked
[2026-03-11 01:15:34]   Slack webhook 未配置，跳过: ⚠️ data_health_check 出现失败
```{"ok": 10, "total": 15, "errors": 4}```
[2026-03-11 01:52:00] 发现 1 条新事件 (offset=11)
[2026-03-11 01:52:00] 处理事件: health-check-failed (来源: data_health_check.sh)
[2026-03-11 01:52:00]   SYSTEM_MAP 待更新: 数据线 → blocked
[2026-03-11 01:57:12] 无新事件
[2026-03-11 01:58:32] 发现 1 条新事件 (offset=12)
[2026-03-11 01:58:32] 处理事件: health-check-failed (来源: data_health_check.sh)
[2026-03-11 01:58:32]   SYSTEM_MAP 待更新: 数据线 → blocked
[2026-03-11 02:00:02] 无新事件
[2026-03-11 02:00:02] 检查 9 条 pending 事件
[2026-03-11 02:00:02]   pending 事件条件满足: blocker-resolved
[2026-03-11 02:00:02] 检查 8 条 pending 事件
[2026-03-11 02:00:02]   pending 事件条件满足: health-check-all-green
[2026-03-11 02:00:02]   SYSTEM_MAP 待更新: 数据线 → active
[2026-03-11 02:00:02] 检查 7 条 pending 事件
[2026-03-11 02:00:02]   pending 事件条件满足: health-check-all-green
[2026-03-11 02:00:02]   SYSTEM_MAP 待更新: 数据线 → active
[2026-03-11 02:00:02] 检查 6 条 pending 事件
[2026-03-11 02:00:02]   pending 事件条件满足: health-check-failed
[2026-03-11 02:00:02]   SYSTEM_MAP 待更新: 数据线 → blocked
[2026-03-11 02:00:02]   pending 事件条件满足: health-check-failed
[2026-03-11 02:00:02]   SYSTEM_MAP 待更新: 数据线 → blocked
[2026-03-11 02:00:02]   pending 事件条件满足: health-check-failed
[2026-03-11 02:00:02]   SYSTEM_MAP 待更新: 数据线 → blocked
[2026-03-11 02:00:02]   pending 事件条件满足: health-check-failed
[2026-03-11 02:00:02]   SYSTEM_MAP 待更新: 数据线 → blocked
[2026-03-11 02:00:03]   pending 事件条件满足: health-check-failed
[2026-03-11 02:00:03]   SYSTEM_MAP 待更新: 数据线 → blocked
[2026-03-11 02:00:03]   pending 事件条件满足: health-check-failed
[2026-03-11 02:00:03]   SYSTEM_MAP 待更新: 数据线 → blocked
[2026-03-11 02:00:03]   pending 处理失败: health-check-failed_20260310_195452.json: [Errno 2] No such file or directory: '/home/hangn/mason-hub/data/events/pending/health-check-failed_20260310_195452.json'
[2026-03-11 02:00:03]   pending 处理失败: health-check-failed_20260310_212839.json: [Errno 2] No such file or directory: '/home/hangn/mason-hub/data/events/pending/health-check-failed_20260310_212839.json'
[2026-03-11 02:00:03]   pending 处理失败: health-check-failed_20260310_231358.json: [Errno 2] No such file or directory: '/home/hangn/mason-hub/data/events/pending/health-check-failed_20260310_231358.json'
[2026-03-11 02:00:03]   pending 处理失败: health-check-failed_20260310_232816.json: [Errno 2] No such file or directory: '/home/hangn/mason-hub/data/events/pending/health-check-failed_20260310_232816.json'
[2026-03-11 02:00:03]   pending 处理失败: health-check-failed_20260310_233554.json: [Errno 2] No such file or directory: '/home/hangn/mason-hub/data/events/pending/health-check-failed_20260310_233554.json'
[2026-03-11 02:00:03]   pending 处理失败: health-check-failed_20260310_234325.json: [Errno 2] No such file or directory: '/home/hangn/mason-hub/data/events/pending/health-check-failed_20260310_234325.json'
[2026-03-11 02:00:03]   pending 处理失败: health-check-all-green_20260310_184402.json: [Errno 2] No such file or directory: '/home/hangn/mason-hub/data/events/pending/health-check-all-green_20260310_184402.json'
[2026-03-11 02:00:03]   pending 处理失败: health-check-failed_20260310_195452.json: [Errno 2] No such file or directory: '/home/hangn/mason-hub/data/events/pending/health-check-failed_20260310_195452.json'
[2026-03-11 02:00:03]   pending 处理失败: health-check-failed_20260310_212839.json: [Errno 2] No such file or directory: '/home/hangn/mason-hub/data/events/pending/health-check-failed_20260310_212839.json'
[2026-03-11 02:00:03]   pending 处理失败: health-check-failed_20260310_231358.json: [Errno 2] No such file or directory: '/home/hangn/mason-hub/data/events/pending/health-check-failed_20260310_231358.json'
[2026-03-11 02:00:03]   pending 处理失败: health-check-failed_20260310_232816.json: [Errno 2] No such file or directory: '/home/hangn/mason-hub/data/events/pending/health-check-failed_20260310_232816.json'
[2026-03-11 02:00:03]   pending 处理失败: health-check-failed_20260310_233554.json: [Errno 2] No such file or directory: '/home/hangn/mason-hub/data/events/pending/health-check-failed_20260310_233554.json'
[2026-03-11 02:00:03]   pending 处理失败: health-check-failed_20260310_234325.json: [Errno 2] No such file or directory: '/home/hangn/mason-hub/data/events/pending/health-check-failed_20260310_234325.json'
[2026-03-11 02:00:03]   pending 处理失败: health-check-all-green_20260310_184027.json: [Errno 2] No such file or directory: '/home/hangn/mason-hub/data/events/pending/health-check-all-green_20260310_184027.json'
[2026-03-11 02:00:03]   pending 处理失败: health-check-all-green_20260310_184402.json: [Errno 2] No such file or directory: '/home/hangn/mason-hub/data/events/pending/health-check-all-green_20260310_184402.json'
[2026-03-11 02:00:03]   pending 处理失败: health-check-failed_20260310_195452.json: [Errno 2] No such file or directory: '/home/hangn/mason-hub/data/events/pending/health-check-failed_20260310_195452.json'
[2026-03-11 02:00:03]   pending 处理失败: health-check-failed_20260310_212839.json: [Errno 2] No such file or directory: '/home/hangn/mason-hub/data/events/pending/health-check-failed_20260310_212839.json'
[2026-03-11 02:00:03]   pending 处理失败: health-check-failed_20260310_231358.json: [Errno 2] No such file or directory: '/home/hangn/mason-hub/data/events/pending/health-check-failed_20260310_231358.json'
[2026-03-11 02:00:03]   pending 处理失败: health-check-failed_20260310_232816.json: [Errno 2] No such file or directory: '/home/hangn/mason-hub/data/events/pending/health-check-failed_20260310_232816.json'
[2026-03-11 02:00:03]   pending 处理失败: health-check-failed_20260310_233554.json: [Errno 2] No such file or directory: '/home/hangn/mason-hub/data/events/pending/health-check-failed_20260310_233554.json'
[2026-03-11 02:00:03]   pending 处理失败: health-check-failed_20260310_234325.json: [Errno 2] No such file or directory: '/home/hangn/mason-hub/data/events/pending/health-check-failed_20260310_234325.json'
[2026-03-11 02:00:04] 发现 2 条新事件 (offset=13)
[2026-03-11 02:00:04] 处理事件: dispatcher-task-start (来源: dispatcher.sh)
[2026-03-11 02:00:04]   无匹配路由，跳过
[2026-03-11 02:00:04] 处理事件: agent-task-started (来源: dispatcher.sh)
[2026-03-11 02:00:04]   无匹配路由，跳过
[2026-03-11 02:00:05] 无新事件
[2026-03-11 02:00:40] 发现 1 条新事件 (offset=15)
[2026-03-11 02:00:40] 处理事件: health-check-failed (来源: data_health_check.sh)
[2026-03-11 02:00:40]   SYSTEM_MAP 待更新: 数据线 → blocked
[2026-03-11 02:25:25] 发现 1 条新事件 (offset=16)
[2026-03-11 02:25:25] 处理事件: health-check-failed (来源: data_health_check.sh)
[2026-03-11 02:25:25]   SYSTEM_MAP 待更新: 数据线 → blocked
[2026-03-11 02:50:01] 发现 1 条新事件 (offset=17)
[2026-03-11 02:50:01] 处理事件: health-check-failed (来源: data_health_check.sh)
[2026-03-11 02:50:01]   SYSTEM_MAP 待更新: 数据线 → blocked
[2026-03-11 02:55:33] 无新事件
[2026-03-11 03:00:01] 无新事件
[2026-03-11 03:00:03] 发现 2 条新事件 (offset=18)
[2026-03-11 03:00:03] 处理事件: dispatcher-task-start (来源: dispatcher.sh)
[2026-03-11 03:00:03]   无匹配路由，跳过
[2026-03-11 03:00:03] 处理事件: agent-task-started (来源: dispatcher.sh)
[2026-03-11 03:00:03]   无匹配路由，跳过
[2026-03-11 03:00:04] 无新事件
[2026-03-11 04:43:14] 发现 1 条新事件 (offset=20)
[2026-03-11 04:43:14] 处理事件: health-check-failed (来源: data_health_check.sh)
[2026-03-11 04:43:14]   SYSTEM_MAP 待更新: 数据线 → blocked
[2026-03-11 04:53:29] 发现 1 条新事件 (offset=21)
[2026-03-11 04:53:29] 处理事件: health-check-failed (来源: data_health_check.sh)
[2026-03-11 04:53:29]   SYSTEM_MAP 待更新: 数据线 → blocked
[2026-03-11 04:57:11] 发现 1 条新事件 (offset=22)
[2026-03-11 04:57:11] 处理事件: health-check-failed (来源: data_health_check.sh)
[2026-03-11 04:57:11]   SYSTEM_MAP 待更新: 数据线 → blocked
[2026-03-11 07:22:20] 无新事件
[2026-03-11 07:27:55] 发现 1 条新事件 (offset=23)
[2026-03-11 07:27:55] 处理事件: health-check-failed (来源: data_health_check.sh)
[2026-03-11 07:27:55]   SYSTEM_MAP 待更新: 数据线 → blocked
[2026-03-11 07:31:42] 发现 1 条新事件 (offset=24)
[2026-03-11 07:31:42] 处理事件: health-check-failed (来源: data_health_check.sh)
[2026-03-11 07:31:42]   SYSTEM_MAP 待更新: 数据线 → blocked
[2026-03-11 07:52:03] 无新事件
[2026-03-11 07:52:04] 发现 4 条新事件 (offset=25)
[2026-03-11 07:52:04] 处理事件: dispatcher-task-start (来源: dispatcher.sh)
[2026-03-11 07:52:04]   无匹配路由，跳过
[2026-03-11 07:52:04] 处理事件: agent-task-started (来源: dispatcher.sh)
[2026-03-11 07:52:04]   无匹配路由，跳过
[2026-03-11 07:52:04] 处理事件: dispatcher-task-start (来源: dispatcher.sh)
[2026-03-11 07:52:04]   无匹配路由，跳过
[2026-03-11 07:52:04] 处理事件: agent-task-started (来源: dispatcher.sh)
[2026-03-11 07:52:04]   无匹配路由，跳过
[2026-03-11 07:52:05] 无新事件
[2026-03-11 07:52:07] 无新事件
[2026-03-11 07:52:08] 无新事件
[2026-03-11 08:00:01] 无新事件
[2026-03-11 08:00:02] 发现 4 条新事件 (offset=29)
[2026-03-11 08:00:02] 处理事件: dispatcher-task-start (来源: dispatcher.sh)
[2026-03-11 08:00:02]   无匹配路由，跳过
[2026-03-11 08:00:02] 处理事件: agent-task-started (来源: dispatcher.sh)
[2026-03-11 08:00:02]   无匹配路由，跳过
[2026-03-11 08:00:02] 处理事件: dispatcher-task-start (来源: dispatcher.sh)
[2026-03-11 08:00:02]   无匹配路由，跳过
[2026-03-11 08:00:02] 处理事件: agent-task-started (来源: dispatcher.sh)
[2026-03-11 08:00:02]   无匹配路由，跳过
[2026-03-11 08:00:03] 无新事件
[2026-03-11 08:00:04] 无新事件
[2026-03-11 08:00:05] 无新事件
[2026-03-11 08:50:20] 发现 1 条新事件 (offset=33)
[2026-03-11 08:50:20] 处理事件: health-check-failed (来源: data_health_check.sh)
[2026-03-11 08:50:20]   SYSTEM_MAP 待更新: 数据线 → blocked
[2026-03-11 09:00:01] 无新事件
[2026-03-11 09:00:03] 发现 4 条新事件 (offset=34)
[2026-03-11 09:00:03] 处理事件: dispatcher-task-start (来源: dispatcher.sh)
[2026-03-11 09:00:03]   无匹配路由，跳过
[2026-03-11 09:00:03] 处理事件: agent-task-started (来源: dispatcher.sh)
[2026-03-11 09:00:03]   无匹配路由，跳过
[2026-03-11 09:00:03] 处理事件: dispatcher-task-start (来源: dispatcher.sh)
[2026-03-11 09:00:03]   无匹配路由，跳过
[2026-03-11 09:00:03] 处理事件: agent-task-started (来源: dispatcher.sh)
[2026-03-11 09:00:03]   无匹配路由，跳过
[2026-03-11 09:00:04] 无新事件
[2026-03-11 09:00:05] 无新事件
[2026-03-11 09:00:06] 无新事件
[2026-03-11 09:53:51] 发现 1 条新事件 (offset=38)
[2026-03-11 09:53:51] 处理事件: health-check-failed (来源: data_health_check.sh)
[2026-03-11 09:53:51]   SYSTEM_MAP 待更新: 数据线 → blocked
[2026-03-11 10:00:01] 无新事件
[2026-03-11 10:00:03] 发现 4 条新事件 (offset=39)
[2026-03-11 10:00:03] 处理事件: dispatcher-task-start (来源: dispatcher.sh)
[2026-03-11 10:00:03]   无匹配路由，跳过
[2026-03-11 10:00:03] 处理事件: agent-task-started (来源: dispatcher.sh)
[2026-03-11 10:00:03]   无匹配路由，跳过
[2026-03-11 10:00:03] 处理事件: dispatcher-task-start (来源: dispatcher.sh)
[2026-03-11 10:00:03]   无匹配路由，跳过
[2026-03-11 10:00:03] 处理事件: agent-task-started (来源: dispatcher.sh)
[2026-03-11 10:00:03]   无匹配路由，跳过
[2026-03-11 10:00:04] 无新事件
[2026-03-11 10:00:05] 无新事件
[2026-03-11 10:00:06] 无新事件
[2026-03-11 10:52:37] 发现 1 条新事件 (offset=43)
[2026-03-11 10:52:37] 处理事件: health-check-failed (来源: data_health_check.sh)
[2026-03-11 10:52:37]   SYSTEM_MAP 待更新: 数据线 → blocked
[2026-03-11 11:00:01] 无新事件
[2026-03-11 11:00:02] 发现 4 条新事件 (offset=44)
[2026-03-11 11:00:02] 处理事件: dispatcher-task-start (来源: dispatcher.sh)
[2026-03-11 11:00:02]   无匹配路由，跳过
[2026-03-11 11:00:02] 处理事件: agent-task-started (来源: dispatcher.sh)
[2026-03-11 11:00:02]   无匹配路由，跳过
[2026-03-11 11:00:02] 处理事件: dispatcher-task-start (来源: dispatcher.sh)
[2026-03-11 11:00:02]   无匹配路由，跳过
[2026-03-11 11:00:02] 处理事件: agent-task-started (来源: dispatcher.sh)
[2026-03-11 11:00:02]   无匹配路由，跳过
[2026-03-11 11:00:03] 无新事件
[2026-03-11 11:00:05] 无新事件
[2026-03-11 11:00:06] 无新事件
[2026-03-11 11:52:23] 发现 1 条新事件 (offset=48)
[2026-03-11 11:52:23] 处理事件: health-check-failed (来源: data_health_check.sh)
[2026-03-11 11:52:23]   SYSTEM_MAP 待更新: 数据线 → blocked
[2026-03-11 12:00:01] 无新事件
[2026-03-11 12:00:02] 发现 4 条新事件 (offset=49)
[2026-03-11 12:00:02] 处理事件: dispatcher-task-start (来源: dispatcher.sh)
[2026-03-11 12:00:02]   无匹配路由，跳过
[2026-03-11 12:00:02] 处理事件: agent-task-started (来源: dispatcher.sh)
[2026-03-11 12:00:02]   无匹配路由，跳过
[2026-03-11 12:00:02] 处理事件: dispatcher-task-start (来源: dispatcher.sh)
[2026-03-11 12:00:02]   无匹配路由，跳过
[2026-03-11 12:00:02] 处理事件: agent-task-started (来源: dispatcher.sh)
[2026-03-11 12:00:02]   无匹配路由，跳过
[2026-03-11 12:00:03] 无新事件
[2026-03-11 12:00:05] 无新事件
[2026-03-11 12:00:06] 无新事件
[2026-03-11 12:53:09] 发现 1 条新事件 (offset=53)
[2026-03-11 12:53:09] 处理事件: health-check-failed (来源: data_health_check.sh)
[2026-03-11 12:53:09]   SYSTEM_MAP 待更新: 数据线 → blocked
[2026-03-11 13:00:01] 无新事件
[2026-03-11 13:00:03] 发现 4 条新事件 (offset=54)
[2026-03-11 13:00:03] 处理事件: dispatcher-task-start (来源: dispatcher.sh)
[2026-03-11 13:00:03]   无匹配路由，跳过
[2026-03-11 13:00:03] 处理事件: agent-task-started (来源: dispatcher.sh)
[2026-03-11 13:00:03]   无匹配路由，跳过
[2026-03-11 13:00:03] 处理事件: dispatcher-task-start (来源: dispatcher.sh)
[2026-03-11 13:00:03]   无匹配路由，跳过
[2026-03-11 13:00:03] 处理事件: agent-task-started (来源: dispatcher.sh)
[2026-03-11 13:00:03]   无匹配路由，跳过
[2026-03-11 13:00:04] 无新事件
[2026-03-11 13:00:05] 无新事件
[2026-03-11 13:00:06] 无新事件
[2026-03-11 13:51:20] 发现 1 条新事件 (offset=58)
[2026-03-11 13:51:20] 处理事件: health-check-failed (来源: data_health_check.sh)
[2026-03-11 13:51:20]   SYSTEM_MAP 待更新: 数据线 → blocked
[2026-03-11 15:33:13] 无新事件
[2026-03-11 18:44:37] 发现 1 条新事件 (offset=59)
[2026-03-11 18:44:37] 处理事件: health-check-failed (来源: data_health_check.sh)
[2026-03-11 18:44:37]   保存到 pending: 不在执行时间窗口 (CST 08:00-22:00)
[2026-03-11 18:59:03] 发现 1 条新事件 (offset=60)
[2026-03-11 18:59:03] 处理事件: health-check-failed (来源: data_health_check.sh)
[2026-03-11 18:59:03]   SYSTEM_MAP 待更新: 数据线 → blocked
[2026-03-11 19:44:54] 发现 1 条新事件 (offset=61)
[2026-03-11 19:44:54] 处理事件: health-check-failed (来源: data_health_check.sh)
[2026-03-11 19:44:54]   SYSTEM_MAP 待更新: 数据线 → blocked
[2026-03-11 19:59:55] 无新事件
[2026-03-11 20:00:01] 无新事件
[2026-03-11 20:00:02] 检查 1 条 pending 事件
[2026-03-11 20:00:02]   pending 事件条件满足: health-check-failed
[2026-03-11 20:00:02]   SYSTEM_MAP 待更新: 数据线 → blocked
[2026-03-11 20:00:03] 发现 4 条新事件 (offset=62)
[2026-03-11 20:00:03] 处理事件: dispatcher-task-start (来源: dispatcher.sh)
[2026-03-11 20:00:03]   无匹配路由，跳过
[2026-03-11 20:00:03] 处理事件: agent-task-started (来源: dispatcher.sh)
[2026-03-11 20:00:03]   无匹配路由，跳过
[2026-03-11 20:00:03] 处理事件: dispatcher-task-start (来源: dispatcher.sh)
[2026-03-11 20:00:03]   无匹配路由，跳过
[2026-03-11 20:00:03] 处理事件: agent-task-started (来源: dispatcher.sh)
[2026-03-11 20:00:03]   无匹配路由，跳过
[2026-03-11 20:00:04] 无新事件
[2026-03-11 20:00:05] 无新事件
[2026-03-11 20:00:07] 无新事件
[2026-03-11 21:34:49] 无新事件
[2026-03-11 23:00:01] 无新事件
[2026-03-11 23:00:03] 发现 8 条新事件 (offset=66)
[2026-03-11 23:00:03] 处理事件: dispatcher-task-start (来源: dispatcher.sh)
[2026-03-11 23:00:03]   无匹配路由，跳过
[2026-03-11 23:00:03] 处理事件: agent-task-started (来源: dispatcher.sh)
[2026-03-11 23:00:03]   无匹配路由，跳过
[2026-03-11 23:00:03] 处理事件: dispatcher-task-start (来源: dispatcher.sh)
[2026-03-11 23:00:03]   无匹配路由，跳过
[2026-03-11 23:00:03] 处理事件: agent-task-started (来源: dispatcher.sh)
[2026-03-11 23:00:03]   无匹配路由，跳过
[2026-03-11 23:00:03] 处理事件: dispatcher-task-start (来源: dispatcher.sh)
[2026-03-11 23:00:03]   无匹配路由，跳过
[2026-03-11 23:00:03] 处理事件: agent-task-started (来源: dispatcher.sh)
[2026-03-11 23:00:03]   无匹配路由，跳过
[2026-03-11 23:00:03] 处理事件: dispatcher-task-start (来源: dispatcher.sh)
[2026-03-11 23:00:03]   无匹配路由，跳过
[2026-03-11 23:00:03] 处理事件: agent-task-started (来源: dispatcher.sh)
[2026-03-11 23:00:03]   无匹配路由，跳过
[2026-03-11 23:00:04] 无新事件
[2026-03-11 23:00:05] 无新事件
[2026-03-11 23:00:07] 无新事件
[2026-03-11 23:00:08] 无新事件
[2026-03-11 23:00:09] 无新事件
[2026-03-11 23:00:10] 无新事件
[2026-03-11 23:00:12] 无新事件
[2026-03-11 23:02:31] 发现 1 条新事件 (offset=74)
[2026-03-11 23:02:31] 处理事件: agent-task-complete (来源: EMP_0006)
[2026-03-11 23:02:31]   触发 dispatcher 实时派发
[2026-03-11 23:02:31] 无新事件
[2026-03-11 23:02:31] 无新事件
[2026-03-11 23:02:56] 发现 1 条新事件 (offset=75)
[2026-03-11 23:02:56] 处理事件: agent-task-complete (来源: EMP_0006)
[2026-03-11 23:02:56]   触发 dispatcher 实时派发
[2026-03-11 23:02:56] 无新事件
[2026-03-11 23:02:56] 无新事件
[2026-03-11 23:03:13] 发现 1 条新事件 (offset=76)
[2026-03-11 23:03:13] 处理事件: agent-task-complete (来源: EMP_0002)
[2026-03-11 23:03:13]   触发 dispatcher 实时派发
[2026-03-11 23:03:14] 无新事件
[2026-03-11 23:03:14] 无新事件
[2026-03-11 23:04:48] 发现 1 条新事件 (offset=77)
[2026-03-11 23:04:48] 处理事件: agent-task-complete (来源: EMP_0004)
[2026-03-11 23:04:48]   触发 dispatcher 实时派发
[2026-03-11 23:04:48] 无新事件
[2026-03-11 23:04:48] 无新事件
[2026-03-11 23:04:50] 发现 6 条新事件 (offset=78)
[2026-03-11 23:04:50] 处理事件: dispatcher-task-start (来源: dispatcher.sh)
[2026-03-11 23:04:50]   无匹配路由，跳过
[2026-03-11 23:04:50] 处理事件: agent-task-started (来源: dispatcher.sh)
[2026-03-11 23:04:50]   无匹配路由，跳过
[2026-03-11 23:04:50] 处理事件: dispatcher-task-start (来源: dispatcher.sh)
[2026-03-11 23:04:50]   无匹配路由，跳过
[2026-03-11 23:04:50] 处理事件: agent-task-started (来源: dispatcher.sh)
[2026-03-11 23:04:50]   无匹配路由，跳过
[2026-03-11 23:04:50] 处理事件: dispatcher-task-start (来源: dispatcher.sh)
[2026-03-11 23:04:50]   无匹配路由，跳过
[2026-03-11 23:04:50] 处理事件: agent-task-started (来源: dispatcher.sh)
[2026-03-11 23:04:50]   无匹配路由，跳过
[2026-03-11 23:04:51] 无新事件
[2026-03-11 23:04:53] 无新事件
[2026-03-11 23:04:54] 无新事件
[2026-03-11 23:04:56] 无新事件
[2026-03-11 23:04:57] 无新事件
[2026-03-11 23:10:07] 发现 1 条新事件 (offset=84)
[2026-03-11 23:10:07] 处理事件: agent-task-complete (来源: EMP_0002)
[2026-03-11 23:10:07]   触发 dispatcher 实时派发
[2026-03-11 23:10:08] 无新事件
[2026-03-11 23:10:08] 无新事件
[2026-03-11 23:11:32] 发现 1 条新事件 (offset=85)
[2026-03-11 23:11:32] 处理事件: agent-task-complete (来源: EMP_0014)
[2026-03-11 23:11:32]   触发 dispatcher 实时派发
[2026-03-11 23:11:32] 无新事件
[2026-03-11 23:11:32] 无新事件
[2026-03-11 23:16:39] 发现 1 条新事件 (offset=86)
[2026-03-11 23:16:39] 处理事件: agent-task-complete (来源: EMP_0014)
[2026-03-11 23:16:39]   触发 dispatcher 实时派发
[2026-03-11 23:16:39] 无新事件
[2026-03-11 23:16:39] 无新事件
[2026-03-11 23:16:40] 发现 6 条新事件 (offset=87)
[2026-03-11 23:16:40] 处理事件: dispatcher-task-start (来源: dispatcher.sh)
[2026-03-11 23:16:40]   无匹配路由，跳过
[2026-03-11 23:16:40] 处理事件: agent-task-started (来源: dispatcher.sh)
[2026-03-11 23:16:40]   无匹配路由，跳过
[2026-03-11 23:16:40] 处理事件: dispatcher-task-start (来源: dispatcher.sh)
[2026-03-11 23:16:40]   无匹配路由，跳过
[2026-03-11 23:16:40] 处理事件: agent-task-started (来源: dispatcher.sh)
[2026-03-11 23:16:40]   无匹配路由，跳过
[2026-03-11 23:16:40] 处理事件: dispatcher-task-start (来源: dispatcher.sh)
[2026-03-11 23:16:40]   无匹配路由，跳过
[2026-03-11 23:16:40] 处理事件: agent-task-started (来源: dispatcher.sh)
[2026-03-11 23:16:40]   无匹配路由，跳过
[2026-03-11 23:16:41] 无新事件
[2026-03-11 23:16:42] 无新事件
[2026-03-11 23:16:44] 无新事件
[2026-03-11 23:16:45] 无新事件
[2026-03-11 23:16:46] 无新事件
[2026-03-11 23:18:50] 发现 1 条新事件 (offset=93)
[2026-03-11 23:18:50] 处理事件: agent-task-complete (来源: EMP_0002)
[2026-03-11 23:18:50]   触发 dispatcher 实时派发
[2026-03-11 23:18:50] 无新事件
[2026-03-11 23:18:50] 无新事件
[2026-03-11 23:18:51] 发现 4 条新事件 (offset=94)
[2026-03-11 23:18:51] 处理事件: dispatcher-task-start (来源: dispatcher.sh)
[2026-03-11 23:18:51]   无匹配路由，跳过
[2026-03-11 23:18:51] 处理事件: agent-task-started (来源: dispatcher.sh)
[2026-03-11 23:18:51]   无匹配路由，跳过
[2026-03-11 23:18:51] 处理事件: dispatcher-task-start (来源: dispatcher.sh)
[2026-03-11 23:18:51]   无匹配路由，跳过
[2026-03-11 23:18:51] 处理事件: agent-task-started (来源: dispatcher.sh)
[2026-03-11 23:18:51]   无匹配路由，跳过
[2026-03-11 23:18:53] 无新事件
[2026-03-11 23:18:54] 无新事件
[2026-03-11 23:18:55] 无新事件
[2026-03-11 23:21:34] 发现 1 条新事件 (offset=98)
[2026-03-11 23:21:34] 处理事件: agent-task-complete (来源: EMP_0002)
[2026-03-11 23:21:34]   触发 dispatcher 实时派发
[2026-03-11 23:21:34] 无新事件
[2026-03-11 23:21:34] 无新事件
[2026-03-11 23:29:25] 发现 1 条新事件 (offset=99)
[2026-03-11 23:29:25] 处理事件: agent-task-complete (来源: EMP_0014)
[2026-03-11 23:29:25]   触发 dispatcher 实时派发
[2026-03-11 23:29:25] 无新事件
[2026-03-11 23:29:25] 无新事件
[2026-03-11 23:31:14] 发现 1 条新事件 (offset=100)
[2026-03-11 23:31:14] 处理事件: agent-task-complete (来源: EMP_0014)
[2026-03-11 23:31:14]   触发 dispatcher 实时派发
[2026-03-11 23:31:14] 无新事件
[2026-03-11 23:31:14] 无新事件
[2026-03-11 23:31:15] 发现 2 条新事件 (offset=101)
[2026-03-11 23:31:15] 处理事件: dispatcher-task-start (来源: dispatcher.sh)
[2026-03-11 23:31:15]   无匹配路由，跳过
[2026-03-11 23:31:15] 处理事件: agent-task-started (来源: dispatcher.sh)
[2026-03-11 23:31:15]   无匹配路由，跳过
[2026-03-11 23:31:16] 无新事件
[2026-03-11 23:36:15] 发现 1 条新事件 (offset=103)
[2026-03-11 23:36:15] 处理事件: agent-task-complete (来源: EMP_0014)
[2026-03-11 23:36:15]   触发 dispatcher 实时派发
[2026-03-11 23:36:15] 无新事件
[2026-03-11 23:36:15] 无新事件
[2026-03-11 23:36:17] 发现 2 条新事件 (offset=104)
[2026-03-11 23:36:17] 处理事件: dispatcher-task-start (来源: dispatcher.sh)
[2026-03-11 23:36:17]   无匹配路由，跳过
[2026-03-11 23:36:17] 处理事件: agent-task-started (来源: dispatcher.sh)
[2026-03-11 23:36:17]   无匹配路由，跳过
[2026-03-11 23:36:18] 无新事件
[2026-03-11 23:43:35] 发现 1 条新事件 (offset=106)
[2026-03-11 23:43:35] 处理事件: agent-task-complete (来源: EMP_0014)
[2026-03-11 23:43:35]   触发 dispatcher 实时派发
[2026-03-11 23:43:35] 无新事件
[2026-03-11 23:43:35] 无新事件
[2026-03-11 23:43:37] 发现 2 条新事件 (offset=107)
[2026-03-11 23:43:37] 处理事件: dispatcher-task-start (来源: dispatcher.sh)
[2026-03-11 23:43:37]   无匹配路由，跳过
[2026-03-11 23:43:37] 处理事件: agent-task-started (来源: dispatcher.sh)
[2026-03-11 23:43:37]   无匹配路由，跳过
[2026-03-11 23:43:38] 无新事件
[2026-03-11 23:49:44] 发现 1 条新事件 (offset=109)
[2026-03-11 23:49:44] 处理事件: agent-task-complete (来源: EMP_0014)
[2026-03-11 23:49:44]   触发 dispatcher 实时派发
[2026-03-11 23:49:44] 无新事件
[2026-03-11 23:49:44] 无新事件
[2026-03-12 00:00:01] 无新事件
[2026-03-12 00:00:03] 发现 2 条新事件 (offset=110)
[2026-03-12 00:00:03] 处理事件: dispatcher-task-start (来源: dispatcher.sh)
[2026-03-12 00:00:03]   无匹配路由，跳过
[2026-03-12 00:00:03] 处理事件: agent-task-started (来源: dispatcher.sh)
[2026-03-12 00:00:03]   无匹配路由，跳过
[2026-03-12 00:00:05] 无新事件
[2026-03-12 00:00:54] 发现 1 条新事件 (offset=112)
[2026-03-12 00:00:54] 处理事件: health-check-all-green (来源: data_health_check.sh)
[2026-03-12 00:00:54]   SYSTEM_MAP 待更新: 数据线 → active
[2026-03-12 00:00:54]   触发 dispatcher 实时派发
[2026-03-12 00:00:54] 无新事件
[2026-03-12 00:00:54] 无新事件
[2026-03-12 00:01:41] 发现 1 条新事件 (offset=113)
[2026-03-12 00:01:41] 处理事件: agent-task-complete (来源: EMP_0014)
[2026-03-12 00:01:41]   触发 dispatcher 实时派发
[2026-03-12 00:01:41] 无新事件
[2026-03-12 00:01:41] 无新事件
[2026-03-12 00:04:48] 发现 1 条新事件 (offset=114)
[2026-03-12 00:04:48] 处理事件: agent-task-complete (来源: EMP_0001)
[2026-03-12 00:04:48]   触发 dispatcher 实时派发
[2026-03-12 00:04:48] 无新事件
[2026-03-12 00:04:48] 无新事件
[2026-03-12 00:31:27] 发现 1 条新事件 (offset=115)
[2026-03-12 00:31:27] 处理事件: agent-task-complete (来源: EMP_0001)
[2026-03-12 00:31:27]   触发 dispatcher 实时派发
[2026-03-12 00:31:27] 无新事件
[2026-03-12 00:31:27] 无新事件
[2026-03-12 00:50:43] 发现 1 条新事件 (offset=116)
[2026-03-12 00:50:43] 处理事件: health-check-all-green (来源: data_health_check.sh)
[2026-03-12 00:50:43]   SYSTEM_MAP 待更新: 数据线 → active
[2026-03-12 00:50:43]   触发 dispatcher 实时派发
[2026-03-12 00:50:43] 无新事件
[2026-03-12 00:50:43] 无新事件
[2026-03-12 00:50:44] 发现 2 条新事件 (offset=117)
[2026-03-12 00:50:44] 处理事件: dispatcher-task-start (来源: dispatcher.sh)
[2026-03-12 00:50:44]   无匹配路由，跳过
[2026-03-12 00:50:44] 处理事件: agent-task-started (来源: dispatcher.sh)
[2026-03-12 00:50:44]   无匹配路由，跳过
[2026-03-12 00:50:45] 无新事件
[2026-03-12 01:00:02] 无新事件
[2026-03-12 01:05:12] 发现 1 条新事件 (offset=119)
[2026-03-12 01:05:12] 处理事件: health-check-all-green (来源: data_health_check.sh)
[2026-03-12 01:05:12]   SYSTEM_MAP 待更新: 数据线 → active
[2026-03-12 01:05:12]   触发 dispatcher 实时派发
[2026-03-12 01:05:12] 无新事件
[2026-03-12 01:05:12] 无新事件
[2026-03-12 01:05:49] 发现 1 条新事件 (offset=120)
[2026-03-12 01:05:49] 处理事件: daily-plan-request (来源: mason-gateway)
[2026-03-12 01:05:49]   无匹配路由，跳过
[2026-03-12 01:06:10] 发现 1 条新事件 (offset=121)
[2026-03-12 01:06:10] 处理事件: agent-task-complete (来源: EMP_0014)
[2026-03-12 01:06:10]   触发 dispatcher 实时派发
[2026-03-12 01:06:10] 无新事件
[2026-03-12 01:06:10] 无新事件
[2026-03-12 01:06:18] 无新事件
[2026-03-12 01:08:02] 发现 1 条新事件 (offset=122)
[2026-03-12 01:08:02] 处理事件: agent-task-complete (来源: EMP_0004)
[2026-03-12 01:08:02]   触发 dispatcher 实时派发
[2026-03-12 01:08:02] 无新事件
[2026-03-12 01:08:02] 无新事件
[2026-03-12 01:15:40] 发现 1 条新事件 (offset=123)
[2026-03-12 01:15:40] 处理事件: health-check-all-green (来源: data_health_check.sh)
[2026-03-12 01:15:40]   SYSTEM_MAP 待更新: 数据线 → active
[2026-03-12 01:15:40]   触发 dispatcher 实时派发
[2026-03-12 02:00:01] 无新事件
[2026-03-12 02:00:03] 发现 2 条新事件 (offset=124)
[2026-03-12 02:00:03] 处理事件: dispatcher-task-start (来源: dispatcher.sh)
[2026-03-12 02:00:03]   无匹配路由，跳过
[2026-03-12 02:00:03] 处理事件: agent-task-started (来源: dispatcher.sh)
[2026-03-12 02:00:03]   无匹配路由，跳过
[2026-03-12 02:00:04] 无新事件
[2026-03-12 02:01:24] 发现 1 条新事件 (offset=126)
[2026-03-12 02:01:24] 处理事件: health-check-all-green (来源: data_health_check.sh)
[2026-03-12 02:01:24]   SYSTEM_MAP 待更新: 数据线 → active
[2026-03-12 02:01:24]   触发 dispatcher 实时派发
[2026-03-12 02:01:24] 无新事件
[2026-03-12 02:01:24] 无新事件
[2026-03-12 02:01:31] 发现 1 条新事件 (offset=127)
[2026-03-12 02:01:31] 处理事件: agent-task-complete (来源: EMP_0014)
[2026-03-12 02:01:31]   触发 dispatcher 实时派发
[2026-03-12 02:01:31] 无新事件
[2026-03-12 02:01:31] 无新事件
[2026-03-12 02:06:27] 发现 1 条新事件 (offset=128)
[2026-03-12 02:06:27] 处理事件: agent-task-complete (来源: EMP_0001)
[2026-03-12 02:06:27]   触发 dispatcher 实时派发
[2026-03-12 02:06:27] 无新事件
[2026-03-12 02:06:27] 无新事件
[2026-03-12 03:00:01] 无新事件
[2026-03-12 03:00:03] 发现 2 条新事件 (offset=129)
[2026-03-12 03:00:03] 处理事件: dispatcher-task-start (来源: dispatcher.sh)
[2026-03-12 03:00:03]   无匹配路由，跳过
[2026-03-12 03:00:03] 处理事件: agent-task-started (来源: dispatcher.sh)
[2026-03-12 03:00:03]   无匹配路由，跳过
[2026-03-12 03:00:04] 无新事件
[2026-03-12 03:01:37] 发现 1 条新事件 (offset=131)
[2026-03-12 03:01:37] 处理事件: health-check-all-green (来源: data_health_check.sh)
[2026-03-12 03:01:37]   SYSTEM_MAP 待更新: 数据线 → active
[2026-03-12 03:01:37]   触发 dispatcher 实时派发
[2026-03-12 03:01:37] 无新事件
[2026-03-12 03:01:37] 无新事件
[2026-03-12 03:02:36] 发现 1 条新事件 (offset=132)
[2026-03-12 03:02:36] 处理事件: agent-task-complete (来源: EMP_0014)
[2026-03-12 03:02:36]   触发 dispatcher 实时派发
[2026-03-12 03:02:36] 无新事件
[2026-03-12 03:02:36] 无新事件
[2026-03-12 04:00:01] 无新事件
[2026-03-12 04:00:02] 发现 2 条新事件 (offset=133)
[2026-03-12 04:00:02] 处理事件: dispatcher-task-start (来源: dispatcher.sh)
[2026-03-12 04:00:02]   无匹配路由，跳过
[2026-03-12 04:00:02] 处理事件: agent-task-started (来源: dispatcher.sh)
[2026-03-12 04:00:02]   无匹配路由，跳过
[2026-03-12 04:00:04] 无新事件
[2026-03-12 04:01:02] 发现 1 条新事件 (offset=135)
[2026-03-12 04:01:02] 处理事件: health-check-all-green (来源: data_health_check.sh)
[2026-03-12 04:01:02]   SYSTEM_MAP 待更新: 数据线 → active
[2026-03-12 04:01:02]   触发 dispatcher 实时派发
[2026-03-12 04:01:02] 无新事件
[2026-03-12 04:01:02] 无新事件
[2026-03-12 04:01:29] 发现 1 条新事件 (offset=136)
[2026-03-12 04:01:29] 处理事件: agent-task-complete (来源: EMP_0014)
[2026-03-12 04:01:29]   触发 dispatcher 实时派发
[2026-03-12 04:01:29] 无新事件
[2026-03-12 04:01:29] 无新事件
[2026-03-12 05:00:01] 无新事件
[2026-03-12 05:00:03] 发现 2 条新事件 (offset=137)
[2026-03-12 05:00:03] 处理事件: dispatcher-task-start (来源: dispatcher.sh)
[2026-03-12 05:00:03]   无匹配路由，跳过
[2026-03-12 05:00:03] 处理事件: agent-task-started (来源: dispatcher.sh)
[2026-03-12 05:00:03]   无匹配路由，跳过
[2026-03-12 05:00:04] 无新事件
[2026-03-12 05:01:17] 发现 1 条新事件 (offset=139)
[2026-03-12 05:01:17] 处理事件: health-check-all-green (来源: data_health_check.sh)
[2026-03-12 05:01:17]   SYSTEM_MAP 待更新: 数据线 → active
[2026-03-12 05:01:17]   触发 dispatcher 实时派发
[2026-03-12 05:01:17] 无新事件
[2026-03-12 05:01:17] 无新事件
[2026-03-12 05:01:54] 发现 1 条新事件 (offset=140)
[2026-03-12 05:01:54] 处理事件: agent-task-complete (来源: EMP_0014)
[2026-03-12 05:01:54]   触发 dispatcher 实时派发
[2026-03-12 05:01:54] 无新事件
[2026-03-12 05:01:54] 无新事件
[2026-03-12 06:00:01] 无新事件
[2026-03-12 06:00:03] 发现 2 条新事件 (offset=141)
[2026-03-12 06:00:03] 处理事件: dispatcher-task-start (来源: dispatcher.sh)
[2026-03-12 06:00:03]   无匹配路由，跳过
[2026-03-12 06:00:03] 处理事件: agent-task-started (来源: dispatcher.sh)
[2026-03-12 06:00:03]   无匹配路由，跳过
[2026-03-12 06:00:04] 无新事件
[2026-03-12 06:01:09] 发现 1 条新事件 (offset=143)
[2026-03-12 06:01:09] 处理事件: health-check-all-green (来源: data_health_check.sh)
[2026-03-12 06:01:09]   SYSTEM_MAP 待更新: 数据线 → active
[2026-03-12 06:01:09]   触发 dispatcher 实时派发
[2026-03-12 06:01:09] 无新事件
[2026-03-12 06:01:09] 无新事件
[2026-03-12 06:01:16] 发现 1 条新事件 (offset=144)
[2026-03-12 06:01:16] 处理事件: agent-task-complete (来源: EMP_0014)
[2026-03-12 06:01:16]   触发 dispatcher 实时派发
[2026-03-12 06:01:16] 无新事件
[2026-03-12 06:01:16] 无新事件
[2026-03-12 07:00:01] 无新事件
[2026-03-12 07:00:02] 发现 2 条新事件 (offset=145)
[2026-03-12 07:00:02] 处理事件: dispatcher-task-start (来源: dispatcher.sh)
[2026-03-12 07:00:02]   无匹配路由，跳过
[2026-03-12 07:00:02] 处理事件: agent-task-started (来源: dispatcher.sh)
[2026-03-12 07:00:02]   无匹配路由，跳过
[2026-03-12 07:00:04] 无新事件
[2026-03-12 07:01:02] 发现 1 条新事件 (offset=147)
[2026-03-12 07:01:02] 处理事件: health-check-all-green (来源: data_health_check.sh)
[2026-03-12 07:01:02]   SYSTEM_MAP 待更新: 数据线 → active
[2026-03-12 07:01:02]   触发 dispatcher 实时派发
[2026-03-12 07:01:02] 无新事件
[2026-03-12 07:01:02] 无新事件
[2026-03-12 07:01:10] 发现 1 条新事件 (offset=148)
[2026-03-12 07:01:10] 处理事件: agent-task-complete (来源: EMP_0014)
[2026-03-12 07:01:10]   触发 dispatcher 实时派发
[2026-03-12 07:01:10] 无新事件
[2026-03-12 07:01:10] 无新事件
[2026-03-12 08:00:01] 无新事件
[2026-03-12 08:00:03] 发现 2 条新事件 (offset=149)
[2026-03-12 08:00:03] 处理事件: dispatcher-task-start (来源: dispatcher.sh)
[2026-03-12 08:00:03]   无匹配路由，跳过
[2026-03-12 08:00:03] 处理事件: agent-task-started (来源: dispatcher.sh)
[2026-03-12 08:00:03]   无匹配路由，跳过
[2026-03-12 08:00:04] 无新事件
[2026-03-12 08:01:02] 发现 1 条新事件 (offset=151)
[2026-03-12 08:01:02] 处理事件: health-check-all-green (来源: data_health_check.sh)
[2026-03-12 08:01:02]   SYSTEM_MAP 待更新: 数据线 → active
[2026-03-12 08:01:02]   触发 dispatcher 实时派发
[2026-03-12 08:01:02] 无新事件
[2026-03-12 08:01:02] 无新事件
[2026-03-12 08:01:41] 发现 1 条新事件 (offset=152)
[2026-03-12 08:01:41] 处理事件: agent-task-complete (来源: EMP_0014)
[2026-03-12 08:01:41]   触发 dispatcher 实时派发
[2026-03-12 08:01:41] 无新事件
[2026-03-12 08:01:41] 无新事件
[2026-03-12 09:00:01] 无新事件
[2026-03-12 09:00:03] 发现 2 条新事件 (offset=153)
[2026-03-12 09:00:03] 处理事件: dispatcher-task-start (来源: dispatcher.sh)
[2026-03-12 09:00:03]   无匹配路由，跳过
[2026-03-12 09:00:03] 处理事件: agent-task-started (来源: dispatcher.sh)
[2026-03-12 09:00:03]   无匹配路由，跳过
[2026-03-12 09:00:04] 无新事件
[2026-03-12 09:01:05] 发现 1 条新事件 (offset=155)
[2026-03-12 09:01:05] 处理事件: health-check-all-green (来源: data_health_check.sh)
[2026-03-12 09:01:05]   SYSTEM_MAP 待更新: 数据线 → active
[2026-03-12 09:01:05]   触发 dispatcher 实时派发
[2026-03-12 09:01:05] 无新事件
[2026-03-12 09:01:05] 无新事件
[2026-03-12 09:01:25] 发现 1 条新事件 (offset=156)
[2026-03-12 09:01:25] 处理事件: agent-task-complete (来源: EMP_0014)
[2026-03-12 09:01:25]   触发 dispatcher 实时派发
[2026-03-12 09:01:25] 无新事件
[2026-03-12 09:01:25] 无新事件
[2026-03-12 10:00:01] 无新事件
[2026-03-12 10:00:03] 发现 6 条新事件 (offset=157)
[2026-03-12 10:00:03] 处理事件: dispatcher-task-start (来源: dispatcher.sh)
[2026-03-12 10:00:03]   无匹配路由，跳过
[2026-03-12 10:00:03] 处理事件: agent-task-started (来源: dispatcher.sh)
[2026-03-12 10:00:03]   无匹配路由，跳过
[2026-03-12 10:00:03] 处理事件: dispatcher-task-start (来源: dispatcher.sh)
[2026-03-12 10:00:03]   无匹配路由，跳过
[2026-03-12 10:00:03] 处理事件: agent-task-started (来源: dispatcher.sh)
[2026-03-12 10:00:03]   无匹配路由，跳过
[2026-03-12 10:00:03] 处理事件: dispatcher-task-start (来源: dispatcher.sh)
[2026-03-12 10:00:03]   无匹配路由，跳过
[2026-03-12 10:00:03] 处理事件: agent-task-started (来源: dispatcher.sh)
[2026-03-12 10:00:03]   无匹配路由，跳过
[2026-03-12 10:00:05] 无新事件
[2026-03-12 10:00:06] 无新事件
[2026-03-12 10:00:07] 无新事件
[2026-03-12 10:00:08] 无新事件
[2026-03-12 10:00:10] 无新事件
[2026-03-12 10:01:30] 发现 1 条新事件 (offset=163)
[2026-03-12 10:01:30] 处理事件: health-check-all-green (来源: data_health_check.sh)
[2026-03-12 10:01:30]   SYSTEM_MAP 待更新: 数据线 → active
[2026-03-12 10:01:30]   触发 dispatcher 实时派发
[2026-03-12 10:01:30] 无新事件
[2026-03-12 10:01:30] 无新事件
[2026-03-12 10:01:32] 发现 2 条新事件 (offset=164)
[2026-03-12 10:01:32] 处理事件: dispatcher-task-start (来源: dispatcher.sh)
[2026-03-12 10:01:32]   无匹配路由，跳过
[2026-03-12 10:01:32] 处理事件: agent-task-started (来源: dispatcher.sh)
[2026-03-12 10:01:32]   无匹配路由，跳过
[2026-03-12 10:01:33] 无新事件
[2026-03-12 10:01:40] 发现 1 条新事件 (offset=166)
[2026-03-12 10:01:40] 处理事件: agent-task-complete (来源: EMP_0014)
[2026-03-12 10:01:40]   触发 dispatcher 实时派发
[2026-03-12 10:01:40] 无新事件
[2026-03-12 10:01:40] 无新事件
[2026-03-12 10:01:43] 发现 4 条新事件 (offset=167)
[2026-03-12 10:01:43] 处理事件: dispatcher-task-start (来源: dispatcher.sh)
[2026-03-12 10:01:43]   无匹配路由，跳过
[2026-03-12 10:01:43] 处理事件: agent-task-started (来源: dispatcher.sh)
[2026-03-12 10:01:43]   无匹配路由，跳过
[2026-03-12 10:01:43] 处理事件: dispatcher-task-start (来源: dispatcher.sh)
[2026-03-12 10:01:43]   无匹配路由，跳过
[2026-03-12 10:01:43] 处理事件: agent-task-started (来源: dispatcher.sh)
[2026-03-12 10:01:43]   无匹配路由，跳过
[2026-03-12 10:01:44] 无新事件
[2026-03-12 10:01:45] 无新事件
[2026-03-12 10:01:46] 无新事件
[2026-03-12 10:03:08] 发现 1 条新事件 (offset=171)
[2026-03-12 10:03:08] 处理事件: agent-task-complete (来源: EMP_0008)
[2026-03-12 10:03:08]   触发 dispatcher 实时派发
[2026-03-12 10:03:08] 无新事件
[2026-03-12 10:03:08] 无新事件
[2026-03-12 10:03:11] 发现 2 条新事件 (offset=172)
[2026-03-12 10:03:11] 处理事件: dispatcher-task-start (来源: dispatcher.sh)
[2026-03-12 10:03:11]   无匹配路由，跳过
[2026-03-12 10:03:11] 处理事件: agent-task-started (来源: dispatcher.sh)
[2026-03-12 10:03:11]   无匹配路由，跳过
[2026-03-12 10:03:12] 无新事件
[2026-03-12 10:03:56] 发现 1 条新事件 (offset=174)
[2026-03-12 10:03:56] 处理事件: agent-task-complete (来源: EMP_0000)
[2026-03-12 10:03:56]   触发 dispatcher 实时派发
[2026-03-12 10:03:56] 无新事件
[2026-03-12 10:03:56] 无新事件
[2026-03-12 10:04:20] 发现 1 条新事件 (offset=175)
[2026-03-12 10:04:20] 处理事件: agent-task-complete (来源: EMP_0000)
[2026-03-12 10:04:20]   触发 dispatcher 实时派发
[2026-03-12 10:04:20] 无新事件
[2026-03-12 10:04:20] 无新事件
[2026-03-12 10:05:12] 发现 1 条新事件 (offset=176)
[2026-03-12 10:05:12] 处理事件: agent-task-complete (来源: EMP_0000)
[2026-03-12 10:05:12]   触发 dispatcher 实时派发
[2026-03-12 10:05:12] 无新事件
[2026-03-12 10:05:12] 无新事件
[2026-03-12 10:06:22] 无新事件
[2026-03-12 10:07:38] 发现 1 条新事件 (offset=177)
[2026-03-12 10:07:38] 处理事件: agent-task-complete (来源: EMP_0002)
[2026-03-12 10:07:38]   触发 dispatcher 实时派发
[2026-03-12 10:07:38] 无新事件
[2026-03-12 10:07:38] 无新事件
[2026-03-12 10:07:40] 发现 4 条新事件 (offset=178)
[2026-03-12 10:07:40] 处理事件: dispatcher-task-start (来源: dispatcher.sh)
[2026-03-12 10:07:40]   无匹配路由，跳过
[2026-03-12 10:07:40] 处理事件: agent-task-started (来源: dispatcher.sh)
[2026-03-12 10:07:40]   无匹配路由，跳过
[2026-03-12 10:07:40] 处理事件: dispatcher-task-start (来源: dispatcher.sh)
[2026-03-12 10:07:40]   无匹配路由，跳过
[2026-03-12 10:07:40] 处理事件: agent-task-started (来源: dispatcher.sh)
[2026-03-12 10:07:40]   无匹配路由，跳过
[2026-03-12 10:07:41] 无新事件
[2026-03-12 10:07:42] 无新事件
[2026-03-12 10:07:44] 无新事件
[2026-03-12 10:08:39] 发现 1 条新事件 (offset=182)
[2026-03-12 10:08:39] 处理事件: agent-task-complete (来源: EMP_0005)
[2026-03-12 10:08:39]   触发 dispatcher 实时派发
[2026-03-12 10:08:39] 无新事件
[2026-03-12 10:08:39] 无新事件
[2026-03-12 10:08:42] 发现 2 条新事件 (offset=183)
[2026-03-12 10:08:42] 处理事件: dispatcher-task-start (来源: dispatcher.sh)
[2026-03-12 10:08:42]   无匹配路由，跳过
[2026-03-12 10:08:42] 处理事件: agent-task-started (来源: dispatcher.sh)
[2026-03-12 10:08:42]   无匹配路由，跳过
[2026-03-12 10:08:43] 无新事件
[2026-03-12 10:15:04] 发现 1 条新事件 (offset=185)
[2026-03-12 10:15:04] 处理事件: agent-task-complete (来源: EMP_0001)
[2026-03-12 10:15:04]   触发 dispatcher 实时派发
[2026-03-12 10:15:04] 无新事件
[2026-03-12 10:15:04] 无新事件
[2026-03-12 10:15:06] 发现 2 条新事件 (offset=186)
[2026-03-12 10:15:06] 处理事件: dispatcher-task-start (来源: dispatcher.sh)
[2026-03-12 10:15:06]   无匹配路由，跳过
[2026-03-12 10:15:06] 处理事件: agent-task-started (来源: dispatcher.sh)
[2026-03-12 10:15:06]   无匹配路由，跳过
[2026-03-12 10:15:07] 无新事件
[2026-03-12 10:16:11] 发现 1 条新事件 (offset=188)
[2026-03-12 10:16:11] 处理事件: agent-task-complete (来源: EMP_0002)
[2026-03-12 10:16:11]   触发 dispatcher 实时派发
[2026-03-12 10:16:11] 无新事件
[2026-03-12 10:16:11] 无新事件
[2026-03-12 10:16:13] 发现 2 条新事件 (offset=189)
[2026-03-12 10:16:13] 处理事件: dispatcher-task-start (来源: dispatcher.sh)
[2026-03-12 10:16:13]   无匹配路由，跳过
[2026-03-12 10:16:13] 处理事件: agent-task-started (来源: dispatcher.sh)
[2026-03-12 10:16:13]   无匹配路由，跳过
[2026-03-12 10:16:14] 无新事件
[2026-03-12 10:25:13] 发现 1 条新事件 (offset=191)
[2026-03-12 10:25:13] 处理事件: agent-task-complete (来源: EMP_0014)
[2026-03-12 10:25:13]   触发 dispatcher 实时派发
[2026-03-12 10:25:13] 无新事件
[2026-03-12 10:25:13] 无新事件
[2026-03-12 10:25:14] 发现 2 条新事件 (offset=192)
[2026-03-12 10:25:14] 处理事件: dispatcher-task-start (来源: dispatcher.sh)
[2026-03-12 10:25:14]   无匹配路由，跳过
[2026-03-12 10:25:14] 处理事件: agent-task-started (来源: dispatcher.sh)
[2026-03-12 10:25:14]   无匹配路由，跳过
[2026-03-12 10:25:15] 无新事件
[2026-03-12 11:00:01] 无新事件
[2026-03-12 11:00:03] 发现 4 条新事件 (offset=194)
[2026-03-12 11:00:03] 处理事件: dispatcher-task-start (来源: dispatcher.sh)
[2026-03-12 11:00:03]   无匹配路由，跳过
[2026-03-12 11:00:03] 处理事件: agent-task-started (来源: dispatcher.sh)
[2026-03-12 11:00:03]   无匹配路由，跳过
[2026-03-12 11:00:03] 处理事件: dispatcher-task-start (来源: dispatcher.sh)
[2026-03-12 11:00:03]   无匹配路由，跳过
[2026-03-12 11:00:03] 处理事件: agent-task-started (来源: dispatcher.sh)
[2026-03-12 11:00:03]   无匹配路由，跳过
[2026-03-12 11:00:04] 无新事件
[2026-03-12 11:00:05] 无新事件
[2026-03-12 11:00:06] 无新事件
[2026-03-12 11:00:52] 发现 1 条新事件 (offset=198)
[2026-03-12 11:00:52] 处理事件: health-check-all-green (来源: data_health_check.sh)
[2026-03-12 11:00:52]   SYSTEM_MAP 待更新: 数据线 → active
[2026-03-12 11:00:52]   触发 dispatcher 实时派发
[2026-03-12 11:00:52] 无新事件
[2026-03-12 11:00:52] 无新事件
[2026-03-12 13:00:01] 无新事件
[2026-03-12 13:00:03] 发现 4 条新事件 (offset=199)
[2026-03-12 13:00:03] 处理事件: dispatcher-task-start (来源: dispatcher.sh)
[2026-03-12 13:00:03]   无匹配路由，跳过
[2026-03-12 13:00:03] 处理事件: agent-task-started (来源: dispatcher.sh)
[2026-03-12 13:00:03]   无匹配路由，跳过
[2026-03-12 13:00:03] 处理事件: dispatcher-task-start (来源: dispatcher.sh)
[2026-03-12 13:00:03]   无匹配路由，跳过
[2026-03-12 13:00:03] 处理事件: agent-task-started (来源: dispatcher.sh)
[2026-03-12 13:00:03]   无匹配路由，跳过
[2026-03-12 13:00:04] 无新事件
[2026-03-12 13:00:05] 无新事件
[2026-03-12 13:00:07] 无新事件
[2026-03-12 13:01:07] 发现 1 条新事件 (offset=203)
[2026-03-12 13:01:07] 处理事件: health-check-all-green (来源: data_health_check.sh)
[2026-03-12 13:01:07]   SYSTEM_MAP 待更新: 数据线 → active
[2026-03-12 13:01:07]   触发 dispatcher 实时派发
[2026-03-12 14:00:01] 无新事件
[2026-03-12 14:00:03] 发现 4 条新事件 (offset=204)
[2026-03-12 14:00:03] 处理事件: dispatcher-task-start (来源: dispatcher.sh)
[2026-03-12 14:00:03]   无匹配路由，跳过
[2026-03-12 14:00:03] 处理事件: agent-task-started (来源: dispatcher.sh)
[2026-03-12 14:00:03]   无匹配路由，跳过
[2026-03-12 14:00:03] 处理事件: dispatcher-task-start (来源: dispatcher.sh)
[2026-03-12 14:00:03]   无匹配路由，跳过
[2026-03-12 14:00:03] 处理事件: agent-task-started (来源: dispatcher.sh)
[2026-03-12 14:00:03]   无匹配路由，跳过
[2026-03-12 14:00:04] 无新事件
[2026-03-12 14:00:05] 无新事件
[2026-03-12 14:00:07] 无新事件
[2026-03-12 14:01:02] 发现 1 条新事件 (offset=208)
[2026-03-12 14:01:02] 处理事件: health-check-failed (来源: health-check-lite)
[2026-03-12 14:01:02]   SYSTEM_MAP 待更新: 数据线 → blocked
[2026-03-12 14:01:29] 发现 1 条新事件 (offset=209)
[2026-03-12 14:01:29] 处理事件: health-check-all-green (来源: data_health_check.sh)
[2026-03-12 14:01:29]   SYSTEM_MAP 待更新: 数据线 → active
[2026-03-12 14:01:29]   触发 dispatcher 实时派发
[2026-03-12 15:00:01] 无新事件
[2026-03-12 15:00:03] 发现 4 条新事件 (offset=210)
[2026-03-12 15:00:03] 处理事件: dispatcher-task-start (来源: dispatcher.sh)
[2026-03-12 15:00:03]   无匹配路由，跳过
[2026-03-12 15:00:03] 处理事件: agent-task-started (来源: dispatcher.sh)
[2026-03-12 15:00:03]   无匹配路由，跳过
[2026-03-12 15:00:03] 处理事件: dispatcher-task-start (来源: dispatcher.sh)
[2026-03-12 15:00:03]   无匹配路由，跳过
[2026-03-12 15:00:03] 处理事件: agent-task-started (来源: dispatcher.sh)
[2026-03-12 15:00:03]   无匹配路由，跳过
[2026-03-12 15:00:04] 无新事件
[2026-03-12 15:00:05] 无新事件
[2026-03-12 15:00:06] 无新事件
[2026-03-12 15:00:58] 发现 1 条新事件 (offset=214)
[2026-03-12 15:00:58] 处理事件: health-check-all-green (来源: data_health_check.sh)
[2026-03-12 15:00:58]   SYSTEM_MAP 待更新: 数据线 → active
[2026-03-12 15:00:58]   触发 dispatcher 实时派发
[2026-03-12 16:00:01] 无新事件
[2026-03-12 16:00:04] 发现 4 条新事件 (offset=215)
[2026-03-12 16:00:04] 处理事件: dispatcher-task-start (来源: dispatcher.sh)
[2026-03-12 16:00:04]   无匹配路由，跳过
[2026-03-12 16:00:04] 处理事件: agent-task-started (来源: dispatcher.sh)
[2026-03-12 16:00:04]   无匹配路由，跳过
[2026-03-12 16:00:04] 处理事件: dispatcher-task-start (来源: dispatcher.sh)
[2026-03-12 16:00:04]   无匹配路由，跳过
[2026-03-12 16:00:04] 处理事件: agent-task-started (来源: dispatcher.sh)
[2026-03-12 16:00:04]   无匹配路由，跳过
[2026-03-12 16:00:05] 无新事件
[2026-03-12 16:00:06] 无新事件
[2026-03-12 16:00:07] 无新事件
[2026-03-12 16:01:00] 发现 1 条新事件 (offset=219)
[2026-03-12 16:01:00] 处理事件: health-check-all-green (来源: data_health_check.sh)
[2026-03-12 16:01:00]   SYSTEM_MAP 待更新: 数据线 → active
[2026-03-12 16:01:00]   触发 dispatcher 实时派发
[2026-03-12 17:00:01] 无新事件
[2026-03-12 17:00:02] 发现 4 条新事件 (offset=220)
[2026-03-12 17:00:02] 处理事件: dispatcher-task-start (来源: dispatcher.sh)
[2026-03-12 17:00:02]   无匹配路由，跳过
[2026-03-12 17:00:02] 处理事件: agent-task-started (来源: dispatcher.sh)
[2026-03-12 17:00:02]   无匹配路由，跳过
[2026-03-12 17:00:02] 处理事件: dispatcher-task-start (来源: dispatcher.sh)
[2026-03-12 17:00:02]   无匹配路由，跳过
[2026-03-12 17:00:02] 处理事件: agent-task-started (来源: dispatcher.sh)
[2026-03-12 17:00:02]   无匹配路由，跳过
[2026-03-12 17:00:04] 无新事件
[2026-03-12 17:00:05] 无新事件
[2026-03-12 17:00:06] 无新事件
[2026-03-12 17:00:48] 发现 1 条新事件 (offset=224)
[2026-03-12 17:00:48] 处理事件: health-check-all-green (来源: data_health_check.sh)
[2026-03-12 17:00:48]   SYSTEM_MAP 待更新: 数据线 → active
[2026-03-12 17:00:48]   触发 dispatcher 实时派发
[2026-03-12 18:00:01] 无新事件
[2026-03-12 18:00:03] 发现 4 条新事件 (offset=225)
[2026-03-12 18:00:03] 处理事件: dispatcher-task-start (来源: dispatcher.sh)
[2026-03-12 18:00:03]   无匹配路由，跳过
[2026-03-12 18:00:03] 处理事件: agent-task-started (来源: dispatcher.sh)
[2026-03-12 18:00:03]   无匹配路由，跳过
[2026-03-12 18:00:03] 处理事件: dispatcher-task-start (来源: dispatcher.sh)
[2026-03-12 18:00:03]   无匹配路由，跳过
[2026-03-12 18:00:03] 处理事件: agent-task-started (来源: dispatcher.sh)
[2026-03-12 18:00:03]   无匹配路由，跳过
[2026-03-12 18:00:04] 无新事件
[2026-03-12 18:00:05] 无新事件
[2026-03-12 18:00:06] 无新事件
[2026-03-12 18:00:50] 发现 1 条新事件 (offset=229)
[2026-03-12 18:00:50] 处理事件: health-check-all-green (来源: data_health_check.sh)
[2026-03-12 18:00:50]   SYSTEM_MAP 待更新: 数据线 → active
[2026-03-12 18:00:50]   触发 dispatcher 实时派发
[2026-03-12 22:35:35] 发现 1 条新事件 (offset=230)
[2026-03-12 22:35:35] 处理事件: xhs-crawl-complete (来源: xhs-crawl.sh)
[2026-03-12 22:35:35]   启动脚本: data/pipelines/data-sync.sh
[2026-03-12 22:35:35]   发射事件: data-sync-triggered
[2026-03-12 22:35:35] Step 1: 备份阿里云 SQLite 数据库...
[2026-03-12 22:35:36] 发现 1 条新事件 (offset=231)
[2026-03-12 22:35:36] 处理事件: data-sync-triggered (来源: xhs-crawl.sh)
[2026-03-12 22:35:36]   无匹配路由，跳过
[2026-03-12 22:35:38]   远程 .backup 完成，开始 scp...
[2026-03-12 22:35:45]   数据库同步成功 (2.7M)
[2026-03-12 22:35:48] Step 2: 同步分析 JSON...
[2026-03-12 22:36:52]   分析 JSON: 13 成功, 0 失败
[2026-03-12 22:36:52] Step 3: 同步策略简报...
[2026-03-12 22:37:10]   策略简报: 3 成功, 0 失败
[2026-03-12 22:37:10] 写入 .last_sync: 2026-03-12 18:35:35 ET
[2026-03-12 22:37:10] === 同步完成: 3/3 成功, 0 失败 ===
[2026-03-12 22:37:11] 发现 1 条新事件 (offset=232)
[2026-03-12 22:37:11] 处理事件: data-sync-complete (来源: data-sync.sh)
[2026-03-12 22:37:38]   启动脚本: skills/xhs/xhs-analyze.sh
[2026-03-12 22:37:38]   发射事件: data-fresh
=== XHS 市场信号管道 ===
Time: 2026-03-12 18:37 ET
[2026-03-12 22:37:39] 发现 2 条新事件 (offset=233)
[2026-03-12 22:37:39] 处理事件: health-check-all-green (来源: data_health_check.sh)
[2026-03-12 22:37:39]   SYSTEM_MAP 待更新: 数据线 → active
[2026-03-12 22:37:39]   触发 dispatcher 实时派发
[2026-03-12 22:37:39] 处理事件: data-fresh (来源: data-sync.sh)
[2026-03-12 22:37:39]   无匹配路由，跳过
[2026-03-12 22:37:41] 无新事件

--- [0/6] Data cleaning (raw SQLite → clean JSON) ---
Notes in DB: 1278
[INFO] 输入: /opt/mediacrawler/database/sqlite_tables.db
[INFO] 输出: /opt/mediacrawler/clean/notes_2026-03-12.json
[INFO] 清洗完成: 1278 条笔记
  - 视频: 526, 图文: 752
  - 假流量标记: 11
  - 关键词: 25 个 (COSRX测评, SKIN1004测评, SOME BY MI测评, 代购正品验证, 回头霜...)
  - 互动分: min=0, max=425181, median=304
[OK] 已写入 /opt/mediacrawler/clean/notes_2026-03-12.json (995579 bytes)
Clean OK: /opt/mediacrawler/clean/notes_2026-03-12.json

--- [1/6] Running analysis ---
[INFO] 从 clean JSON 读取: 1278 条笔记
============================================================
XHS 爆款帖子分析报告
日期: 2026-03-13
数据量: 1278 条笔记
============================================================

Top 15 高互动帖子:
#          互动分        赞        藏      评      转 类型        藏赞比 标题
----------------------------------------------------------------------------------------------------
1      425,181  100,000  100,000    177  3,037 video  100.0% 💓 cleanmakeup｜完美底妆的诞生 [!]
2      405,041   60,872   51,966    443 23,257 video   85.4% 怒花几千块！oliveyoung必买清单大总结
3      403,215   61,000   52,000    443 23,000 video   85.2% 怒花几千块！oliveyoung必买清单大总结
4      362,227   96,000   74,000    743  5,064 video   77.1% 抓了真ins博主说说国内不知道的韩女真爱！
5      346,560   48,000   53,000  2,312 16,000 video  110.4% 如果你打算去一趟韩国变美能省下20000块…
6      244,541   75,000   50,000    353  2,222 video   66.7% 🇰🇷ins博主8个素颜妆技巧‼️越淡越美真简单
7      229,746   90,000   39,000    650  2,437 video   43.3% 韩女！你真不管油皮的死活了吗
8      218,448   34,295   26,959    228 12,767 normal  78.6% 🇰🇷oliveyoung2025必买攻略1️⃣亲测好用❗️
9      205,704   40,350   53,343  1,065      0 video  132.2% 4步开个小红书赚钱店铺（录屏逐帧拆解）
10     194,664   68,000   37,000    128  1,878 video   54.4% 韩国必买！韩女真正爱用！好用疯用一次就爱上 [!]
11     190,907   32,000   37,000    239  5,839 video  115.6% 离开🇰🇷最值得的伴手礼大合集！
12     178,890   50,000   38,000    250  1,705 video   76.0% 包教包会！超详细教学亚裔感微醺小韩妆
13     176,883  100,000   17,000  1,063  2,571 video   17.0% 还真有人越防晒越黑啊？正确防晒越晒越亮‼️
14     169,687  100,000   15,000  4,315    389 video   15.0% lulu好物分享丨和春天贴贴吧~
15     168,886   36,456   43,785    215      0 video  120.1% 这循环护肤公式真的好好用！

内容类型:
  视频: 526 条 (41%), 平均互动分 19,942
  图文: 752 条 (59%), 平均互动分 2,644

关键词维度:
关键词                    数量        平均分     视频占比 最佳标题
------------------------------------------------------------------------------------------
防晒推荐                    4    149,285     75%  还真有人越防晒越黑啊？正确防晒越晒越亮‼️
面膜推荐                    5     88,477     80%  好用的片状面膜推荐：）
韩国护肤                   68     52,710     81%  怒花几千块！oliveyoung必买清单大总结
韩国零食                   19     41,006    100%  老外狂炫8种酸糖！一个比一个上头！
精华液推荐                   3     35,911    100%  全皮层抗老精华真有这么神？14天捏出紧致骨
水乳推荐                    7     35,502     57%  从平价到大牌，一些热门水乳使用感总结
韩国美妆教程                 60     33,328     97%  💓 cleanmakeup｜完美底妆的诞生
韩国好物                   51     30,553     49%  韩国必买！韩女真正爱用！好用疯用一次就爱上
韩国面霜推荐                 87      9,350     16%  怒花几千块！oliveyoung必买清单大总结
护肤品组合推荐                60      8,029     28%  新手护肤不同肤质怎么买❗️精简高效不多花
SKIN1004测评             20      7,661     65%  🇰🇷去韩只干1件事！把本土超火嫩肤CP囤断货
小红书护肤品开卖               60      6,790     10%  4步开个小红书赚钱店铺（录屏逐帧拆解）
面霜面膜搭配                 60      6,267     33%  这循环护肤公式真的好好用！
COSRX测评                20      5,415     25%  湿敷我跪了！🐂素颜看不到毛孔！嫩到被猛夸
水煮蛋面膜                  82      4,510     62%  听人劝才能吃饱饭❗️姐妹们别再无效敷面膜啦
代购正品验证                 84      1,444     10%  网购假货维权看这篇就够了，全网最详细版
护肤品真假对比                78      1,186     14%  
护肤品福利活动                60        806     25%  新春宅家不如去丝芙兰“挖宝”💎太好逛了
SOME BY MI测评           20        744     45%  韩国女生真正爱用的爽肤水top5
韩国代购开箱                 62        662     58%  🇰🇷小韩做文创真是一套又一套🫰浅浅开箱
韩国护肤套装                 48        590     15%  2025韩女爱用早变了！oy跟买清单get！
韩妆仓库实拍                 92        467     60%  无广纯自用分享/oliveyoung必买好物🛍️
韩国直邮发货                 59        413      7%  狗头直邮完整流程和总花费经验（不推荐）分享
回头霜                    90        220     63%  新系列 | 你留言～我测评
韩妆限时折扣                 79        210     34%  美妆人速进！美妆批发/代购核心群清单流出

爆款模式:
  高藏赞比 (干货/教程):
    [214%] 美美院揭秘㊙️这些在家就能做‼️
    [205%] 25+护肤思路｜几组我用过的护肤品搭配分享
    [180%] 晒后快速变白白💡三招爆改水煮蛋✅
    [170%] 25+护肤思路｜几组我用过的护肤品搭配分享
    [156%] ㊙️原来鸡蛋壳里的白膜这么有用❗️❗️❗️
  高评赞比 (话题/争议):
    [71.4%] （大揭秘!!）医美老板的仓库到底有什么？
    [40.8%] 你还在傻傻相信蚂蚁链溯源吗？
    [33.5%] 韩妆败给了谁？
    [29.4%] 如何分辨薇诺娜的假货‖舒敏保湿特护霜
    [24.1%] 什么代购能入你的法眼
  高转赞比 (社交货币):
    [41.8%] 比韩国人不睡觉更恐怖的东西。。。。
    [40.8%] 韩国必买好物｜保姆级购物清单
    [40.8%] 韩国必买好物｜保姆级购物清单
    [38.2%] 怒花几千块！oliveyoung必买清单大总结
    [37.7%] 怒花几千块！oliveyoung必买清单大总结

标题模式:
  含数字: 平均 13,332 vs 无数字: 8,942 (+49%)
  含感叹号: 平均 17,497

假流量预警: 11 条可疑
  💓 cleanmakeup｜完美底妆的诞生 — 评赞比过低
  韩国必买！韩女真正爱用！好用疯用一次就爱上 — 评赞比过低
  韩国人夜生活 — 藏赞比过低
  🇰🇷韩国街边零食 — 藏赞比过低
  不同需求的水乳要怎么选？一篇教会你！ — 评赞比过低

============================================================

JSON saved: /opt/mediacrawler/analysis/analysis_2026-03-12.json

--- [2/6] Creator enrichment (top 20) ---
Unique creators to enrich: 19
Cached: 19, need API: 0

Enriched 20/20 posts
Small account signals: 2
Output: /opt/mediacrawler/analysis/analysis_2026-03-12_enriched.json
Enrichment OK, using enriched JSON

--- [3/6] Comment collection (top 10 notes, max 20/note) ---
Using account: MAIN (主号（仅测试用）)
Top 10 notes to collect comments from:
  1. [  425181] 💓 cleanmakeup｜完美底妆的诞生 (评论数: 177)
  2. [  405041] 怒花几千块！oliveyoung必买清单大总结 (评论数: 443)
  3. [  403215] 怒花几千块！oliveyoung必买清单大总结 (评论数: 443)
  4. [  362227] 抓了真ins博主说说国内不知道的韩女真爱！ (评论数: 743)
  5. [  346560] 如果你打算去一趟韩国变美能省下20000块… (评论数: 2312)
  6. [  244541] 🇰🇷ins博主8个素颜妆技巧‼️越淡越美真简单 (评论数: 353)
  7. [  229746] 韩女！你真不管油皮的死活了吗 (评论数: 650)
  8. [  218448] 🇰🇷oliveyoung2025必买攻略1️⃣亲测好用❗️ (评论数: 228)
  9. [  205704] 4步开个小红书赚钱店铺（录屏逐帧拆解） (评论数: 1065)
  10. [  194664] 韩国必买！韩女真正爱用！好用疯用一次就爱上 (评论数: 128)

[1/10] 💓 cleanmakeup｜完美底妆的诞生
  Already have 25 comments, fetching new ones
    API error: 无登录信息，或登录信息为空

=== Comment Collection Summary ===
Notes processed: 0/10
New comments saved: 0
DB total: 412 comments across 10 notes
WARNING: Stopped early due to rate limiting
Comment collection skipped (no data)

--- [4/6] Trend comparison ---
Comparing: analysis_2026-03-12.json vs analysis_2026-03-11.json

=== 趋势报告 2026-03-13 ===

下降 (3):
  ↓ 韩国好物: -72% (样本 51)
  ↓ 韩国美妆教程: -65% (样本 60)
  ↓ 韩国护肤: -48% (样本 68)

数据量: 1168 → 1278 (+110)

输出: /opt/mediacrawler/analysis/trends/2026-03-13.json
Trend comparison OK

--- [5/6] Market signals ---
=== XHS 市场信号 2026-03-13 ===
数据: 1278 条笔记
声明: 以下为市场分析与行动建议。置信度标注说明数据基础强弱，LOW 表示待验证假设。

市场信号 (6):
  [◐ medium] 视频平均互动分是图文的 7.5 倍（视频 19,942 vs 图文 2,644）
      盲区: 可能是平台算法偏好视频推荐，而非用户偏好视频内容
      盲区: 视频制作成本更高，互动/成本比未知
  [◐ medium] 在 5 条高藏赞比帖子中，平均藏赞比 185.1%，均为教程/清单类内容
      盲区: 高藏赞比是内容特征，不代表"做干货就能火"
      盲区: 这些帖子的作者粉丝量未知，可能是大号基数效应
  [◐ medium] 在 5 条高评赞比帖子中，平均评赞比 39.8%，评论活跃度高于均值
      盲区: 高评论可能来自争议而非认可
      盲区: 部分高评论帖子可能是刷评
  [○ low] 关键词互动分差距 710.9 倍："防晒推荐" 均分 149,285，"韩妆限时折扣" 均分 210
      盲区: 搜索关键词的互动分受 XHS 搜索排序算法影响
      盲区: 不同关键词的竞争激烈程度不同，互动分高不代表易进入
  [○ low] 含数字标题平均互动分 13,332，无数字标题 8,942（差 +49%）
      盲区: 含数字的标题往往是清单/教程类，互动高可能是内容类型而非数字本身
      盲区: 相关性不等于因果，在标题加数字不一定提升互动
  [● high] 在粉丝 <1 万的小号中，有 2 条帖子进入 Top 20，说明内容本身驱动了互动
      盲区: 小号可能是大号的小号（矩阵账号），粉丝量不完全反映账号实力

Top 5 热帖:
  1. 怒花几千块！oliveyoung必买清单大总结 [大号]
     互动分 405,041 | 赞 60,872 藏 51,966
  2. 怒花几千块！oliveyoung必买清单大总结 [大号]
     互动分 403,215 | 赞 61,000 藏 52,000
  3. 抓了真ins博主说说国内不知道的韩女真爱！ [大号]
     互动分 362,227 | 赞 96,000 藏 74,000
  4. 如果你打算去一趟韩国变美能省下20000块… [大号]
     互动分 346,560 | 赞 48,000 藏 53,000
  5. 🇰🇷ins博主8个素颜妆技巧‼️越淡越美真简单 [大号]
     互动分 244,541 | 赞 75,000 藏 50,000

假流量: 11 条可疑

局限性:
  - 仅 1278 条笔记，统计显著性不足
  - 数据来自搜索 API，受平台排序算法影响

输出: /opt/mediacrawler/analysis/briefings/2026-03-13.json

Slack notified

--- [6/6] Syncing results to GCP mirror ---
[2026-03-12 22:40:41]   分析 JSON: 17 成功, 0 失败
[2026-03-12 22:40:41] Step 3: 同步策略简报...
[2026-03-12 22:41:04]   策略简报: 4 成功, 0 失败
[2026-03-12 22:41:04] 写入 .last_sync: 2026-03-12 18:39:07 ET
[2026-03-12 22:41:04] === 同步完成: 3/3 成功, 0 失败 ===
Data sync complete

=== Pipeline Complete ===
[2026-03-14 03:00:01] 发现 11 条新事件 (offset=235)
[2026-03-14 03:00:01] 处理事件: xhs-analysis-complete (来源: xhs-analyze.sh)
[2026-03-14 03:00:01]   发射事件: intel-fresh
[2026-03-14 03:00:01] 处理事件: max-rate-limit (来源: EMP_0001)
[2026-03-14 03:00:01]   无匹配路由，跳过
[2026-03-14 03:00:01] 处理事件: max-rate-limit (来源: EMP_0004)
[2026-03-14 03:00:01]   无匹配路由，跳过
[2026-03-14 03:00:01] 处理事件: health-check-failed (来源: data_health_check.sh)
[2026-03-14 03:00:01]   SYSTEM_MAP 待更新: 数据线 → blocked
[2026-03-14 03:00:01] 处理事件: max-rate-limit (来源: EMP_0001)
[2026-03-14 03:00:01]   无匹配路由，跳过
[2026-03-14 03:00:01] 处理事件: max-rate-limit (来源: EMP_0008)
[2026-03-14 03:00:01]   无匹配路由，跳过
[2026-03-14 03:00:01] 处理事件: max-rate-limit (来源: EMP_0008)
[2026-03-14 03:00:01]   无匹配路由，跳过
[2026-03-14 03:00:01] 处理事件: agent-task-failed (来源: EMP_0001)
[2026-03-14 03:00:01]   触发 dispatcher 实时派发
[2026-03-14 03:00:02] 处理事件: xhs-analysis-complete (来源: xhs-analyze.sh)
[2026-03-14 03:00:02]   发射事件: intel-fresh
[2026-03-14 03:00:02] 处理事件: agent-task-failed (来源: EMP_0004)
[2026-03-14 03:00:02]   触发 dispatcher 实时派发
[2026-03-14 03:00:02] 处理事件: health-check-failed (来源: data_health_check.sh)
[2026-03-14 03:00:02]   SYSTEM_MAP 待更新: 数据线 → blocked
[2026-03-14 04:00:01] 发现 12 条新事件 (offset=246)
[2026-03-14 04:00:01] 处理事件: intel-fresh (来源: xhs-analyze.sh)
[2026-03-14 04:00:01]   启动脚本: skills/agent-ops/optimization-cycle.sh
[2026-03-14 04:00:01] 处理事件: intel-fresh (来源: xhs-analyze.sh)
[2026-03-14 04:00:01]   启动脚本: skills/agent-ops/optimization-cycle.sh
[2026-03-14 04:00:01] 处理事件: dispatcher-task-start (来源: dispatcher.sh)
[2026-03-14 04:00:01]   无匹配路由，跳过
[2026-03-14 04:00:01] 处理事件: agent-task-started (来源: dispatcher.sh)
[2026-03-14 04:00:01]   无匹配路由，跳过
[2026-03-14 04:00:01] 处理事件: dispatcher-task-start (来源: dispatcher.sh)
[2026-03-14 04:00:01]   无匹配路由，跳过
[2026-03-14 04:00:01] 处理事件: agent-task-started (来源: dispatcher.sh)
[2026-03-14 04:00:01]   无匹配路由，跳过
[2026-03-14 04:00:01] 处理事件: dispatcher-task-start (来源: dispatcher.sh)
[2026-03-14 04:00:01]   无匹配路由，跳过
[2026-03-14 04:00:01] 处理事件: agent-task-started (来源: dispatcher.sh)
[2026-03-14 04:00:01]   无匹配路由，跳过
[2026-03-14 04:00:01] 处理事件: dispatcher-task-start (来源: dispatcher.sh)
[2026-03-14 04:00:01]   无匹配路由，跳过
[2026-03-14 04:00:01] 处理事件: agent-task-started (来源: dispatcher.sh)
[2026-03-14 04:00:01]   无匹配路由，跳过
[2026-03-14 04:00:01] 处理事件: dispatcher-task-start (来源: dispatcher.sh)
[2026-03-14 04:00:01]   无匹配路由，跳过
[2026-03-14 04:00:01] 处理事件: agent-task-started (来源: dispatcher.sh)
[2026-03-14 04:00:01]   无匹配路由，跳过
tee: /home/hangn/mason-hub/skills/logs/optimization-cycle.log: No such file or directory
tee: /home/hangn/mason-hub/skills/logs/optimization-cycle.log: No such file or directory
[2026-03-14 04:00:01] === 自优化周期开始 ===
[2026-03-14 04:00:01] === 自优化周期开始 ===
[2026-03-14 05:00:01] 发现 10 条新事件 (offset=258)
[2026-03-14 05:00:01] 处理事件: dispatcher-task-start (来源: dispatcher.sh)
[2026-03-14 05:00:01]   无匹配路由，跳过
[2026-03-14 05:00:01] 处理事件: agent-task-started (来源: dispatcher.sh)
[2026-03-14 05:00:01]   无匹配路由，跳过
[2026-03-14 05:00:01] 处理事件: dispatcher-task-start (来源: dispatcher.sh)
[2026-03-14 05:00:01]   无匹配路由，跳过
[2026-03-14 05:00:01] 处理事件: agent-task-started (来源: dispatcher.sh)
[2026-03-14 05:00:01]   无匹配路由，跳过
[2026-03-14 05:00:01] 处理事件: dispatcher-task-start (来源: dispatcher.sh)
[2026-03-14 05:00:01]   无匹配路由，跳过
[2026-03-14 05:00:01] 处理事件: agent-task-started (来源: dispatcher.sh)
[2026-03-14 05:00:01]   无匹配路由，跳过
[2026-03-14 05:00:01] 处理事件: dispatcher-task-start (来源: dispatcher.sh)
[2026-03-14 05:00:01]   无匹配路由，跳过
[2026-03-14 05:00:01] 处理事件: agent-task-started (来源: dispatcher.sh)
[2026-03-14 05:00:01]   无匹配路由，跳过
[2026-03-14 05:00:01] 处理事件: dispatcher-task-start (来源: dispatcher.sh)
[2026-03-14 05:00:01]   无匹配路由，跳过
[2026-03-14 05:00:01] 处理事件: agent-task-started (来源: dispatcher.sh)
[2026-03-14 05:00:01]   无匹配路由，跳过
[2026-03-14 06:00:01] 发现 10 条新事件 (offset=268)
[2026-03-14 06:00:01] 处理事件: dispatcher-task-start (来源: dispatcher.sh)
[2026-03-14 06:00:01]   无匹配路由，跳过
[2026-03-14 06:00:01] 处理事件: agent-task-started (来源: dispatcher.sh)
[2026-03-14 06:00:01]   无匹配路由，跳过
[2026-03-14 06:00:01] 处理事件: dispatcher-task-start (来源: dispatcher.sh)
[2026-03-14 06:00:01]   无匹配路由，跳过
[2026-03-14 06:00:01] 处理事件: agent-task-started (来源: dispatcher.sh)
[2026-03-14 06:00:01]   无匹配路由，跳过
[2026-03-14 06:00:01] 处理事件: dispatcher-task-start (来源: dispatcher.sh)
[2026-03-14 06:00:01]   无匹配路由，跳过
[2026-03-14 06:00:01] 处理事件: agent-task-started (来源: dispatcher.sh)
[2026-03-14 06:00:01]   无匹配路由，跳过
[2026-03-14 06:00:01] 处理事件: dispatcher-task-start (来源: dispatcher.sh)
[2026-03-14 06:00:01]   无匹配路由，跳过
[2026-03-14 06:00:01] 处理事件: agent-task-started (来源: dispatcher.sh)
[2026-03-14 06:00:01]   无匹配路由，跳过
[2026-03-14 06:00:01] 处理事件: dispatcher-task-start (来源: dispatcher.sh)
[2026-03-14 06:00:01]   无匹配路由，跳过
[2026-03-14 06:00:01] 处理事件: agent-task-started (来源: dispatcher.sh)
[2026-03-14 06:00:01]   无匹配路由，跳过
