[2026-03-11 03:18:37 CST] --- heartbeat 开始 ---
[2026-03-11 03:18:44 CST] --- heartbeat 开始 ---
[2026-03-11 03:22:52 CST] --- heartbeat 开始 ---
[2026-03-11 03:40:39 CST] --- heartbeat 开始 ---
[2026-03-11 03:40:49 CST] 响应: 🔴 **系统时间异常** - Dispatcher 被时间窗口阻塞

**详情:**
- 当前时间: 2026-03-11 03:40 CST (凌晨)
- Dispatcher 日志显示: 连续被"...
[2026-03-11 03:40:49 CST] 📨 已发 Slack
[2026-03-11 03:40:49 CST] --- heartbeat 结束 ---
[2026-03-11 04:04:57 CST] ⏰ 窗口外（CST 08-22），跳过
[2026-03-12 01:35:31 ET] [轻巡] ✅ 正常 (磁盘 48%, 内存 55%, cron 30 条)
[2026-03-12 02:00:50 ET] [轻巡] ✅ 正常 (磁盘 48%, 内存 57%, cron 31 条)
[2026-03-12 03:00:32 ET] [轻巡] ✅ 正常 (磁盘 48%, 内存 49%, cron 31 条)
[2026-03-12 04:00:32 ET] [轻巡] ✅ 正常 (磁盘 48%, 内存 54%, cron 31 条)
[2026-03-12 05:00:38 ET] [轻巡] ✅ 正常 (磁盘 48%, 内存 54%, cron 31 条)
[2026-03-12 06:00:32 ET] [轻巡] ✅ 正常 (磁盘 48%, 内存 53%, cron 31 条)
[2026-03-12 07:00:31 ET] [轻巡] ✅ 正常 (磁盘 48%, 内存 53%, cron 31 条)
[2026-03-12 08:00:31 ET] [轻巡] ✅ 正常 (磁盘 48%, 内存 54%, cron 31 条)
[2026-03-12 09:00:31 ET] [轻巡] ✅ 正常 (磁盘 48%, 内存 54%, cron 31 条)
[2026-03-12 10:00:37 ET] [轻巡] ✅ 正常 (磁盘 48%, 内存 79%, cron 31 条)
[2026-03-12 11:00:33 ET] [轻巡] ✅ 正常 (磁盘 48%, 内存 69%, cron 31 条)
[2026-03-12 12:00:41 ET] [轻巡] ✅ 正常 (磁盘 48%, 内存 60%, cron 31 条)
[2026-03-12 13:00:48 ET] [轻巡] ✅ 正常 (磁盘 48%, 内存 58%, cron 31 条)
[2026-03-12 14:01:01 ET] [轻巡] ⚠️ 发现 1 个异常: 阿里云 SSH 不通; 
[2026-03-12 15:00:36 ET] [轻巡] ✅ 正常 (磁盘 48%, 内存 56%, cron 31 条)
[2026-03-12 16:00:35 ET] [轻巡] ✅ 正常 (磁盘 48%, 内存 66%, cron 31 条)
[2026-03-12 17:00:32 ET] [轻巡] ✅ 正常 (磁盘 48%, 内存 56%, cron 31 条)
[2026-03-12 18:00:32 ET] [轻巡] ✅ 正常 (磁盘 48%, 内存 54%, cron 31 条)
[2026-03-12 19:00:32 ET] [轻巡] ✅ 正常 (磁盘 48%, 内存 43%, cron 31 条)
[2026-03-12 20:00:31 ET] [轻巡] ✅ 正常 (磁盘 48%, 内存 43%, cron 31 条)
[2026-03-12 21:00:30 ET] [轻巡] ✅ 正常 (磁盘 48%, 内存 43%, cron 31 条)
[2026-03-12 22:00:30 ET] [轻巡] ✅ 正常 (磁盘 48%, 内存 53%, cron 31 条)
[2026-03-12 23:00:30 ET] [轻巡] ✅ 正常 (磁盘 48%, 内存 43%, cron 31 条)
[2026-03-13 00:00:34 ET] [轻巡] ✅ 正常 (磁盘 48%, 内存 50%, cron 31 条)
[2026-03-13 01:00:32 ET] [轻巡] ✅ 正常 (磁盘 48%, 内存 44%, cron 31 条)
[2026-03-13 02:00:32 ET] [轻巡] ✅ 正常 (磁盘 48%, 内存 43%, cron 31 条)
[2026-03-13 03:00:34 ET] [轻巡] ✅ 正常 (磁盘 48%, 内存 43%, cron 31 条)
[2026-03-13 04:00:34 ET] [轻巡] ✅ 正常 (磁盘 48%, 内存 47%, cron 31 条)
[2026-03-13 05:00:31 ET] [轻巡] ✅ 正常 (磁盘 48%, 内存 43%, cron 31 条)
[2026-03-13 06:00:36 ET] [轻巡] ✅ 正常 (磁盘 48%, 内存 43%, cron 31 条)
[2026-03-13 07:00:31 ET] [轻巡] ✅ 正常 (磁盘 48%, 内存 43%, cron 31 条)
[2026-03-13 08:00:30 ET] [轻巡] ✅ 正常 (磁盘 48%, 内存 43%, cron 31 条)
[2026-03-13 09:00:31 ET] [轻巡] ✅ 正常 (磁盘 48%, 内存 43%, cron 31 条)
[2026-03-13 10:00:34 ET] [轻巡] ✅ 正常 (磁盘 48%, 内存 46%, cron 31 条)
[2026-03-13 11:00:30 ET] [轻巡] ✅ 正常 (磁盘 48%, 内存 43%, cron 31 条)
[2026-03-13 12:00:40 ET] [轻巡] ✅ 正常 (磁盘 48%, 内存 43%, cron 31 条)
[2026-03-13 13:00:50 ET] [轻巡] ✅ 正常 (磁盘 48%, 内存 43%, cron 31 条)
[2026-03-13 14:00:47 ET] [轻巡] ✅ 正常 (磁盘 48%, 内存 43%, cron 31 条)
[2026-03-13 15:00:38 ET] [轻巡] ✅ 正常 (磁盘 48%, 内存 43%, cron 31 条)
[2026-03-13 16:00:34 ET] [轻巡] ✅ 正常 (磁盘 48%, 内存 46%, cron 31 条)
[2026-03-13 17:00:31 ET] [轻巡] ✅ 正常 (磁盘 48%, 内存 47%, cron 31 条)
[2026-03-13 18:00:32 ET] [轻巡] ✅ 正常 (磁盘 48%, 内存 51%, cron 31 条)
[2026-03-13 19:00:30 ET] [轻巡] ✅ 正常 (磁盘 48%, 内存 47%, cron 31 条)
[2026-03-13 20:00:32 ET] [轻巡] ✅ 正常 (磁盘 48%, 内存 47%, cron 31 条)
[2026-03-13 21:00:30 ET] [轻巡] ✅ 正常 (磁盘 48%, 内存 54%, cron 31 条)
[2026-03-13 22:00:30 ET] [轻巡] ✅ 正常 (磁盘 48%, 内存 69%, cron 31 条)
[2026-03-13 23:00:32 ET] [轻巡] ✅ 正常 (磁盘 48%, 内存 59%, cron 31 条)
[2026-03-14 00:00:33 ET] [轻巡] ✅ 正常 (磁盘 49%, 内存 70%, cron 31 条)
[2026-03-14 01:00:32 ET] [轻巡] ✅ 正常 (磁盘 49%, 内存 65%, cron 31 条)
[2026-03-14 02:00:32 ET] [轻巡] ✅ 正常 (磁盘 49%, 内存 68%, cron 31 条)
[2026-03-14 03:00:42 ET] [轻巡] ✅ 正常 (磁盘 49%, 内存 51%, cron 31 条)
[2026-03-14 04:00:38 ET] [轻巡] ✅ 正常 (磁盘 49%, 内存 54%, cron 31 条)
[2026-03-14 05:00:31 ET] [轻巡] ✅ 正常 (磁盘 49%, 内存 51%, cron 31 条)
[2026-03-14 06:02:32 ET] [轻巡] ✅ 正常 (磁盘 49%, 内存 51%, cron 31 条)
[2026-03-14 07:00:31 ET] [轻巡] ✅ 正常 (磁盘 49%, 内存 50%, cron 31 条)
[2026-03-14 08:00:31 ET] [轻巡] ✅ 正常 (磁盘 49%, 内存 57%, cron 31 条)
