[2026-03-09 23:29:49] === 自优化周期开始 ===
[2026-03-09 23:29:49] Step 1a: 读取 Radar 关注率...
[2026-03-09 23:30:00]   Radar 数据获取成功
[2026-03-09 23:30:00] Step 1b: 读取 Scout 最新情报...
[2026-03-09 23:30:00]   Scout 情报获取成功: 2026-03-08.md
[2026-03-09 23:30:00] Step 1c: 读取 XHS 互动数据...
[2026-03-09 23:30:06]   XHS 简报获取成功: 2026-03-07.json
[2026-03-09 23:30:06] Step 1d: 读取 TrendRadar 数据...
[2026-03-09 23:30:06]   TrendRadar 数据正常: 1h 前
[2026-03-09 23:30:06] Step 2: Gate 1 数据完整性检查...
[2026-03-09 23:30:06]   Gate 1 PASS: 4 个数据源
[2026-03-09 23:30:06] Step 3: 生成优化建议...
[2026-03-09 23:35:20] === 自优化周期开始 ===
[2026-03-09 23:35:20] Step 1a: 读取 Radar 关注率...
[2026-03-09 23:35:25]   Radar 数据获取成功
[2026-03-09 23:35:25] Step 1b: 读取 Scout 最新情报...
[2026-03-09 23:35:25]   Scout 情报获取成功: 2026-03-08.md
[2026-03-09 23:35:25] Step 1c: 读取 XHS 互动数据...
[2026-03-09 23:35:30]   XHS 简报获取成功: 2026-03-07.json
[2026-03-09 23:35:30] Step 1d: 读取 TrendRadar 数据...
[2026-03-09 23:35:30]   TrendRadar 数据正常: 1h 前
[2026-03-09 23:35:30] Step 2: Gate 1 数据完整性检查...
[2026-03-09 23:35:30]   Gate 1 PASS: 4 个数据源
[2026-03-09 23:35:30] Step 3: 生成优化建议...
[2026-03-09 23:39:10] === 自优化周期开始 ===
[2026-03-09 23:39:10] Step 1a: 读取 Radar 关注率...
[2026-03-09 23:39:17]   Radar 数据获取成功
[2026-03-09 23:39:17] Step 1b: 读取 Scout 最新情报...
[2026-03-09 23:39:17]   Scout 情报获取成功: 2026-03-08.md
[2026-03-09 23:39:17] Step 1c: 读取 XHS 互动数据...
[2026-03-09 23:39:22]   XHS 简报获取成功: 2026-03-07.json
[2026-03-09 23:39:22] Step 1d: 读取 TrendRadar 数据...
[2026-03-09 23:39:22]   TrendRadar 数据正常: 1h 前
[2026-03-09 23:39:22] Step 2: Gate 1 数据完整性检查...
[2026-03-09 23:39:23]   Gate 1 PASS: 4 个数据源
[2026-03-09 23:39:23] Step 3: 生成优化建议...
[2026-03-09 23:40:17] === 自优化周期开始 ===
[2026-03-09 23:40:17] Step 1a: 读取 Radar 关注率...
[2026-03-09 23:40:24]   Radar 数据获取成功
[2026-03-09 23:40:24] Step 1b: 读取 Scout 最新情报...
[2026-03-09 23:40:24]   Scout 情报获取成功: 2026-03-08.md
[2026-03-09 23:40:24] Step 1c: 读取 XHS 互动数据...
[2026-03-09 23:40:30]   XHS 简报获取成功: 2026-03-07.json
[2026-03-09 23:40:30] Step 1d: 读取 TrendRadar 数据...
[2026-03-09 23:40:30]   TrendRadar 数据正常: 1h 前
[2026-03-09 23:40:30] Step 2: Gate 1 数据完整性检查...
[2026-03-09 23:40:30]   Gate 1 PASS: 4 个数据源
[2026-03-09 23:40:30] Step 3: 生成优化建议...
[2026-03-09 23:40:37] === 自优化周期开始 ===
[2026-03-09 23:40:37] Step 1a: 读取 Radar 关注率...
[2026-03-09 23:40:43] === 自优化周期开始 ===
[2026-03-09 23:40:43] Step 1a: 读取 Radar 关注率...
[2026-03-09 23:40:44]   Radar 数据获取成功
[2026-03-09 23:40:44] Step 1b: 读取 Scout 最新情报...
[2026-03-09 23:40:44]   Scout 情报获取成功: 2026-03-08.md
[2026-03-09 23:40:44] Step 1c: 读取 XHS 互动数据...
[2026-03-09 23:40:49]   Radar 数据获取成功
[2026-03-09 23:40:49] Step 1b: 读取 Scout 最新情报...
[2026-03-09 23:40:49]   Scout 情报获取成功: 2026-03-08.md
[2026-03-09 23:40:49] Step 1c: 读取 XHS 互动数据...
[2026-03-09 23:40:50]   XHS 简报获取成功: 2026-03-07.json
[2026-03-09 23:40:50] Step 1d: 读取 TrendRadar 数据...
[2026-03-09 23:40:50]   TrendRadar 数据正常: 1h 前
[2026-03-09 23:40:50] Step 2: Gate 1 数据完整性检查...
[2026-03-09 23:40:50]   Gate 1 PASS: 4 个数据源
[2026-03-09 23:40:50] Step 3: 生成优化建议...
[2026-03-09 23:40:50]   生成建议（第 1 轮）...
[2026-03-09 23:40:55]   XHS 简报获取成功: 2026-03-07.json
[2026-03-09 23:40:55] Step 1d: 读取 TrendRadar 数据...
[2026-03-09 23:40:55]   TrendRadar 数据正常: 1h 前
[2026-03-09 23:40:55] Step 2: Gate 1 数据完整性检查...
[2026-03-09 23:40:55]   Gate 1 PASS: 4 个数据源
[2026-03-09 23:40:55] Step 3: 生成优化建议...
[2026-03-09 23:40:55]   生成建议（第 1 轮）...
[2026-03-09 23:42:09] Step 4: Gate 2 建议合理性检查...
[2026-03-09 23:42:21] Step 4: Gate 2 建议合理性检查...
[2026-03-09 23:42:53]   Gate 2 第 1 轮 FAIL，尝试修正...
[2026-03-09 23:43:10]   Gate 2 第 1 轮 FAIL，尝试修正...
[2026-03-09 23:43:57]   Gate 2 第 2 轮 PASS
[2026-03-09 23:43:57] Step 5: 打包结果...
[2026-03-09 23:43:57]   报告已保存: /home/hangn/mason-hub/intel/optimization-reports/2026-03-09.md
[2026-03-09 23:43:58]   Slack 通知已发送
[2026-03-09 23:43:58] === 自优化周期结束 ===
[2026-03-09 23:44:34]   Gate 2 第 2 轮 PASS
[2026-03-09 23:44:34] Step 5: 打包结果...
[2026-03-09 23:44:34]   报告已保存: /home/hangn/mason-hub/intel/optimization-reports/2026-03-09.md
[2026-03-09 23:44:34]   Slack 通知已发送
[2026-03-09 23:44:34] === 自优化周期结束 ===
[2026-03-11 06:00:01] === 自优化周期开始 ===
[2026-03-11 06:00:01] === 自优化周期开始 ===
[2026-03-11 06:00:01] Step 1a: 读取 Radar 关注率...
[2026-03-11 06:00:01] Step 1a: 读取 Radar 关注率...
[2026-03-11 06:00:11]   Radar 数据获取成功
[2026-03-11 06:00:11]   Radar 数据获取成功
[2026-03-11 06:00:11] Step 1b: 读取 Scout 最新情报...
[2026-03-11 06:00:11] Step 1b: 读取 Scout 最新情报...
[2026-03-11 06:00:11]   Scout 情报获取成功: JSONL, 10 条 red 优先级
[2026-03-11 06:00:11]   Scout 情报获取成功: JSONL, 10 条 red 优先级
[2026-03-11 06:00:11] Step 1c: 读取 XHS 互动数据...
[2026-03-11 06:00:11] Step 1c: 读取 XHS 互动数据...
[2026-03-11 06:00:11]   XHS 简报获取成功: 2026-03-07.json (mirror)
[2026-03-11 06:00:11]   XHS 简报获取成功: 2026-03-07.json (mirror)
[2026-03-11 06:00:11] Step 1d: 读取 TrendRadar 数据...
[2026-03-11 06:00:11] Step 1d: 读取 TrendRadar 数据...
[2026-03-11 06:00:11]   TrendRadar 数据正常: 1h 前
[2026-03-11 06:00:11]   TrendRadar 数据正常: 1h 前
[2026-03-11 06:00:11] Step 2: Gate 1 数据完整性检查...
[2026-03-11 06:00:11] Step 2: Gate 1 数据完整性检查...
[2026-03-11 06:00:11]   Gate 1 PASS: 4 个数据源
[2026-03-11 06:00:11]   Gate 1 PASS: 4 个数据源
[2026-03-11 06:00:11] Step 3: 生成优化建议...
[2026-03-11 06:00:11] Step 3: 生成优化建议...
