=== XHS 市场信号（单独模式） ===
Time: 2026-03-07 10:00 CST

--- Syncing market signals script ---
Using analysis: /opt/mediacrawler/analysis/analysis_2026-03-07_enriched.json
Using trends: /opt/mediacrawler/analysis/trends/2026-03-07.json

--- Generating market signals ---
=== XHS 市场信号 2026-03-07 ===
数据: 1168 条笔记
声明: 以下为市场分析与行动建议。置信度标注说明数据基础强弱，LOW 表示待验证假设。

市场信号 (6):
  [◐ medium] 视频平均互动分是图文的 8.3 倍（视频 22,891 vs 图文 2,748）
      盲区: 可能是平台算法偏好视频推荐，而非用户偏好视频内容
      盲区: 视频制作成本更高，互动/成本比未知
  [◐ medium] 在 5 条高藏赞比帖子中，平均藏赞比 185.1%，均为教程/清单类内容
      盲区: 高藏赞比是内容特征，不代表"做干货就能火"
      盲区: 这些帖子的作者粉丝量未知，可能是大号基数效应
  [◐ medium] 在 5 条高评赞比帖子中，平均评赞比 39.8%，评论活跃度高于均值
      盲区: 高评论可能来自争议而非认可
      盲区: 部分高评论帖子可能是刷评
  [○ low] 关键词互动分差距 710.9 倍："防晒推荐" 均分 149,285，"韩妆限时折扣" 均分 210
      盲区: 搜索关键词的互动分受 XHS 搜索排序算法影响
      盲区: 不同关键词的竞争激烈程度不同，互动分高不代表易进入
  [○ low] 含数字标题平均互动分 14,478，无数字标题 9,634（差 +50%）
      盲区: 含数字的标题往往是清单/教程类，互动高可能是内容类型而非数字本身
      盲区: 相关性不等于因果，在标题加数字不一定提升互动
  [● high] 在粉丝 <1 万的小号中，有 2 条帖子进入 Top 20，说明内容本身驱动了互动
      盲区: 小号可能是大号的小号（矩阵账号），粉丝量不完全反映账号实力

Top 5 热帖:
  1. 怒花几千块！oliveyoung必买清单大总结 [大号]
     互动分 405,041 | 赞 60,872 藏 51,966
  2. 怒花几千块！oliveyoung必买清单大总结 [大号]
     互动分 403,215 | 赞 61,000 藏 52,000
  3. 抓了真ins博主说说国内不知道的韩女真爱！ [大号]
     互动分 362,227 | 赞 96,000 藏 74,000
  4. 如果你打算去一趟韩国变美能省下20000块… [大号]
     互动分 346,560 | 赞 48,000 藏 53,000
  5. 🇰🇷ins博主8个素颜妆技巧‼️越淡越美真简单 [大号]
     互动分 244,541 | 赞 75,000 藏 50,000

假流量: 11 条可疑

局限性:
  - 仅 1168 条笔记，统计显著性不足
  - 数据来自搜索 API，受平台排序算法影响

输出: /opt/mediacrawler/analysis/briefings/2026-03-07.json

Slack notified

=== Market Signals Complete ===
