=== XHS 市场信号管道 ===
Time: 2026-03-07 08:00 CST

--- [1/6] Syncing & running analysis ---
Notes in DB: 1168
============================================================
XHS 爆款帖子分析报告
日期: 2026-03-07
数据量: 1168 条笔记
============================================================

Top 15 高互动帖子:
#          互动分        赞        藏      评      转 类型        藏赞比 标题
----------------------------------------------------------------------------------------------------
1      425,181  100,000  100,000    177  3,037 video  100.0% 💓 cleanmakeup｜完美底妆的诞生 [!]
2      405,041   60,872   51,966    443 23,257 video   85.4% 怒花几千块！oliveyoung必买清单大总结
3      403,215   61,000   52,000    443 23,000 video   85.2% 怒花几千块！oliveyoung必买清单大总结
4      362,227   96,000   74,000    743  5,064 video   77.1% 抓了真ins博主说说国内不知道的韩女真爱！
5      346,560   48,000   53,000  2,312 16,000 video  110.4% 如果你打算去一趟韩国变美能省下20000块…
6      244,541   75,000   50,000    353  2,222 video   66.7% 🇰🇷ins博主8个素颜妆技巧‼️越淡越美真简单
7      229,746   90,000   39,000    650  2,437 video   43.3% 韩女！你真不管油皮的死活了吗
8      218,448   34,295   26,959    228 12,767 normal  78.6% 🇰🇷oliveyoung2025必买攻略1️⃣亲测好用❗️
9      205,704   40,350   53,343  1,065      0 video  132.2% 4步开个小红书赚钱店铺（录屏逐帧拆解）
10     194,664   68,000   37,000    128  1,878 video   54.4% 韩国必买！韩女真正爱用！好用疯用一次就爱上 [!]
11     190,907   32,000   37,000    239  5,839 video  115.6% 离开🇰🇷最值得的伴手礼大合集！
12     178,890   50,000   38,000    250  1,705 video   76.0% 包教包会！超详细教学亚裔感微醺小韩妆
13     176,883  100,000   17,000  1,063  2,571 video   17.0% 还真有人越防晒越黑啊？正确防晒越晒越亮‼️
14     169,687  100,000   15,000  4,315    389 video   15.0% lulu好物分享丨和春天贴贴吧~
15     168,886   36,456   43,785    215      0 video  120.1% 这循环护肤公式真的好好用！

内容类型:
  视频: 451 条 (39%), 平均互动分 22,891
  图文: 717 条 (61%), 平均互动分 2,748

关键词维度:
关键词                    数量        平均分     视频占比 最佳标题
------------------------------------------------------------------------------------------
防晒推荐                    4    149,285     75%  还真有人越防晒越黑啊？正确防晒越晒越亮‼️
韩国好物                   14    108,905     93%  韩国必买！韩女真正爱用！好用疯用一次就爱上
韩国护肤                   35    101,564     86%  怒花几千块！oliveyoung必买清单大总结
韩国美妆教程                 20     93,994    100%  💓 cleanmakeup｜完美底妆的诞生
面膜推荐                    5     88,477     80%  好用的片状面膜推荐：）
韩国零食                   19     41,006    100%  老外狂炫8种酸糖！一个比一个上头！
精华液推荐                   3     35,911    100%  全皮层抗老精华真有这么神？14天捏出紧致骨
水乳推荐                    7     35,502     57%  从平价到大牌，一些热门水乳使用感总结
韩国面霜推荐                 87      9,350     16%  怒花几千块！oliveyoung必买清单大总结
护肤品组合推荐                60      8,029     28%  新手护肤不同肤质怎么买❗️精简高效不多花
SKIN1004测评             20      7,661     65%  🇰🇷去韩只干1件事！把本土超火嫩肤CP囤断货
小红书护肤品开卖               60      6,790     10%  4步开个小红书赚钱店铺（录屏逐帧拆解）
面霜面膜搭配                 60      6,267     33%  这循环护肤公式真的好好用！
COSRX测评                20      5,415     25%  湿敷我跪了！🐂素颜看不到毛孔！嫩到被猛夸
水煮蛋面膜                  82      4,510     62%  听人劝才能吃饱饭❗️姐妹们别再无效敷面膜啦
代购正品验证                 84      1,444     10%  网购假货维权看这篇就够了，全网最详细版
护肤品真假对比                78      1,186     14%  
护肤品福利活动                60        806     25%  新春宅家不如去丝芙兰“挖宝”💎太好逛了
SOME BY MI测评           20        744     45%  韩国女生真正爱用的爽肤水top5
韩国代购开箱                 62        662     58%  🇰🇷小韩做文创真是一套又一套🫰浅浅开箱
韩国护肤套装                 48        590     15%  2025韩女爱用早变了！oy跟买清单get！
韩妆仓库实拍                 92        467     60%  无广纯自用分享/oliveyoung必买好物🛍️
韩国直邮发货                 59        413      7%  狗头直邮完整流程和总花费经验（不推荐）分享
回头霜                    90        220     63%  新系列 | 你留言～我测评
韩妆限时折扣                 79        210     34%  美妆人速进！美妆批发/代购核心群清单流出

爆款模式:
  高藏赞比 (干货/教程):
    [214%] 美美院揭秘㊙️这些在家就能做‼️
    [205%] 25+护肤思路｜几组我用过的护肤品搭配分享
    [180%] 晒后快速变白白💡三招爆改水煮蛋✅
    [170%] 25+护肤思路｜几组我用过的护肤品搭配分享
    [156%] ㊙️原来鸡蛋壳里的白膜这么有用❗️❗️❗️
  高评赞比 (话题/争议):
    [71.4%] （大揭秘!!）医美老板的仓库到底有什么？
    [40.8%] 你还在傻傻相信蚂蚁链溯源吗？
    [33.5%] 韩妆败给了谁？
    [29.4%] 如何分辨薇诺娜的假货‖舒敏保湿特护霜
    [24.1%] 什么代购能入你的法眼
  高转赞比 (社交货币):
    [41.8%] 比韩国人不睡觉更恐怖的东西。。。。
    [40.8%] 韩国必买好物｜保姆级购物清单
    [40.8%] 韩国必买好物｜保姆级购物清单
    [38.2%] 怒花几千块！oliveyoung必买清单大总结
    [37.7%] 怒花几千块！oliveyoung必买清单大总结

标题模式:
  含数字: 平均 14,478 vs 无数字: 9,634 (+50%)
  含感叹号: 平均 18,585

假流量预警: 11 条可疑
  💓 cleanmakeup｜完美底妆的诞生 — 评赞比过低
  韩国必买！韩女真正爱用！好用疯用一次就爱上 — 评赞比过低
  韩国人夜生活 — 藏赞比过低
  🇰🇷韩国街边零食 — 藏赞比过低
  不同需求的水乳要怎么选？一篇教会你！ — 评赞比过低

============================================================

JSON saved: /opt/mediacrawler/analysis/analysis_2026-03-07.json

--- [2/6] Creator enrichment (top 20) ---
Unique creators to enrich: 19
Cached: 16, need API: 3
Using account: A (内容博主号)
  [1/3] Fetching profile: 55a90bf3a75c9561aebd2d99
    蟹酒: 49,293 fans (中号)
    Waiting 30s...
  [2/3] Fetching profile: 5a332c6611be101b87954919
    长腿柯基: 335,789 fans (大号)
    Waiting 29s...
  [3/3] Fetching profile: 60b743800000000001004c9a
    华肥娘娘: 888,751 fans (大号)

Enriched 20/20 posts
Small account signals: 2
Output: /opt/mediacrawler/analysis/analysis_2026-03-07_enriched.json
Enrichment OK, using enriched JSON

--- [3/6] Comment collection (top 10 notes, max 20/note) ---
Using account: MAIN (主号（仅测试用）)
Top 10 notes to collect comments from:
  1. [  425181] 💓 cleanmakeup｜完美底妆的诞生 (评论数: 177)
  2. [  405041] 怒花几千块！oliveyoung必买清单大总结 (评论数: 443)
  3. [  403215] 怒花几千块！oliveyoung必买清单大总结 (评论数: 443)
  4. [  362227] 抓了真ins博主说说国内不知道的韩女真爱！ (评论数: 743)
  5. [  346560] 如果你打算去一趟韩国变美能省下20000块… (评论数: 2312)
  6. [  244541] 🇰🇷ins博主8个素颜妆技巧‼️越淡越美真简单 (评论数: 353)
  7. [  229746] 韩女！你真不管油皮的死活了吗 (评论数: 650)
  8. [  218448] 🇰🇷oliveyoung2025必买攻略1️⃣亲测好用❗️ (评论数: 228)
  9. [  205704] 4步开个小红书赚钱店铺（录屏逐帧拆解） (评论数: 1065)
  10. [  194664] 韩国必买！韩女真正爱用！好用疯用一次就爱上 (评论数: 128)

[1/10] 💓 cleanmakeup｜完美底妆的诞生
  Already have 24 comments, fetching new ones
  Page 1: 10 comments
    RATE LIMITED (461)
  Total: 10 fetched, 1 new saved

=== Comment Collection Summary ===
Notes processed: 1/10
New comments saved: 1
DB total: 236 comments across 10 notes
WARNING: Stopped early due to rate limiting
Comment collection OK
Total comments: 236
Across 10 notes

============================================================
XHS 评论分析报告
日期: 2026-03-07
数据量: 236 条评论, 10 个帖子
============================================================

高频词 (Top 20):
  好用: 21
  皮肤: 12
  绿茶: 11
  粉底: 11
  喷雾: 10
  推荐: 9
  黑头: 9
  韩国: 8
  洗脸: 8
  刷子: 8
  不好用: 7
  带上: 7
  使用: 7
  底刷: 7
  粉底刷: 7
  用的: 7
  上飞: 7
  飞机: 7
  机吗: 7
  上飞机: 7

用户提问 (120 条):
  1. 真的有用吗？本油皮很需要 (1089赞)
     ← 韩女！你真不管油皮的死活了吗
  2. 可是买回来不就是为了方便吗？[捂脸R] (994赞)
     ← 💓 cleanmakeup｜完美底妆的诞生
  3. 下次能不能不要带阿姨了  [哭惹R]  带上我[哭惹R][哭惹R] (682赞)
     ← 如果你打算去一趟韩国变美能省下20000块…
  4. 我自己出钱，你可以带我去吗？没人指路我真的怕被坑。[捂脸R] (295赞)
     ← 如果你打算去一趟韩国变美能省下20000块…
  5. 这个价格怎么选择[黑薯问号R] (157赞)
     ← 韩国必买！韩女真正爱用！好用疯用一次就爱上
  6. 没有凡士林怎么办。 (142赞)
     ← 💓 cleanmakeup｜完美底妆的诞生
  7. 宝子，婆婆做的三件套这家能不能推荐下，一样的暗垮脸 (48赞)
     ← 如果你打算去一趟韩国变美能省下20000块…
  8. 茶叶洗脸不是韩女专利哦，这也是中医美服技巧，我从小就是经常用茶水洗脸，什么茶叶都行，花茶也行，皮肤白，我也从来不出油，没 (26赞)
     ← 韩女！你真不管油皮的死活了吗
  9. 谁能告诉我这个东西怎么削！！用了不到5次就断了！超级容易断！！还没办法削[哭惹R] (22赞)
     ← 🇰🇷oliveyoung2025必买攻略1️⃣亲测好用❗️
  10. 什么原理 (18赞)
     ← 💓 cleanmakeup｜完美底妆的诞生

热门评论 (按赞数排序):
  1. [6108赞] 难用就难用找这么多借口，我买工具还要这么多步骤买来干嘛[捂脸R]
     ← 💓 cleanmakeup｜完美底妆的诞生
  2. [3069赞] 这是干皮方法吧 油皮看的头都大了
     ← 🇰🇷ins博主8个素颜妆技巧‼️越淡越美真简单
  3. [1602赞] 我嘞个豆，做女生好累，好不容易想精致点画个妆吧，连化妆刷都要有个开光仪式
     ← 💓 cleanmakeup｜完美底妆的诞生
  4. [1208赞] 开个旅行团吧，姐妹
     ← 如果你打算去一趟韩国变美能省下20000块…
  5. [1089赞] 真的有用吗？本油皮很需要
     ← 韩女！你真不管油皮的死活了吗
  6. [994赞] 可是买回来不就是为了方便吗？[捂脸R]
     ← 💓 cleanmakeup｜完美底妆的诞生
  7. [859赞] 空姐喷雾不好用，boh 的好用，蓝色补水精华不好用，胡萝卜棉片容易过敏，发膜好用，本人干皮坐标哈尔滨仅供参考
     ← 怒花几千块！oliveyoung必买清单大总结
  8. [682赞] 下次能不能不要带阿姨了  [哭惹R]  带上我[哭惹R][哭惹R]
     ← 如果你打算去一趟韩国变美能省下20000块…
  9. [398赞] seventeen！
     ← 🇰🇷ins博主8个素颜妆技巧‼️越淡越美真简单
  10. [295赞] 我自己出钱，你可以带我去吗？没人指路我真的怕被坑。[捂脸R]
     ← 如果你打算去一趟韩国变美能省下20000块…

帖子评论概览:
帖子标题                                       评论   提问     总赞 热评
----------------------------------------------------------------------------------------------------
韩女！你真不管油皮的死活了吗                             28   14   1868 真的有用吗？本油皮很需要
怒花几千块！oliveyoung必买清单大总结                    27   13   1193 空姐喷雾不好用，boh 的好用，蓝色补水精华不好用，胡萝卜棉
💓 cleanmakeup｜完美底妆的诞生                      25   11   9081 难用就难用找这么多借口，我买工具还要这么多步骤买来干嘛[捂脸
🇰🇷oliveyoung2025必买攻略1️⃣亲测好用❗️              25   16     68 谁能告诉我这个东西怎么削！！用了不到5次就断了！超级容易断！
如果你打算去一趟韩国变美能省下20000块…                     24   15   2419 开个旅行团吧，姐妹
抓了真ins博主说说国内不知道的韩女真爱！                      23    5    343 又掉了 我来总结下都是啥！有🔗放底下都比官还便宜[抓狂R]
韩国必买！韩女真正爱用！好用疯用一次就爱上                      22   14    209 这个价格怎么选择[黑薯问号R]
包教包会！超详细教学亚裔感微醺小韩妆                         22   11     95 炒鸡美～～～
🇰🇷ins博主8个素颜妆技巧‼️越淡越美真简单                    20    9   3679 这是干皮方法吧 油皮看的头都大了
离开🇰🇷最值得的伴手礼大合集！                            20   12     91 哇啊啊啊啊啊啊啊啊啊啊啊啊是我们在伊瑟琪！！！！是我们彬利！

============================================================

JSON saved: /opt/mediacrawler/analysis/comments/2026-03-07.json

--- [4/6] Trend comparison ---
Comparing: analysis_2026-03-07.json vs analysis_2026-03-06.json

=== 趋势报告 2026-03-07 ===

数据量: 1168 → 1168 (+0)

输出: /opt/mediacrawler/analysis/trends/2026-03-07.json
Trend comparison OK

--- [5/6] Market signals ---
=== XHS 市场信号 2026-03-07 ===
数据: 1168 条笔记
声明: 以下为市场分析与行动建议。置信度标注说明数据基础强弱，LOW 表示待验证假设。

市场信号 (6):
  [◐ medium] 视频平均互动分是图文的 8.3 倍（视频 22,891 vs 图文 2,748）
      盲区: 可能是平台算法偏好视频推荐，而非用户偏好视频内容
      盲区: 视频制作成本更高，互动/成本比未知
  [◐ medium] 在 5 条高藏赞比帖子中，平均藏赞比 185.1%，均为教程/清单类内容
      盲区: 高藏赞比是内容特征，不代表"做干货就能火"
      盲区: 这些帖子的作者粉丝量未知，可能是大号基数效应
  [◐ medium] 在 5 条高评赞比帖子中，平均评赞比 39.8%，评论活跃度高于均值
      盲区: 高评论可能来自争议而非认可
      盲区: 部分高评论帖子可能是刷评
  [○ low] 关键词互动分差距 710.9 倍："防晒推荐" 均分 149,285，"韩妆限时折扣" 均分 210
      盲区: 搜索关键词的互动分受 XHS 搜索排序算法影响
      盲区: 不同关键词的竞争激烈程度不同，互动分高不代表易进入
  [○ low] 含数字标题平均互动分 14,478，无数字标题 9,634（差 +50%）
      盲区: 含数字的标题往往是清单/教程类，互动高可能是内容类型而非数字本身
      盲区: 相关性不等于因果，在标题加数字不一定提升互动
  [● high] 在粉丝 <1 万的小号中，有 2 条帖子进入 Top 20，说明内容本身驱动了互动
      盲区: 小号可能是大号的小号（矩阵账号），粉丝量不完全反映账号实力

Top 5 热帖:
  1. 怒花几千块！oliveyoung必买清单大总结 [大号]
     互动分 405,041 | 赞 60,872 藏 51,966
  2. 怒花几千块！oliveyoung必买清单大总结 [大号]
     互动分 403,215 | 赞 61,000 藏 52,000
  3. 抓了真ins博主说说国内不知道的韩女真爱！ [大号]
     互动分 362,227 | 赞 96,000 藏 74,000
  4. 如果你打算去一趟韩国变美能省下20000块… [大号]
     互动分 346,560 | 赞 48,000 藏 53,000
  5. 🇰🇷ins博主8个素颜妆技巧‼️越淡越美真简单 [大号]
     互动分 244,541 | 赞 75,000 藏 50,000

假流量: 11 条可疑

局限性:
  - 仅 1168 条笔记，统计显著性不足
  - 数据来自搜索 API，受平台排序算法影响

输出: /opt/mediacrawler/analysis/briefings/2026-03-07.json

Slack notified

=== Pipeline Complete ===
