=== XHS Crawl: Task 4 — 趋势发现 ===
Time: 2026-03-01 06:00 CST
Keywords: 护肤成分趋势,爆款护肤品,新品护肤

--- Cookie pre-check ---
=== XHS Cookie Check ===
Time: 2026-03-01 06:00 CST
Cookie status: EXPIRED
Cookie expired or invalid
Slack notification sent
ABORT: Cookie expired, cannot crawl
=== XHS Crawl: Task 1 — 内容灵感 ===
Time: 2026-03-03 06:00 CST
Account: A
Keywords (this run): 韩国美妆教程,韩国护肤,韩国零食
Full pool: 韩国护肤,韩国好物,韩国美妆教程,韩国零食,韩国代购
Pages: 1, Top-N: 10
Sort: time_descending, Time window: 30d

Random delay: 1534s (~25min)

Notes before: 167

--- Syncing crawl script ---

--- Running two-tier crawl ---
ERROR: Account "A" has no cookie
ERROR: Crawl failed (exit 2)
=== XHS Crawl: Task 2 — 选品情报 ===
Time: 2026-03-04 06:00 CST
Account: B
Keywords (this run): 水乳推荐,防晒推荐
Full pool: 水乳推荐,精华液推荐,面膜推荐,防晒推荐
Pages: 1, Top-N: 10
Sort: time_descending, Time window: 30d

Random delay: 541s (~9min)

Notes before: 167

--- Syncing crawl script ---

--- Running two-tier crawl ---
ERROR: Account "B" has no cookie
ERROR: Crawl failed (exit 2)
=== XHS Crawl: Task 3 — 竞品监控 ===
Time: 2026-03-05 06:00 CST
Account: B
Keywords (this run): 韩国代购店铺,韩国护肤代购,SKIN1004测评
Full pool: COSRX测评,SOME BY MI测评,SKIN1004测评,ANUA测评,ROUND LAB测评,韩国代购店铺,oliveyoung代购,韩国护肤代购
Pages: 1, Top-N: 10
Sort: time_descending, Time window: 30d

Random delay: 1358s (~22min)

Notes before: 167

--- Syncing crawl script ---

--- Running two-tier crawl ---
ERROR: Account "B" has no cookie
ERROR: Crawl failed (exit 2)
=== XHS Crawl: Task 1 — 内容灵感 ===
Time: 2026-03-06 06:00 CST
Account: A
Keywords (this run): 韩国零食,韩国美妆教程,韩国好物
Full pool: 韩国护肤,韩国好物,韩国美妆教程,韩国零食,韩国代购
Pages: 1, Top-N: 10
Sort: time_descending, Time window: 30d

Random delay: 1850s (~30min)

Notes before: 167

--- Syncing crawl script ---

--- Running two-tier crawl ---
ERROR: Account "A" has no cookie
ERROR: Crawl failed (exit 2)
