Lock acquired: lane=platform agent=EMP_0014 task=unknown timeout=20m
ask=unknown timeout=20m
[context] Layer 3 semantic search for EMP_0014 (skipping full lessons)
<<<AGENT_START EMP_0014>>>
## 任务完成 ✅

### 产出清单

| 文件 | 变更 |
|------|------|
| `data/data_catalog.yaml` | **重构**：新增 `metrics:` 指标注册表（8 个唯一口径），所有 21 个数据集增加 `layer` 字段，四层明确划分 |
| `data/schemas/xhs_metrics.yaml` | **新建**：指标机器可读定义（含权重、阈值、精度、输入字段映射） |
| `data/schemas/xhs_clean_notes.yaml` | **新建**：clean 层输出 schema（26 字段 + 去重规则 + 输出约定） |
| `data/schemas/xhs_analysis_viral.yaml` | **新建**：analysis 层输出 schema（完整 JSON 结构定义） |
| `data/pipelines/xhs-clean.py` | **新建**：Layer 2 清洗管道脚本，端到端验证 1168 条笔记通过 |
| `data/tools/catalog.py` | **增强**：+5 个新函数（get_metric / list_metrics / get_layer_datasets / get_lineage / list_datasets(layer=)） |

### 四层分布

```
raw(11) → clean(2) → analysis(4) → report(3)
```

### 指标唯一口径（8 个）

| 指标 | 公式 | 代码实现 |
|------|------|----------|
| interaction_score | liked + collected×3 + comment×5 + shared×8 | metrics.py |
| engage_rate | comment / liked × 100 | metrics.py |
| save_rate | collected / liked × 100 | metrics.py |
| share_rate | shared / liked × 100 | metrics.py |
| fake_traffic_flag | liked>1000 AND (评赞比<0.2% OR 藏赞比<5%) | metrics.py |
| keyword_competition | 蓝海/红海/待观察 三档判定 | metrics.py |
| parse_count | 万→×10000, 亿→×100000000 | metrics.py |
| focus_rate | 1 - (dismissed / total) | weekly_report.py |

### 遗留项（已记入 backlog）

- `clean_xhs_notes` 目前 status: planned，需集成到 xhs-analyze.sh 流程
- 5 个 XHS 脚本仍有 `parse_count` 重复定义（阿里云运行环境限制，需渐进迁移）
Lock released: lane=platform agent=EMP_0014
[context] Layer 3 semantic search for EMP_0014 (skipping full lessons)
<<<AGENT_START EMP_0014>>>
修复完成。现在执行收工流程。

## 验证总结

**加工层标准化任务已于 2026-03-11 完成，本次为验证巡检 + 小修。**

### 产出清单（全部验证通过 ✅）

| 产出 | 状态 | 说明 |
|------|------|------|
| `data_catalog.yaml` 四层结构 | ✅ | raw(11) → clean(2) → analysis(4) → report(3), 8 指标唯一口径 |
| `data/schemas/xhs_metrics.yaml` | ✅ | 机器可读指标定义，7 个 XHS 指标 + 1 个 Radar 指标 |
| `data/schemas/xhs_clean_notes.yaml` | ✅ | Clean 层输出 schema，20 个字段 |
| `data/schemas/xhs_analysis_viral.yaml` | ✅ | Analysis 层输出 schema |
| `data/pipelines/xhs-clean.py` | ✅ | 清洗管道，内联指标与 metrics.py 一致 |
| `data/tools/metrics.py` | ✅ | 7 函数全部验证通过 |
| `data/tools/catalog.py` | ✅ | layer 查询 + 指标查询 + 血缘追踪（本次修复去重 bug） |

### 本次修复
- `catalog.py::get_lineage()` DAG 去重 — 之前在 DAG 图中会重复访问已遍历节点，导致血缘链有重复项

### 待下一步（不属于本任务）
- `clean_xhs_notes` 状态仍为 `planned`，需集成到 `xhs-analyze.sh` 流程
- 5 个阿里云脚本的 `parse_count` 重复实现待逐步迁移到 `metrics.py`

收工流程 — long_term.md 已有 lesson（2026-03-11），backlog 已标 `[x]`，无需重复写入。
Lock released: lane=platform agent=EMP_0014
