Lock acquired: lane=platform agent=EMP_0002 task=unknown timeout=20m
[context] Layer 3 semantic search for EMP_0002 (skipping full lessons)
<<<AGENT_START EMP_0002>>>
--- Round 1 / 3 ---
[verify] No modified files detected, skipping verification
## 完成汇报

**做了什么**：为 mason-hub 建立了 git worktree 工作流，让重要改动可以在独立分支上进行，避免直接修改 main。

**修改了哪些文件**：
- `scripts/worktree.sh` — 新建，worktree 统一管理工具（create/list/merge/cleanup/cleanup-all）
- `scripts/run-agent.sh` — 新增 worktree 模式集成（`USE_WORKTREE=1` 触发 + 完成后自动检测/清理）
- `.gitignore` — 添加 `.worktrees/` 排除
- `agents/EMP_0002/memory/long_term.md` — 写入 lesson
- `tasks/backlog.md` — 标记完成

**工作流说明**：
- **手动使用**：`scripts/worktree.sh create EMP_0002 my-task` → 在 worktree 中工作 → `scripts/worktree.sh merge agent/EMP_0002/my-task` → `scripts/worktree.sh cleanup agent/EMP_0002/my-task`
- **自动集成**：Dispatcher 派发任务时设置 `USE_WORKTREE=1`，agent 自动在分支上工作，完成后提示 merge 命令
- **默认关闭**：不影响现有所有 agent 的工作方式

ACTION:{"type":"task_complete","task_id":"task_EMP_0002_worktree","summary":"git worktree 工作流已建立。scripts/worktree.sh 提供 create/list/merge/cleanup 命令，run-agent.sh 支持 USE_WORKTREE=1 环境变量触发分支工作模式，默认关闭不影响现有流程。"}
/home/hangn/mason-hub/scripts/run-agent.sh: line 658: LESSONS_FILE: unbound variable
Lock released: lane=platform agent=EMP_0002
