Lock acquired: lane=platform agent=EMP_0002 task=unknown timeout=20m
[context] Layer 3 semantic search for EMP_0002 (skipping full lessons)
<<<AGENT_START EMP_0002>>>
--- Round 1 / 3 ---
[verify] No modified files detected, skipping verification
## 任务完成汇报

### 做了什么
在 GCP 上部署了 SearXNG Docker 实例，配置 `--restart always`，并启用了 JSON/CSV/RSS API 格式。

### 修改了哪些文件
- `tasks/backlog.md` — 标记 SearXNG 部署任务完成，新增 GCP 基础设施条目
- `agents/EMP_0002/memory/long_term.md` — 记录部署经验

### 部署详情
| 项目 | 值 |
|------|-----|
| 容器名 | `searxng` |
| 镜像 | `searxng/searxng:latest` |
| 端口 | **localhost:8889**（非 8888） |
| 重启策略 | `always` ✅ |
| 配置卷 | `/opt/searxng/` |
| JSON API | `http://localhost:8889/search?q=xxx&format=json` ✅ |

### ⚠️ 端口变更说明
任务指定 `localhost:8888`，但 **8888 已被 nginx 占用**（代理 SocialMesh 前端）。实际部署在 **8889**。如需严格使用 8888，需要调整 nginx 配置，请 Mason 决策。

### Insights
- Scout v2 的 `search.py` 之前 SearXNG 不可用时 fallback 到 DuckDuckGo，现在可以将 SearXNG URL 配置为 `http://localhost:8889` 作为 primary 搜索源。

ACTION:{"type":"task_complete","task_id":"searxng-deploy","summary":"SearXNG Docker 部署完成，localhost:8889，--restart always，JSON API 已启用。端口 8888 被 nginx 占用故改用 8889"}
/home/hangn/mason-hub/scripts/run-agent.sh: line 658: LESSONS_FILE: unbound variable
Lock released: lane=platform agent=EMP_0002
